stm32g4xx_ll_exti.h:1240:26:LL_EXTI_IsActiveFlag_0_31	16	static
InterruptManager.c:26:6:IM_Init	4	static
InterruptManager.c:52:6:IM_SWEEP_UPDATE_TIM_IRQHandler	4	static
InterruptManager.c:172:6:IM_BTN1_EXTI14_Handler	16	static
InterruptManager.c:197:6:IM_BTN2_EXTI15_Handler	16	static
InterruptManager.c:221:6:IM_BTN3_EXTI0_Handler	16	static
InterruptManager.c:245:6:IM_BTN4_EXTI1_Handler	16	static
InterruptManager.c:269:6:IM_ENC_EXTI2_Handler	16	static
InterruptManager.c:293:6:IM_ENC_DIRF_Handler	8	static
