stm32g4xx_ll_rng.h:359:26:LL_RNG_ReadRandData32	16	static
DisplayManager.c:58:6:DM_Init	8	static
DisplayManager.c:71:6:DM_PostInit	16	static
DisplayManager.c:88:6:DM_UpdateDisplay	24	static
DisplayManager.c:131:6:DM_ShowFuncSelectMenu	16	static
DisplayManager.c:141:6:_DrawFuncSelectMenu	16	static
DisplayManager.c:204:6:DM_ShowGainSelectMenu	16	static
DisplayManager.c:214:6:_DrawGainSelectMenu	24	static
DisplayManager.c:231:6:DM_ShowFreqSelectMenu	16	static
DisplayManager.c:241:6:_DrawFreqSelectMenu	24	static
DisplayManager.c:256:6:DM_ShowBiasSelectMenu	16	static
DisplayManager.c:266:6:_DrawBiasSelectMenu	24	static
DisplayManager.c:282:5:DM_DigitCount	16	static
DisplayManager.c:304:6:DM_RefreshBackgroundLayout	24	static
DisplayManager.c:352:6:DM_RegisterStrings	24	static
DisplayManager.c:379:5:DM_AddDigitPadding	24	static
DisplayManager.c:428:6:DM_TestScreen	40	static
