DisplayManager.c:61:6:DM_Init	8	static
DisplayManager.c:74:6:DM_PostInit	16	static
DisplayManager.c:91:6:DM_UpdateDisplay	24	static
DisplayManager.c:166:6:DM_ShowFuncSelectMenu	16	static
DisplayManager.c:176:6:_DrawFuncSelectMenu	16	static
DisplayManager.c:239:6:DM_ShowGainSelectMenu	16	static
DisplayManager.c:249:6:_DrawGainSelectMenu	24	static
DisplayManager.c:266:6:DM_ShowFreqSelectMenu	16	static
DisplayManager.c:276:6:_DrawFreqSelectMenu	24	static
DisplayManager.c:291:6:DM_ShowBiasSelectMenu	16	static
DisplayManager.c:301:6:_DrawBiasSelectMenu	32	static
DisplayManager.c:330:5:DM_DigitCount	16	static
DisplayManager.c:352:6:DM_RefreshBackgroundLayout	24	static
DisplayManager.c:401:6:DM_RegisterStrings	24	static
DisplayManager.c:428:5:DM_AddDigitPadding	24	static
DisplayManager.c:472:6:DM_TestScreen	4	static
