Archive member included to satisfy reference by file (symbol)

/home/chris/st/stm32cubeide_1.2.0/plugins/com.st.stm32cube.ide.mcu.externaltools.gnu-tools-for-stm32.7-2018-q2-update.linux64_1.0.0.201904181610/tools/bin/../lib/gcc/arm-none-eabi/7.3.1/../../../../arm-none-eabi/lib/thumb/v7e-m/fpv4-sp/hard/libc_nano.a(lib_a-errno.o)
                              Core/Src/syscalls.o (__errno)
/home/chris/st/stm32cubeide_1.2.0/plugins/com.st.stm32cube.ide.mcu.externaltools.gnu-tools-for-stm32.7-2018-q2-update.linux64_1.0.0.201904181610/tools/bin/../lib/gcc/arm-none-eabi/7.3.1/../../../../arm-none-eabi/lib/thumb/v7e-m/fpv4-sp/hard/libc_nano.a(lib_a-exit.o)
                              /home/chris/st/stm32cubeide_1.2.0/plugins/com.st.stm32cube.ide.mcu.externaltools.gnu-tools-for-stm32.7-2018-q2-update.linux64_1.0.0.201904181610/tools/bin/../lib/gcc/arm-none-eabi/7.3.1/../../../../arm-none-eabi/lib/thumb/v7e-m/fpv4-sp/hard/crt0.o (exit)
/home/chris/st/stm32cubeide_1.2.0/plugins/com.st.stm32cube.ide.mcu.externaltools.gnu-tools-for-stm32.7-2018-q2-update.linux64_1.0.0.201904181610/tools/bin/../lib/gcc/arm-none-eabi/7.3.1/../../../../arm-none-eabi/lib/thumb/v7e-m/fpv4-sp/hard/libc_nano.a(lib_a-impure.o)
                              /home/chris/st/stm32cubeide_1.2.0/plugins/com.st.stm32cube.ide.mcu.externaltools.gnu-tools-for-stm32.7-2018-q2-update.linux64_1.0.0.201904181610/tools/bin/../lib/gcc/arm-none-eabi/7.3.1/../../../../arm-none-eabi/lib/thumb/v7e-m/fpv4-sp/hard/libc_nano.a(lib_a-exit.o) (_global_impure_ptr)
/home/chris/st/stm32cubeide_1.2.0/plugins/com.st.stm32cube.ide.mcu.externaltools.gnu-tools-for-stm32.7-2018-q2-update.linux64_1.0.0.201904181610/tools/bin/../lib/gcc/arm-none-eabi/7.3.1/../../../../arm-none-eabi/lib/thumb/v7e-m/fpv4-sp/hard/libc_nano.a(lib_a-init.o)
                              /home/chris/st/stm32cubeide_1.2.0/plugins/com.st.stm32cube.ide.mcu.externaltools.gnu-tools-for-stm32.7-2018-q2-update.linux64_1.0.0.201904181610/tools/bin/../lib/gcc/arm-none-eabi/7.3.1/../../../../arm-none-eabi/lib/thumb/v7e-m/fpv4-sp/hard/crt0.o (__libc_init_array)
/home/chris/st/stm32cubeide_1.2.0/plugins/com.st.stm32cube.ide.mcu.externaltools.gnu-tools-for-stm32.7-2018-q2-update.linux64_1.0.0.201904181610/tools/bin/../lib/gcc/arm-none-eabi/7.3.1/../../../../arm-none-eabi/lib/thumb/v7e-m/fpv4-sp/hard/libc_nano.a(lib_a-memset.o)
                              /home/chris/st/stm32cubeide_1.2.0/plugins/com.st.stm32cube.ide.mcu.externaltools.gnu-tools-for-stm32.7-2018-q2-update.linux64_1.0.0.201904181610/tools/bin/../lib/gcc/arm-none-eabi/7.3.1/../../../../arm-none-eabi/lib/thumb/v7e-m/fpv4-sp/hard/crt0.o (memset)
/home/chris/st/stm32cubeide_1.2.0/plugins/com.st.stm32cube.ide.mcu.externaltools.gnu-tools-for-stm32.7-2018-q2-update.linux64_1.0.0.201904181610/tools/bin/../lib/gcc/arm-none-eabi/7.3.1/../../../../arm-none-eabi/lib/thumb/v7e-m/fpv4-sp/hard/libc_nano.a(lib_a-nano-vfprintf_float.o)
                              (_printf_float)
/home/chris/st/stm32cubeide_1.2.0/plugins/com.st.stm32cube.ide.mcu.externaltools.gnu-tools-for-stm32.7-2018-q2-update.linux64_1.0.0.201904181610/tools/bin/../lib/gcc/arm-none-eabi/7.3.1/../../../../arm-none-eabi/lib/thumb/v7e-m/fpv4-sp/hard/libc_nano.a(lib_a-nano-vfprintf_i.o)
                              /home/chris/st/stm32cubeide_1.2.0/plugins/com.st.stm32cube.ide.mcu.externaltools.gnu-tools-for-stm32.7-2018-q2-update.linux64_1.0.0.201904181610/tools/bin/../lib/gcc/arm-none-eabi/7.3.1/../../../../arm-none-eabi/lib/thumb/v7e-m/fpv4-sp/hard/libc_nano.a(lib_a-nano-vfprintf_float.o) (_printf_common)
/home/chris/st/stm32cubeide_1.2.0/plugins/com.st.stm32cube.ide.mcu.externaltools.gnu-tools-for-stm32.7-2018-q2-update.linux64_1.0.0.201904181610/tools/bin/../lib/gcc/arm-none-eabi/7.3.1/../../../../arm-none-eabi/lib/thumb/v7e-m/fpv4-sp/hard/libc_nano.a(lib_a-puts.o)
                              Core/Src/DisplayManager/DisplayManager.o (puts)
/home/chris/st/stm32cubeide_1.2.0/plugins/com.st.stm32cube.ide.mcu.externaltools.gnu-tools-for-stm32.7-2018-q2-update.linux64_1.0.0.201904181610/tools/bin/../lib/gcc/arm-none-eabi/7.3.1/../../../../arm-none-eabi/lib/thumb/v7e-m/fpv4-sp/hard/libc_nano.a(lib_a-snprintf.o)
                              Core/Src/DisplayManager/DisplayManager.o (snprintf)
/home/chris/st/stm32cubeide_1.2.0/plugins/com.st.stm32cube.ide.mcu.externaltools.gnu-tools-for-stm32.7-2018-q2-update.linux64_1.0.0.201904181610/tools/bin/../lib/gcc/arm-none-eabi/7.3.1/../../../../arm-none-eabi/lib/thumb/v7e-m/fpv4-sp/hard/libc_nano.a(lib_a-strcat.o)
                              Core/Src/DisplayManager/DisplayManager.o (strcat)
/home/chris/st/stm32cubeide_1.2.0/plugins/com.st.stm32cube.ide.mcu.externaltools.gnu-tools-for-stm32.7-2018-q2-update.linux64_1.0.0.201904181610/tools/bin/../lib/gcc/arm-none-eabi/7.3.1/../../../../arm-none-eabi/lib/thumb/v7e-m/fpv4-sp/hard/libc_nano.a(lib_a-strcmp.o)
                              ILI9341/ILI9341_TextManager.o (strcmp)
[...]
Memory Configuration

Name             Origin             Length             Attributes
RAM              0x0000000020000000 0x0000000000020000 xrw
FLASH            0x0000000008000000 0x0000000000080000 xr
*default*        0x0000000000000000 0xffffffffffffffff

Linker script and memory map

LOAD /home/chris/st/stm32cubeide_1.2.0/plugins/com.st.stm32cube.ide.mcu.externaltools.gnu-tools-for-stm32.7-2018-q2-update.linux64_1.0.0.201904181610/tools/bin/../lib/gcc/arm-none-eabi/7.3.1/thumb/v7e-m/fpv4-sp/hard/crti.o
LOAD /home/chris/st/stm32cubeide_1.2.0/plugins/com.st.stm32cube.ide.mcu.externaltools.gnu-tools-for-stm32.7-2018-q2-update.linux64_1.0.0.201904181610/tools/bin/../lib/gcc/arm-none-eabi/7.3.1/thumb/v7e-m/fpv4-sp/hard/crtbegin.o
LOAD /home/chris/st/stm32cubeide_1.2.0/plugins/com.st.stm32cube.ide.mcu.externaltools.gnu-tools-for-stm32.7-2018-q2-update.linux64_1.0.0.201904181610/tools/bin/../lib/gcc/arm-none-eabi/7.3.1/../../../../arm-none-eabi/lib/thumb/v7e-m/fpv4-sp/hard/crt0.o
LOAD Core/Src/DisplayManager/DisplayManager.o
LOAD Core/Src/DisplayManager/FreqMenus.o
LOAD Core/Src/EventManager/EventManager.o
LOAD Core/Src/SIgnalManager/BiasOutput.o
LOAD Core/Src/SIgnalManager/DacTimerRegistry.o
LOAD Core/Src/SIgnalManager/FreqOutput.o
LOAD Core/Src/SIgnalManager/FunctionOutput.o
LOAD Core/Src/SIgnalManager/GainOutput.o
LOAD Core/Src/SIgnalManager/SignalManager.o
LOAD Core/Src/adc.o
LOAD Core/Src/comp.o
LOAD Core/Src/dac.o
LOAD Core/Src/dma.o
LOAD Core/Src/funcgen.o
LOAD Core/Src/gpio.o
LOAD Core/Src/main.o
LOAD Core/Src/rng.o
LOAD Core/Src/spi.o
LOAD Core/Src/stm32g4xx_hal_msp.o
LOAD Core/Src/stm32g4xx_it.o
LOAD Core/Src/syscalls.o
LOAD Core/Src/sysmem.o
LOAD Core/Src/system_stm32g4xx.o
LOAD Core/Src/tim.o
LOAD Core/Startup/startup_stm32g474retx.o
LOAD Drivers/STM32G4xx_HAL_Driver/Src/stm32g4xx_hal.o
LOAD Drivers/STM32G4xx_HAL_Driver/Src/stm32g4xx_hal_adc.o
LOAD Drivers/STM32G4xx_HAL_Driver/Src/stm32g4xx_hal_adc_ex.o
LOAD Drivers/STM32G4xx_HAL_Driver/Src/stm32g4xx_hal_comp.o
LOAD Drivers/STM32G4xx_HAL_Driver/Src/stm32g4xx_hal_cortex.o
LOAD Drivers/STM32G4xx_HAL_Driver/Src/stm32g4xx_hal_dac.o
LOAD Drivers/STM32G4xx_HAL_Driver/Src/stm32g4xx_hal_dac_ex.o
LOAD Drivers/STM32G4xx_HAL_Driver/Src/stm32g4xx_hal_dma.o
LOAD Drivers/STM32G4xx_HAL_Driver/Src/stm32g4xx_hal_dma_ex.o
LOAD Drivers/STM32G4xx_HAL_Driver/Src/stm32g4xx_hal_exti.o
LOAD Drivers/STM32G4xx_HAL_Driver/Src/stm32g4xx_hal_flash.o
LOAD Drivers/STM32G4xx_HAL_Driver/Src/stm32g4xx_hal_flash_ex.o
LOAD Drivers/STM32G4xx_HAL_Driver/Src/stm32g4xx_hal_flash_ramfunc.o
LOAD Drivers/STM32G4xx_HAL_Driver/Src/stm32g4xx_hal_gpio.o
LOAD Drivers/STM32G4xx_HAL_Driver/Src/stm32g4xx_hal_pwr.o
LOAD Drivers/STM32G4xx_HAL_Driver/Src/stm32g4xx_hal_pwr_ex.o
LOAD Drivers/STM32G4xx_HAL_Driver/Src/stm32g4xx_hal_rcc.o
LOAD Drivers/STM32G4xx_HAL_Driver/Src/stm32g4xx_hal_rcc_ex.o
LOAD Drivers/STM32G4xx_HAL_Driver/Src/stm32g4xx_hal_spi.o
LOAD Drivers/STM32G4xx_HAL_Driver/Src/stm32g4xx_hal_spi_ex.o
LOAD Drivers/STM32G4xx_HAL_Driver/Src/stm32g4xx_hal_tim.o
LOAD Drivers/STM32G4xx_HAL_Driver/Src/stm32g4xx_hal_tim_ex.o
LOAD Drivers/STM32G4xx_HAL_Driver/Src/stm32g4xx_ll_adc.o
LOAD Drivers/STM32G4xx_HAL_Driver/Src/stm32g4xx_ll_exti.o
LOAD Drivers/STM32G4xx_HAL_Driver/Src/stm32g4xx_ll_gpio.o
LOAD Drivers/STM32G4xx_HAL_Driver/Src/stm32g4xx_ll_pwr.o
LOAD Drivers/STM32G4xx_HAL_Driver/Src/stm32g4xx_ll_rng.o
LOAD Drivers/STM32G4xx_HAL_Driver/Src/stm32g4xx_ll_utils.o
LOAD ILI9341/ILI9341_GFX.o
LOAD ILI9341/ILI9341_STM32_Driver.o
LOAD ILI9341/ILI9341_TextManager.o
LOAD LogSequenceGeneration/fade_lin_seq.o
LOAD LogSequenceGeneration/fade_log_seq.o
LOAD WaveTableGeneration/pysaw.o
LOAD WaveTableGeneration/pysaw_rev.o
LOAD WaveTableGeneration/pysine.o
LOAD WaveTableGeneration/pysquare.o
LOAD WaveTableGeneration/pytriangle.o
LOAD WaveTableGeneration/pyunitimpulse.o
START GROUP
LOAD /home/chris/st/stm32cubeide_1.2.0/plugins/com.st.stm32cube.ide.mcu.externaltools.gnu-tools-for-stm32.7-2018-q2-update.linux64_1.0.0.201904181610/tools/bin/../lib/gcc/arm-none-eabi/7.3.1/../../../../arm-none-eabi/lib/thumb/v7e-m/fpv4-sp/hard/libc_nano.a
LOAD /home/chris/st/stm32cubeide_1.2.0/plugins/com.st.stm32cube.ide.mcu.externaltools.gnu-tools-for-stm32.7-2018-q2-update.linux64_1.0.0.201904181610/tools/bin/../lib/gcc/arm-none-eabi/7.3.1/../../../../arm-none-eabi/lib/thumb/v7e-m/fpv4-sp/hard/libm.a
END GROUP
START GROUP
LOAD /home/chris/st/stm32cubeide_1.2.0/plugins/com.st.stm32cube.ide.mcu.externaltools.gnu-tools-for-stm32.7-2018-q2-update.linux64_1.0.0.201904181610/tools/bin/../lib/gcc/arm-none-eabi/7.3.1/thumb/v7e-m/fpv4-sp/hard/libgcc.a
LOAD /home/chris/st/stm32cubeide_1.2.0/plugins/com.st.stm32cube.ide.mcu.externaltools.gnu-tools-for-stm32.7-2018-q2-update.linux64_1.0.0.201904181610/tools/bin/../lib/gcc/arm-none-eabi/7.3.1/../../../../arm-none-eabi/lib/thumb/v7e-m/fpv4-sp/hard/libc_nano.a
END GROUP
START GROUP
LOAD /home/chris/st/stm32cubeide_1.2.0/plugins/com.st.stm32cube.ide.mcu.externaltools.gnu-tools-for-stm32.7-2018-q2-update.linux64_1.0.0.201904181610/tools/bin/../lib/gcc/arm-none-eabi/7.3.1/thumb/v7e-m/fpv4-sp/hard/libgcc.a
LOAD /home/chris/st/stm32cubeide_1.2.0/plugins/com.st.stm32cube.ide.mcu.externaltools.gnu-tools-for-stm32.7-2018-q2-update.linux64_1.0.0.201904181610/tools/bin/../lib/gcc/arm-none-eabi/7.3.1/../../../../arm-none-eabi/lib/thumb/v7e-m/fpv4-sp/hard/libc_nano.a
LOAD /home/chris/st/stm32cubeide_1.2.0/plugins/com.st.stm32cube.ide.mcu.externaltools.gnu-tools-for-stm32.7-2018-q2-update.linux64_1.0.0.201904181610/tools/bin/../lib/gcc/arm-none-eabi/7.3.1/../../../../arm-none-eabi/lib/thumb/v7e-m/fpv4-sp/hard/libnosys.a
END GROUP
START GROUP
LOAD /home/chris/st/stm32cubeide_1.2.0/plugins/com.st.stm32cube.ide.mcu.externaltools.gnu-tools-for-stm32.7-2018-q2-update.linux64_1.0.0.201904181610/tools/bin/../lib/gcc/arm-none-eabi/7.3.1/thumb/v7e-m/fpv4-sp/hard/libgcc.a
LOAD /home/chris/st/stm32cubeide_1.2.0/plugins/com.st.stm32cube.ide.mcu.externaltools.gnu-tools-for-stm32.7-2018-q2-update.linux64_1.0.0.201904181610/tools/bin/../lib/gcc/arm-none-eabi/7.3.1/../../../../arm-none-eabi/lib/thumb/v7e-m/fpv4-sp/hard/libc_nano.a
LOAD /home/chris/st/stm32cubeide_1.2.0/plugins/com.st.stm32cube.ide.mcu.externaltools.gnu-tools-for-stm32.7-2018-q2-update.linux64_1.0.0.201904181610/tools/bin/../lib/gcc/arm-none-eabi/7.3.1/../../../../arm-none-eabi/lib/thumb/v7e-m/fpv4-sp/hard/libnosys.a
END GROUP
LOAD /home/chris/st/stm32cubeide_1.2.0/plugins/com.st.stm32cube.ide.mcu.externaltools.gnu-tools-for-stm32.7-2018-q2-update.linux64_1.0.0.201904181610/tools/bin/../lib/gcc/arm-none-eabi/7.3.1/thumb/v7e-m/fpv4-sp/hard/crtend.o
LOAD /home/chris/st/stm32cubeide_1.2.0/plugins/com.st.stm32cube.ide.mcu.externaltools.gnu-tools-for-stm32.7-2018-q2-update.linux64_1.0.0.201904181610/tools/bin/../lib/gcc/arm-none-eabi/7.3.1/thumb/v7e-m/fpv4-sp/hard/crtn.o
                0x0000000020020000                _estack = (ORIGIN (RAM) + LENGTH (RAM))
                0x0000000000000200                _Min_Heap_Size = 0x200
                0x0000000000000400                _Min_Stack_Size = 0x400

.isr_vector     0x0000000008000000      0x1d8
                0x0000000008000000                . = ALIGN (0x4)
 *(.isr_vector)
 .isr_vector    0x0000000008000000      0x1d8 Core/Startup/startup_stm32g474retx.o
                0x0000000008000000                g_pfnVectors
                0x00000000080001d8                . = ALIGN (0x4)

.text           0x00000000080001e0     0xe748
                0x00000000080001e0                . = ALIGN (0x4)
 *(.text)
 .text          0x00000000080001e0       0x40 /home/chris/st/stm32cubeide_1.2.0/plugins/com.st.stm32cube.ide.mcu.externaltools.gnu-tools-for-stm32.7-2018-q2-update.linux64_1.0.0.201904181610/tools/bin/../lib/gcc/arm-none-eabi/7.3.1/thumb/v7e-m/fpv4-sp/hard/crtbegin.o
 .text          0x0000000008000220       0x10 /home/chris/st/stm32cubeide_1.2.0/plugins/com.st.stm32cube.ide.mcu.externaltools.gnu-tools-for-stm32.7-2018-q2-update.linux64_1.0.0.201904181610/tools/bin/../lib/gcc/arm-none-eabi/7.3.1/../../../../arm-none-eabi/lib/thumb/v7e-m/fpv4-sp/hard/libc_nano.a(lib_a-strlen.o)
                0x0000000008000220                strlen
 .text          0x0000000008000230       0xa0 /home/chris/st/stm32cubeide_1.2.0/plugins/com.st.stm32cube.ide.mcu.externaltools.gnu-tools-for-stm32.7-2018-q2-update.linux64_1.0.0.201904181610/tools/bin/../lib/gcc/arm-none-eabi/7.3.1/../../../../arm-none-eabi/lib/thumb/v7e-m/fpv4-sp/hard/libc_nano.a(lib_a-memchr.o)
                0x0000000008000230                memchr
 .text          0x00000000080002d0      0x378 /home/chris/st/stm32cubeide_1.2.0/plugins/com.st.stm32cube.ide.mcu.externaltools.gnu-tools-for-stm32.7-2018-q2-update.linux64_1.0.0.201904181610/tools/bin/../lib/gcc/arm-none-eabi/7.3.1/thumb/v7e-m/fpv4-sp/hard/libgcc.a(_arm_addsubdf3.o)
                0x00000000080002d0                __aeabi_drsub
                0x00000000080002d8                __aeabi_dsub
                0x00000000080002d8                __subdf3
                0x00000000080002dc                __adddf3
                0x00000000080002dc                __aeabi_dadd
                0x0000000008000554                __aeabi_ui2d
                0x0000000008000554                __floatunsidf
                0x0000000008000574                __floatsidf
                0x0000000008000574                __aeabi_i2d
                0x0000000008000598                __extendsfdf2
                0x0000000008000598                __aeabi_f2d
                0x00000000080005dc                __aeabi_ul2d
                0x00000000080005dc                __floatundidf
                0x00000000080005ec                __floatdidf
                0x00000000080005ec                __aeabi_l2d
 .text          0x0000000008000648      0x424 /home/chris/st/stm32cubeide_1.2.0/plugins/com.st.stm32cube.ide.mcu.externaltools.gnu-tools-for-stm32.7-2018-q2-update.linux64_1.0.0.201904181610/tools/bin/../lib/gcc/arm-none-eabi/7.3.1/thumb/v7e-m/fpv4-sp/hard/libgcc.a(_arm_muldivdf3.o)
                0x0000000008000648                __aeabi_dmul
                0x0000000008000648                __muldf3
                0x000000000800089c                __aeabi_ddiv
                0x000000000800089c                __divdf3
 .text          0x0000000008000a6c      0x110 /home/chris/st/stm32cubeide_1.2.0/plugins/com.st.stm32cube.ide.mcu.externaltools.gnu-tools-for-stm32.7-2018-q2-update.linux64_1.0.0.201904181610/tools/bin/../lib/gcc/arm-none-eabi/7.3.1/thumb/v7e-m/fpv4-sp/hard/libgcc.a(_arm_cmpdf2.o)
                0x0000000008000a6c                __gtdf2
                0x0000000008000a6c                __gedf2
                0x0000000008000a74                __ltdf2
                0x0000000008000a74                __ledf2
                0x0000000008000a7c                __cmpdf2
                0x0000000008000a7c                __eqdf2
                0x0000000008000a7c                __nedf2
                0x0000000008000af8                __aeabi_cdrcmple
                0x0000000008000b08                __aeabi_cdcmple
                0x0000000008000b08                __aeabi_cdcmpeq
                0x0000000008000b18                __aeabi_dcmpeq
                0x0000000008000b2c                __aeabi_dcmplt
                0x0000000008000b40                __aeabi_dcmple
                0x0000000008000b54                __aeabi_dcmpge
                0x0000000008000b68                __aeabi_dcmpgt
 .text          0x0000000008000b7c       0x2c /home/chris/st/stm32cubeide_1.2.0/plugins/com.st.stm32cube.ide.mcu.externaltools.gnu-tools-for-stm32.7-2018-q2-update.linux64_1.0.0.201904181610/tools/bin/../lib/gcc/arm-none-eabi/7.3.1/thumb/v7e-m/fpv4-sp/hard/libgcc.a(_arm_unorddf2.o)
                0x0000000008000b7c                __aeabi_dcmpun
                0x0000000008000b7c                __unorddf2
 .text          0x0000000008000ba8       0x50 /home/chris/st/stm32cubeide_1.2.0/plugins/com.st.stm32cube.ide.mcu.externaltools.gnu-tools-for-stm32.7-2018-q2-update.linux64_1.0.0.201904181610/tools/bin/../lib/gcc/arm-none-eabi/7.3.1/thumb/v7e-m/fpv4-sp/hard/libgcc.a(_arm_fixdfsi.o)
                0x0000000008000ba8                __fixdfsi
                0x0000000008000ba8                __aeabi_d2iz
 .text          0x0000000008000bf8       0x40 /home/chris/st/stm32cubeide_1.2.0/plugins/com.st.stm32cube.ide.mcu.externaltools.gnu-tools-for-stm32.7-2018-q2-update.linux64_1.0.0.201904181610/tools/bin/../lib/gcc/arm-none-eabi/7.3.1/thumb/v7e-m/fpv4-sp/hard/libgcc.a(_arm_fixunsdfsi.o)
                0x0000000008000bf8                __fixunsdfsi
                0x0000000008000bf8                __aeabi_d2uiz
 *(.text*)
 .text.DM_Init  0x0000000008000c38       0x1a Core/Src/DisplayManager/DisplayManager.o
                0x0000000008000c38                DM_Init
 *fill*         0x0000000008000c52        0x2 
 .text.DM_PostInit
                0x0000000008000c54       0x3c Core/Src/DisplayManager/DisplayManager.o
                0x0000000008000c54                DM_PostInit
 .text.DM_DisplayFormattedOutput
                0x0000000008000c90      0x1ec Core/Src/DisplayManager/DisplayManager.o
                0x0000000008000c90                DM_DisplayFormattedOutput
 .text.DM_UpdateDisplay
                0x0000000008000e7c      0x180 Core/Src/DisplayManager/DisplayManager.o
                0x0000000008000e7c                DM_UpdateDisplay
 .text.DM_ShowFuncSelectMenu
                0x0000000008000ffc       0x20 Core/Src/DisplayManager/DisplayManager.o
                0x0000000008000ffc                DM_ShowFuncSelectMenu
 .text._DrawFuncSelectMenu
                0x000000000800101c      0x3b8 Core/Src/DisplayManager/DisplayManager.o
                0x000000000800101c                _DrawFuncSelectMenu
 .text.DM_ShowGainSelectMenu
                0x00000000080013d4       0x20 Core/Src/DisplayManager/DisplayManager.o
                0x00000000080013d4                DM_ShowGainSelectMenu
 .text._DrawGainSelectMenu
                0x00000000080013f4       0x28 Core/Src/DisplayManager/DisplayManager.o
                0x00000000080013f4                _DrawGainSelectMenu
 .text.DM_ShowFreqMenu
                0x000000000800141c       0x20 Core/Src/DisplayManager/DisplayManager.o
                0x000000000800141c                DM_ShowFreqMenu
 .text.DM_ShowBiasSelectMenu
                0x000000000800143c       0x20 Core/Src/DisplayManager/DisplayManager.o
                0x000000000800143c                DM_ShowBiasSelectMenu
 .text._DrawBiasSelectMenu
                0x000000000800145c       0x28 Core/Src/DisplayManager/DisplayManager.o
                0x000000000800145c                _DrawBiasSelectMenu
 .text.DM_DigitCount
                0x0000000008001484       0x54 Core/Src/DisplayManager/DisplayManager.o
                0x0000000008001484                DM_DigitCount
 .text.DM_RefreshBackgroundLayout
                0x00000000080014d8       0x84 Core/Src/DisplayManager/DisplayManager.o
                0x00000000080014d8                DM_RefreshBackgroundLayout
 .text.DM_AddDigitPadding
                0x000000000800155c       0xe8 Core/Src/DisplayManager/DisplayManager.o
                0x000000000800155c                DM_AddDigitPadding
 .text.DM_SetErrorDebugMsg
                0x0000000008001644       0x24 Core/Src/DisplayManager/DisplayManager.o
                0x0000000008001644                DM_SetErrorDebugMsg
 .text.FreqMenu_DrawFreqMainMenu
                0x0000000008001668       0x74 Core/Src/DisplayManager/FreqMenus.o
                0x0000000008001668                FreqMenu_DrawFreqMainMenu
 .text.FreqMenu_DrawFreqPresetMenu
                0x00000000080016dc     0x150c Core/Src/DisplayManager/FreqMenus.o
                0x00000000080016dc                FreqMenu_DrawFreqPresetMenu
 .text.FreqMenu_DrawFreqAdjustMenu
                0x0000000008002be8       0x60 Core/Src/DisplayManager/FreqMenus.o
                0x0000000008002be8                FreqMenu_DrawFreqAdjustMenu
 .text.FreqMenu_DrawFreqSweepMenu
                0x0000000008002c48       0x28 Core/Src/DisplayManager/FreqMenus.o
                0x0000000008002c48                FreqMenu_DrawFreqSweepMenu
 .text.EM_ProcessEvent
                0x0000000008002c70      0x324 Core/Src/EventManager/EventManager.o
                0x0000000008002c70                EM_ProcessEvent
 .text._FuncMenuEntryHandler
                0x0000000008002f94       0x54 Core/Src/EventManager/EventManager.o
                0x0000000008002f94                _FuncMenuEntryHandler
 .text._FuncMenuInputHandler
                0x0000000008002fe8       0x2c Core/Src/EventManager/EventManager.o
                0x0000000008002fe8                _FuncMenuInputHandler
 .text._FuncMenuExitHandler
                0x0000000008003014       0x34 Core/Src/EventManager/EventManager.o
                0x0000000008003014                _FuncMenuExitHandler
 .text._GainMenuEntryHandler
                0x0000000008003048       0x54 Core/Src/EventManager/EventManager.o
                0x0000000008003048                _GainMenuEntryHandler
 .text._GainMenuInputHandler
                0x000000000800309c       0x2c Core/Src/EventManager/EventManager.o
                0x000000000800309c                _GainMenuInputHandler
 .text._GainMenuExitHandler
                0x00000000080030c8       0x38 Core/Src/EventManager/EventManager.o
                0x00000000080030c8                _GainMenuExitHandler
 .text._BiasMenuEntryHandler
                0x0000000008003100       0x40 Core/Src/EventManager/EventManager.o
                0x0000000008003100                _BiasMenuEntryHandler
 .text._BiasMenuInputHandler
                0x0000000008003140       0x2c Core/Src/EventManager/EventManager.o
                0x0000000008003140                _BiasMenuInputHandler
 .text._BiasMenuExitHandler
                0x000000000800316c       0x28 Core/Src/EventManager/EventManager.o
                0x000000000800316c                _BiasMenuExitHandler
 .text._FreqMainMenuEntryHandler
                0x0000000008003194       0x28 Core/Src/EventManager/EventManager.o
                0x0000000008003194                _FreqMainMenuEntryHandler
 .text._FreqMainMenuExitHandler
                0x00000000080031bc       0x34 Core/Src/EventManager/EventManager.o
                0x00000000080031bc                _FreqMainMenuExitHandler
 .text._FreqPresetMenuEntryHandler
                0x00000000080031f0       0x60 Core/Src/EventManager/EventManager.o
                0x00000000080031f0                _FreqPresetMenuEntryHandler
 .text._FreqPresetMenuInputHandler
                0x0000000008003250       0x2c Core/Src/EventManager/EventManager.o
                0x0000000008003250                _FreqPresetMenuInputHandler
 .text._FreqPresetMenuExitHandler
                0x000000000800327c       0x24 Core/Src/EventManager/EventManager.o
                0x000000000800327c                _FreqPresetMenuExitHandler
 .text._FreqAdjustMenuEntryHandler
                0x00000000080032a0       0x40 Core/Src/EventManager/EventManager.o
                0x00000000080032a0                _FreqAdjustMenuEntryHandler
 .text._FreqAdjustMenuInputHandler
                0x00000000080032e0       0x24 Core/Src/EventManager/EventManager.o
                0x00000000080032e0                _FreqAdjustMenuInputHandler
 .text._FreqAdjustMenuExitHandler
                0x0000000008003304       0x24 Core/Src/EventManager/EventManager.o
                0x0000000008003304                _FreqAdjustMenuExitHandler
 .text._FreqSweepMenuEntryHandler
                0x0000000008003328       0x38 Core/Src/EventManager/EventManager.o
                0x0000000008003328                _FreqSweepMenuEntryHandler
 .text._FreqSweepMenuExitHandler
                0x0000000008003360       0x24 Core/Src/EventManager/EventManager.o
                0x0000000008003360                _FreqSweepMenuExitHandler
 .text.EM_SetNewEvent
                0x0000000008003384       0x20 Core/Src/EventManager/EventManager.o
                0x0000000008003384                EM_SetNewEvent
 .text._RefreshDisplay
                0x00000000080033a4       0x1c Core/Src/EventManager/EventManager.o
                0x00000000080033a4                _RefreshDisplay
 .text.BO_GetBiasPolarity
                0x00000000080033c0       0x18 Core/Src/SIgnalManager/BiasOutput.o
                0x00000000080033c0                BO_GetBiasPolarity
 .text.BO_GetDcBiasEncoderValue
                0x00000000080033d8       0x18 Core/Src/SIgnalManager/BiasOutput.o
                0x00000000080033d8                BO_GetDcBiasEncoderValue
 .text.BO_ModifyOutput
                0x00000000080033f0       0x90 Core/Src/SIgnalManager/BiasOutput.o
                0x00000000080033f0                BO_ModifyOutput
 .text.BO_GetOutputBias
                0x0000000008003480       0x18 Core/Src/SIgnalManager/BiasOutput.o
                0x0000000008003480                BO_GetOutputBias
 .text.DT_InitRegister
                0x0000000008003498      0x100 Core/Src/SIgnalManager/DacTimerRegistry.o
                0x0000000008003498                DT_InitRegister
 .text.DT_GetRegisterByEnum
                0x0000000008003598       0x54 Core/Src/SIgnalManager/DacTimerRegistry.o
                0x0000000008003598                DT_GetRegisterByEnum
 .text.FreqO_AdjustFreq
                0x00000000080035ec       0x1c Core/Src/SIgnalManager/FreqOutput.o
                0x00000000080035ec                FreqO_AdjustFreq
 .text.FreqO_ModifyOutput
                0x0000000008003608      0x18c Core/Src/SIgnalManager/FreqOutput.o
                0x0000000008003608                FreqO_ModifyOutput
 .text.FreqO_ApplyPreset
                0x0000000008003794       0x58 Core/Src/SIgnalManager/FreqOutput.o
                0x0000000008003794                FreqO_ApplyPreset
 .text.FreqO_GetFPresetObject
                0x00000000080037ec       0x18 Core/Src/SIgnalManager/FreqOutput.o
                0x00000000080037ec                FreqO_GetFPresetObject
 .text.FreqO_FindFPresetObject
                0x0000000008003804       0x4c Core/Src/SIgnalManager/FreqOutput.o
                0x0000000008003804                FreqO_FindFPresetObject
 .text.FreqO_GetFreqPresetEncoderRange
                0x0000000008003850       0x18 Core/Src/SIgnalManager/FreqOutput.o
                0x0000000008003850                FreqO_GetFreqPresetEncoderRange
 .text.FreqO_GetOutputFreq
                0x0000000008003868       0x18 Core/Src/SIgnalManager/FreqOutput.o
                0x0000000008003868                FreqO_GetOutputFreq
 .text.FuncO_Init
                0x0000000008003880       0x3c Core/Src/SIgnalManager/FunctionOutput.o
                0x0000000008003880                FuncO_Init
 .text.FuncO_ModifyOutput
                0x00000000080038bc       0xb0 Core/Src/SIgnalManager/FunctionOutput.o
                0x00000000080038bc                FuncO_ModifyOutput
 .text.FuncO_ApplyPreset_Fast
                0x000000000800396c      0x128 Core/Src/SIgnalManager/FunctionOutput.o
                0x000000000800396c                FuncO_ApplyPreset_Fast
 .text.FuncO_GetFPresetObject
                0x0000000008003a94       0x18 Core/Src/SIgnalManager/FunctionOutput.o
                0x0000000008003a94                FuncO_GetFPresetObject
 .text.FuncO_GetFuncPresetEncoderRange
                0x0000000008003aac       0x18 Core/Src/SIgnalManager/FunctionOutput.o
                0x0000000008003aac                FuncO_GetFuncPresetEncoderRange
 .text.GO_ModifyOutput
                0x0000000008003ac4       0xdc Core/Src/SIgnalManager/GainOutput.o
                0x0000000008003ac4                GO_ModifyOutput
 .text.GO_ApplyPreset_Fast
                0x0000000008003ba0      0x19c Core/Src/SIgnalManager/GainOutput.o
                0x0000000008003ba0                GO_ApplyPreset_Fast
 .text.GO_GetGPresetObject
                0x0000000008003d3c       0x18 Core/Src/SIgnalManager/GainOutput.o
                0x0000000008003d3c                GO_GetGPresetObject
 .text.GO_GetGainPresetEncoderRange
                0x0000000008003d54       0x18 Core/Src/SIgnalManager/GainOutput.o
                0x0000000008003d54                GO_GetGainPresetEncoderRange
 .text.SM_GetEncoderValue
                0x0000000008003d6c       0x38 Core/Src/SIgnalManager/SignalManager.o
                0x0000000008003d6c                SM_GetEncoderValue
 .text.SM_GetOutputInHertz
                0x0000000008003da4       0x88 Core/Src/SIgnalManager/SignalManager.o
                0x0000000008003da4                SM_GetOutputInHertz
 .text.MX_ADC1_Init
                0x0000000008003e2c       0xf0 Core/Src/adc.o
                0x0000000008003e2c                MX_ADC1_Init
 .text.HAL_ADC_MspInit
                0x0000000008003f1c       0xd8 Core/Src/adc.o
                0x0000000008003f1c                HAL_ADC_MspInit
 .text.MX_COMP1_Init
                0x0000000008003ff4       0x50 Core/Src/comp.o
                0x0000000008003ff4                MX_COMP1_Init
 .text.HAL_COMP_MspInit
                0x0000000008004044       0x64 Core/Src/comp.o
                0x0000000008004044                HAL_COMP_MspInit
 .text.MX_DAC1_Init
                0x00000000080040a8       0x94 Core/Src/dac.o
                0x00000000080040a8                MX_DAC1_Init
 .text.MX_DAC2_Init
                0x000000000800413c       0x74 Core/Src/dac.o
                0x000000000800413c                MX_DAC2_Init
 .text.HAL_DAC_MspInit
                0x00000000080041b0      0x194 Core/Src/dac.o
                0x00000000080041b0                HAL_DAC_MspInit
 .text.MX_DMA_Init
                0x0000000008004344       0x74 Core/Src/dma.o
                0x0000000008004344                MX_DMA_Init
 .text.update_dc_bias_sweep
                0x00000000080043b8       0x98 Core/Src/funcgen.o
                0x00000000080043b8                update_dc_bias_sweep
 .text.__NVIC_GetPriorityGrouping
                0x0000000008004450       0x1c Core/Src/gpio.o
 .text.__NVIC_EnableIRQ
                0x000000000800446c       0x3c Core/Src/gpio.o
 .text.__NVIC_SetPriority
                0x00000000080044a8       0x54 Core/Src/gpio.o
 .text.NVIC_EncodePriority
                0x00000000080044fc       0x66 Core/Src/gpio.o
 *fill*         0x0000000008004562        0x2 
 .text.LL_SYSCFG_SetEXTISource
                0x0000000008004564       0x60 Core/Src/gpio.o
 .text.LL_GPIO_SetPinMode
                0x00000000080045c4       0x5e Core/Src/gpio.o
 .text.LL_GPIO_SetPinPull
                0x0000000008004622       0x5e Core/Src/gpio.o
 .text.LL_GPIO_ResetOutputPin
                0x0000000008004680       0x1c Core/Src/gpio.o
 .text.LL_AHB2_GRP1_EnableClock
                0x000000000800469c       0x30 Core/Src/gpio.o
 .text.MX_GPIO_Init
                0x00000000080046cc      0x3a4 Core/Src/gpio.o
                0x00000000080046cc                MX_GPIO_Init
 .text.ITM_SendChar
                0x0000000008004a70       0x4e Core/Src/main.o
 .text._write   0x0000000008004abe       0x3c Core/Src/main.o
                0x0000000008004abe                _write
 .text.HAL_DAC_ErrorCallbackCh1
                0x0000000008004afa       0x14 Core/Src/main.o
                0x0000000008004afa                HAL_DAC_ErrorCallbackCh1
 *fill*         0x0000000008004b0e        0x2 
 .text.main     0x0000000008004b10      0x130 Core/Src/main.o
                0x0000000008004b10                main
 .text.SystemClock_Config
                0x0000000008004c40       0xdc Core/Src/main.o
                0x0000000008004c40                SystemClock_Config
 .text.Error_Handler
                0x0000000008004d1c        0xe Core/Src/main.o
                0x0000000008004d1c                Error_Handler
 .text.LL_RNG_Enable
                0x0000000008004d2a       0x20 Core/Src/rng.o
 *fill*         0x0000000008004d4a        0x2 
 .text.LL_AHB2_GRP1_EnableClock
                0x0000000008004d4c       0x30 Core/Src/rng.o
 .text.MX_RNG_Init
                0x0000000008004d7c       0x1c Core/Src/rng.o
                0x0000000008004d7c                MX_RNG_Init
 .text.MX_SPI3_Init
                0x0000000008004d98       0x7c Core/Src/spi.o
                0x0000000008004d98                MX_SPI3_Init
 .text.HAL_SPI_MspInit
                0x0000000008004e14       0x88 Core/Src/spi.o
                0x0000000008004e14                HAL_SPI_MspInit
 .text.LL_PWR_DisableUCPDDeadBattery
                0x0000000008004e9c       0x20 Core/Src/stm32g4xx_hal_msp.o
 .text.HAL_MspInit
                0x0000000008004ebc       0x48 Core/Src/stm32g4xx_hal_msp.o
                0x0000000008004ebc                HAL_MspInit
 .text.LL_EXTI_IsActiveFlag_0_31
                0x0000000008004f04       0x2c Core/Src/stm32g4xx_it.o
 .text.LL_EXTI_ClearFlag_0_31
                0x0000000008004f30       0x20 Core/Src/stm32g4xx_it.o
 .text.NMI_Handler
                0x0000000008004f50        0xe Core/Src/stm32g4xx_it.o
                0x0000000008004f50                NMI_Handler
 .text.HardFault_Handler
                0x0000000008004f5e        0x6 Core/Src/stm32g4xx_it.o
                0x0000000008004f5e                HardFault_Handler
 .text.MemManage_Handler
                0x0000000008004f64        0x6 Core/Src/stm32g4xx_it.o
                0x0000000008004f64                MemManage_Handler
 .text.BusFault_Handler
                0x0000000008004f6a        0x6 Core/Src/stm32g4xx_it.o
                0x0000000008004f6a                BusFault_Handler
 .text.UsageFault_Handler
                0x0000000008004f70        0x6 Core/Src/stm32g4xx_it.o
                0x0000000008004f70                UsageFault_Handler
 .text.SVC_Handler
                0x0000000008004f76        0xe Core/Src/stm32g4xx_it.o
                0x0000000008004f76                SVC_Handler
 .text.DebugMon_Handler
                0x0000000008004f84        0xe Core/Src/stm32g4xx_it.o
                0x0000000008004f84                DebugMon_Handler
 .text.PendSV_Handler
                0x0000000008004f92        0xe Core/Src/stm32g4xx_it.o
                0x0000000008004f92                PendSV_Handler
 .text.SysTick_Handler
                0x0000000008004fa0        0xc Core/Src/stm32g4xx_it.o
                0x0000000008004fa0                SysTick_Handler
 .text.EXTI0_IRQHandler
                0x0000000008004fac       0x38 Core/Src/stm32g4xx_it.o
                0x0000000008004fac                EXTI0_IRQHandler
 .text.EXTI1_IRQHandler
                0x0000000008004fe4       0x38 Core/Src/stm32g4xx_it.o
                0x0000000008004fe4                EXTI1_IRQHandler
 .text.EXTI2_IRQHandler
                0x000000000800501c       0x38 Core/Src/stm32g4xx_it.o
                0x000000000800501c                EXTI2_IRQHandler
 .text.DMA1_Channel1_IRQHandler
                0x0000000008005054       0x14 Core/Src/stm32g4xx_it.o
                0x0000000008005054                DMA1_Channel1_IRQHandler
 .text.DMA1_Channel2_IRQHandler
                0x0000000008005068       0x14 Core/Src/stm32g4xx_it.o
                0x0000000008005068                DMA1_Channel2_IRQHandler
 .text.DMA1_Channel3_IRQHandler
                0x000000000800507c       0x14 Core/Src/stm32g4xx_it.o
                0x000000000800507c                DMA1_Channel3_IRQHandler
 .text.TIM1_BRK_TIM15_IRQHandler
                0x0000000008005090       0x50 Core/Src/stm32g4xx_it.o
                0x0000000008005090                TIM1_BRK_TIM15_IRQHandler
 .text.TIM1_UP_TIM16_IRQHandler
                0x00000000080050e0       0x1c Core/Src/stm32g4xx_it.o
                0x00000000080050e0                TIM1_UP_TIM16_IRQHandler
 .text.TIM1_TRG_COM_TIM17_IRQHandler
                0x00000000080050fc       0x20 Core/Src/stm32g4xx_it.o
                0x00000000080050fc                TIM1_TRG_COM_TIM17_IRQHandler
 .text.TIM2_IRQHandler
                0x000000000800511c       0x14 Core/Src/stm32g4xx_it.o
                0x000000000800511c                TIM2_IRQHandler
 .text.EXTI15_10_IRQHandler
                0x0000000008005130       0x70 Core/Src/stm32g4xx_it.o
                0x0000000008005130                EXTI15_10_IRQHandler
 .text._read    0x00000000080051a0       0x3a Core/Src/syscalls.o
                0x00000000080051a0                _read
 .text._close   0x00000000080051da       0x18 Core/Src/syscalls.o
                0x00000000080051da                _close
 .text._fstat   0x00000000080051f2       0x20 Core/Src/syscalls.o
                0x00000000080051f2                _fstat
 .text._isatty  0x0000000008005212       0x16 Core/Src/syscalls.o
                0x0000000008005212                _isatty
 .text._lseek   0x0000000008005228       0x1a Core/Src/syscalls.o
                0x0000000008005228                _lseek
 *fill*         0x0000000008005242        0x2 
 .text._sbrk    0x0000000008005244       0x58 Core/Src/sysmem.o
                0x0000000008005244                _sbrk
 .text.SystemInit
                0x000000000800529c       0x2c Core/Src/system_stm32g4xx.o
                0x000000000800529c                SystemInit
 .text.MX_TIM1_Init
                0x00000000080052c8       0xe0 Core/Src/tim.o
                0x00000000080052c8                MX_TIM1_Init
 .text.MX_TIM2_Init
                0x00000000080053a8       0xd4 Core/Src/tim.o
                0x00000000080053a8                MX_TIM2_Init
 .text.MX_TIM5_Init
                0x000000000800547c       0xa0 Core/Src/tim.o
                0x000000000800547c                MX_TIM5_Init
 .text.MX_TIM8_Init
                0x000000000800551c       0xd0 Core/Src/tim.o
                0x000000000800551c                MX_TIM8_Init
 .text.MX_TIM15_Init
                0x00000000080055ec       0xa4 Core/Src/tim.o
                0x00000000080055ec                MX_TIM15_Init
 .text.MX_TIM16_Init
                0x0000000008005690       0x50 Core/Src/tim.o
                0x0000000008005690                MX_TIM16_Init
 .text.MX_TIM17_Init
                0x00000000080056e0       0x4c Core/Src/tim.o
                0x00000000080056e0                MX_TIM17_Init
 .text.HAL_TIM_Encoder_MspInit
                0x000000000800572c       0xb8 Core/Src/tim.o
                0x000000000800572c                HAL_TIM_Encoder_MspInit
 .text.HAL_TIM_Base_MspInit
                0x00000000080057e4      0x188 Core/Src/tim.o
                0x00000000080057e4                HAL_TIM_Base_MspInit
 .text.Reset_Handler
                0x000000000800596c       0x50 Core/Startup/startup_stm32g474retx.o
                0x000000000800596c                Reset_Handler
 .text.Default_Handler
                0x00000000080059bc        0x2 Core/Startup/startup_stm32g474retx.o
                0x00000000080059bc                RTC_Alarm_IRQHandler
                0x00000000080059bc                TIM8_TRG_COM_IRQHandler
                0x00000000080059bc                TIM8_CC_IRQHandler
                0x00000000080059bc                HRTIM1_Master_IRQHandler
                0x00000000080059bc                SPI4_IRQHandler
                0x00000000080059bc                FDCAN3_IT0_IRQHandler
                0x00000000080059bc                TIM1_CC_IRQHandler
                0x00000000080059bc                HRTIM1_FLT_IRQHandler
                0x00000000080059bc                HRTIM1_TIMF_IRQHandler
                0x00000000080059bc                USB_HP_IRQHandler
                0x00000000080059bc                CORDIC_IRQHandler
                0x00000000080059bc                HRTIM1_TIMD_IRQHandler
                0x00000000080059bc                DMA2_Channel8_IRQHandler
                0x00000000080059bc                EXTI3_IRQHandler
                0x00000000080059bc                I2C3_ER_IRQHandler
                0x00000000080059bc                I2C2_EV_IRQHandler
                0x00000000080059bc                FPU_IRQHandler
                0x00000000080059bc                FDCAN1_IT1_IRQHandler
                0x00000000080059bc                ADC1_2_IRQHandler
                0x00000000080059bc                HRTIM1_TIME_IRQHandler
                0x00000000080059bc                SPI1_IRQHandler
                0x00000000080059bc                TIM6_DAC_IRQHandler
                0x00000000080059bc                HRTIM1_TIMC_IRQHandler
                0x00000000080059bc                TIM8_UP_IRQHandler
                0x00000000080059bc                DMA2_Channel2_IRQHandler
                0x00000000080059bc                DMA1_Channel4_IRQHandler
                0x00000000080059bc                TIM20_TRG_COM_IRQHandler
                0x00000000080059bc                USART3_IRQHandler
                0x00000000080059bc                DMA1_Channel7_IRQHandler
                0x00000000080059bc                UART5_IRQHandler
                0x00000000080059bc                ADC3_IRQHandler
                0x00000000080059bc                TIM4_IRQHandler
                0x00000000080059bc                DMA2_Channel1_IRQHandler
                0x00000000080059bc                QUADSPI_IRQHandler
                0x00000000080059bc                I2C1_EV_IRQHandler
                0x00000000080059bc                DMA1_Channel6_IRQHandler
                0x00000000080059bc                UART4_IRQHandler
                0x00000000080059bc                DMA2_Channel4_IRQHandler
                0x00000000080059bc                TIM3_IRQHandler
                0x00000000080059bc                RCC_IRQHandler
                0x00000000080059bc                TIM20_UP_IRQHandler
                0x00000000080059bc                Default_Handler
                0x00000000080059bc                DMA2_Channel7_IRQHandler
                0x00000000080059bc                RTC_TAMP_LSECSS_IRQHandler
                0x00000000080059bc                FMAC_IRQHandler
                0x00000000080059bc                DMA1_Channel8_IRQHandler
                0x00000000080059bc                HRTIM1_TIMA_IRQHandler
                0x00000000080059bc                TIM7_DAC_IRQHandler
                0x00000000080059bc                FDCAN3_IT1_IRQHandler
                0x00000000080059bc                TIM5_IRQHandler
                0x00000000080059bc                UCPD1_IRQHandler
                0x00000000080059bc                I2C3_EV_IRQHandler
                0x00000000080059bc                EXTI9_5_IRQHandler
                0x00000000080059bc                RTC_WKUP_IRQHandler
                0x00000000080059bc                PVD_PVM_IRQHandler
                0x00000000080059bc                SPI2_IRQHandler
                0x00000000080059bc                ADC5_IRQHandler
                0x00000000080059bc                DMA2_Channel5_IRQHandler
                0x00000000080059bc                CRS_IRQHandler
                0x00000000080059bc                DMA1_Channel5_IRQHandler
                0x00000000080059bc                USB_LP_IRQHandler
                0x00000000080059bc                EXTI4_IRQHandler
                0x00000000080059bc                RNG_IRQHandler
                0x00000000080059bc                HRTIM1_TIMB_IRQHandler
                0x00000000080059bc                FDCAN2_IT1_IRQHandler
                0x00000000080059bc                ADC4_IRQHandler
                0x00000000080059bc                WWDG_IRQHandler
                0x00000000080059bc                I2C4_EV_IRQHandler
                0x00000000080059bc                FDCAN2_IT0_IRQHandler
                0x00000000080059bc                LPUART1_IRQHandler
                0x00000000080059bc                DMA2_Channel6_IRQHandler
                0x00000000080059bc                FDCAN1_IT0_IRQHandler
                0x00000000080059bc                COMP7_IRQHandler
                0x00000000080059bc                COMP1_2_3_IRQHandler
                0x00000000080059bc                USART2_IRQHandler
                0x00000000080059bc                COMP4_5_6_IRQHandler
                0x00000000080059bc                TIM20_BRK_IRQHandler
                0x00000000080059bc                I2C2_ER_IRQHandler
                0x00000000080059bc                TIM8_BRK_IRQHandler
                0x00000000080059bc                FLASH_IRQHandler
                0x00000000080059bc                TIM20_CC_IRQHandler
                0x00000000080059bc                USART1_IRQHandler
                0x00000000080059bc                SPI3_IRQHandler
                0x00000000080059bc                I2C1_ER_IRQHandler
                0x00000000080059bc                FMC_IRQHandler
                0x00000000080059bc                LPTIM1_IRQHandler
                0x00000000080059bc                DMAMUX_OVR_IRQHandler
                0x00000000080059bc                I2C4_ER_IRQHandler
                0x00000000080059bc                USBWakeUp_IRQHandler
                0x00000000080059bc                SAI1_IRQHandler
                0x00000000080059bc                DMA2_Channel3_IRQHandler
 .text.HAL_Init
                0x00000000080059be       0x30 Drivers/STM32G4xx_HAL_Driver/Src/stm32g4xx_hal.o
                0x00000000080059be                HAL_Init
 *fill*         0x00000000080059ee        0x2 
 .text.HAL_InitTick
                0x00000000080059f0       0x74 Drivers/STM32G4xx_HAL_Driver/Src/stm32g4xx_hal.o
                0x00000000080059f0                HAL_InitTick
 .text.HAL_IncTick
                0x0000000008005a64       0x24 Drivers/STM32G4xx_HAL_Driver/Src/stm32g4xx_hal.o
                0x0000000008005a64                HAL_IncTick
 .text.HAL_GetTick
                0x0000000008005a88       0x18 Drivers/STM32G4xx_HAL_Driver/Src/stm32g4xx_hal.o
                0x0000000008005a88                HAL_GetTick
 .text.HAL_Delay
                0x0000000008005aa0       0x44 Drivers/STM32G4xx_HAL_Driver/Src/stm32g4xx_hal.o
                0x0000000008005aa0                HAL_Delay
 .text.LL_ADC_SetCommonClock
                0x0000000008005ae4       0x26 Drivers/STM32G4xx_HAL_Driver/Src/stm32g4xx_hal_adc.o
 .text.LL_ADC_SetCommonPathInternalCh
                0x0000000008005b0a       0x26 Drivers/STM32G4xx_HAL_Driver/Src/stm32g4xx_hal_adc.o
 .text.LL_ADC_GetCommonPathInternalCh
                0x0000000008005b30       0x1c Drivers/STM32G4xx_HAL_Driver/Src/stm32g4xx_hal_adc.o
 .text.LL_ADC_SetOffset
                0x0000000008005b4c       0x44 Drivers/STM32G4xx_HAL_Driver/Src/stm32g4xx_hal_adc.o
 .text.LL_ADC_GetOffsetChannel
                0x0000000008005b90       0x28 Drivers/STM32G4xx_HAL_Driver/Src/stm32g4xx_hal_adc.o
 .text.LL_ADC_SetOffsetState
                0x0000000008005bb8       0x30 Drivers/STM32G4xx_HAL_Driver/Src/stm32g4xx_hal_adc.o
 .text.LL_ADC_SetOffsetSign
                0x0000000008005be8       0x30 Drivers/STM32G4xx_HAL_Driver/Src/stm32g4xx_hal_adc.o
 .text.LL_ADC_SetOffsetSaturation
                0x0000000008005c18       0x30 Drivers/STM32G4xx_HAL_Driver/Src/stm32g4xx_hal_adc.o
 .text.LL_ADC_SetSamplingTimeCommonConfig
                0x0000000008005c48       0x26 Drivers/STM32G4xx_HAL_Driver/Src/stm32g4xx_hal_adc.o
 .text.LL_ADC_REG_SetSequencerRanks
                0x0000000008005c6e       0x52 Drivers/STM32G4xx_HAL_Driver/Src/stm32g4xx_hal_adc.o
 .text.LL_ADC_SetChannelSamplingTime
                0x0000000008005cc0       0x50 Drivers/STM32G4xx_HAL_Driver/Src/stm32g4xx_hal_adc.o
 .text.LL_ADC_SetChannelSingleDiff
                0x0000000008005d10       0x48 Drivers/STM32G4xx_HAL_Driver/Src/stm32g4xx_hal_adc.o
 .text.LL_ADC_DisableDeepPowerDown
                0x0000000008005d58       0x24 Drivers/STM32G4xx_HAL_Driver/Src/stm32g4xx_hal_adc.o
 .text.LL_ADC_IsDeepPowerDownEnabled
                0x0000000008005d7c       0x28 Drivers/STM32G4xx_HAL_Driver/Src/stm32g4xx_hal_adc.o
 .text.LL_ADC_EnableInternalRegulator
                0x0000000008005da4       0x28 Drivers/STM32G4xx_HAL_Driver/Src/stm32g4xx_hal_adc.o
 .text.LL_ADC_IsInternalRegulatorEnabled
                0x0000000008005dcc       0x28 Drivers/STM32G4xx_HAL_Driver/Src/stm32g4xx_hal_adc.o
 .text.LL_ADC_IsEnabled
                0x0000000008005df4       0x26 Drivers/STM32G4xx_HAL_Driver/Src/stm32g4xx_hal_adc.o
 .text.LL_ADC_REG_IsConversionOngoing
                0x0000000008005e1a       0x26 Drivers/STM32G4xx_HAL_Driver/Src/stm32g4xx_hal_adc.o
 .text.LL_ADC_INJ_IsConversionOngoing
                0x0000000008005e40       0x26 Drivers/STM32G4xx_HAL_Driver/Src/stm32g4xx_hal_adc.o
 *fill*         0x0000000008005e66        0x2 
 .text.HAL_ADC_Init
                0x0000000008005e68      0x380 Drivers/STM32G4xx_HAL_Driver/Src/stm32g4xx_hal_adc.o
                0x0000000008005e68                HAL_ADC_Init
 .text.HAL_ADC_ConfigChannel
                0x00000000080061e8      0x760 Drivers/STM32G4xx_HAL_Driver/Src/stm32g4xx_hal_adc.o
                0x00000000080061e8                HAL_ADC_ConfigChannel
 .text.LL_ADC_IsEnabled
                0x0000000008006948       0x26 Drivers/STM32G4xx_HAL_Driver/Src/stm32g4xx_hal_adc_ex.o
 .text.LL_ADC_REG_IsConversionOngoing
                0x000000000800696e       0x26 Drivers/STM32G4xx_HAL_Driver/Src/stm32g4xx_hal_adc_ex.o
 .text.HAL_ADCEx_MultiModeConfigChannel
                0x0000000008006994      0x208 Drivers/STM32G4xx_HAL_Driver/Src/stm32g4xx_hal_adc_ex.o
                0x0000000008006994                HAL_ADCEx_MultiModeConfigChannel
 .text.LL_EXTI_EnableIT_0_31
                0x0000000008006b9c       0x24 Drivers/STM32G4xx_HAL_Driver/Src/stm32g4xx_hal_comp.o
 .text.LL_EXTI_EnableIT_32_63
                0x0000000008006bc0       0x24 Drivers/STM32G4xx_HAL_Driver/Src/stm32g4xx_hal_comp.o
 .text.LL_EXTI_DisableIT_0_31
                0x0000000008006be4       0x28 Drivers/STM32G4xx_HAL_Driver/Src/stm32g4xx_hal_comp.o
 .text.LL_EXTI_DisableIT_32_63
                0x0000000008006c0c       0x28 Drivers/STM32G4xx_HAL_Driver/Src/stm32g4xx_hal_comp.o
 .text.LL_EXTI_EnableEvent_0_31
                0x0000000008006c34       0x24 Drivers/STM32G4xx_HAL_Driver/Src/stm32g4xx_hal_comp.o
 .text.LL_EXTI_EnableEvent_32_63
                0x0000000008006c58       0x24 Drivers/STM32G4xx_HAL_Driver/Src/stm32g4xx_hal_comp.o
 .text.LL_EXTI_DisableEvent_0_31
                0x0000000008006c7c       0x28 Drivers/STM32G4xx_HAL_Driver/Src/stm32g4xx_hal_comp.o
 .text.LL_EXTI_DisableEvent_32_63
                0x0000000008006ca4       0x28 Drivers/STM32G4xx_HAL_Driver/Src/stm32g4xx_hal_comp.o
 .text.LL_EXTI_EnableRisingTrig_0_31
                0x0000000008006ccc       0x24 Drivers/STM32G4xx_HAL_Driver/Src/stm32g4xx_hal_comp.o
 .text.LL_EXTI_EnableRisingTrig_32_63
                0x0000000008006cf0       0x24 Drivers/STM32G4xx_HAL_Driver/Src/stm32g4xx_hal_comp.o
 .text.LL_EXTI_DisableRisingTrig_0_31
                0x0000000008006d14       0x28 Drivers/STM32G4xx_HAL_Driver/Src/stm32g4xx_hal_comp.o
 .text.LL_EXTI_DisableRisingTrig_32_63
                0x0000000008006d3c       0x28 Drivers/STM32G4xx_HAL_Driver/Src/stm32g4xx_hal_comp.o
 .text.LL_EXTI_EnableFallingTrig_0_31
                0x0000000008006d64       0x24 Drivers/STM32G4xx_HAL_Driver/Src/stm32g4xx_hal_comp.o
 .text.LL_EXTI_EnableFallingTrig_32_63
                0x0000000008006d88       0x24 Drivers/STM32G4xx_HAL_Driver/Src/stm32g4xx_hal_comp.o
 .text.LL_EXTI_DisableFallingTrig_0_31
                0x0000000008006dac       0x28 Drivers/STM32G4xx_HAL_Driver/Src/stm32g4xx_hal_comp.o
 .text.LL_EXTI_DisableFallingTrig_32_63
                0x0000000008006dd4       0x28 Drivers/STM32G4xx_HAL_Driver/Src/stm32g4xx_hal_comp.o
 .text.LL_EXTI_ClearFlag_0_31
                0x0000000008006dfc       0x20 Drivers/STM32G4xx_HAL_Driver/Src/stm32g4xx_hal_comp.o
 .text.LL_EXTI_ClearFlag_32_63
                0x0000000008006e1c       0x20 Drivers/STM32G4xx_HAL_Driver/Src/stm32g4xx_hal_comp.o
 .text.HAL_COMP_Init
                0x0000000008006e3c      0x328 Drivers/STM32G4xx_HAL_Driver/Src/stm32g4xx_hal_comp.o
                0x0000000008006e3c                HAL_COMP_Init
 .text.__NVIC_SetPriorityGrouping
                0x0000000008007164       0x48 Drivers/STM32G4xx_HAL_Driver/Src/stm32g4xx_hal_cortex.o
 .text.__NVIC_GetPriorityGrouping
                0x00000000080071ac       0x1c Drivers/STM32G4xx_HAL_Driver/Src/stm32g4xx_hal_cortex.o
 .text.__NVIC_EnableIRQ
                0x00000000080071c8       0x3c Drivers/STM32G4xx_HAL_Driver/Src/stm32g4xx_hal_cortex.o
 .text.__NVIC_SetPriority
                0x0000000008007204       0x54 Drivers/STM32G4xx_HAL_Driver/Src/stm32g4xx_hal_cortex.o
 .text.NVIC_EncodePriority
                0x0000000008007258       0x66 Drivers/STM32G4xx_HAL_Driver/Src/stm32g4xx_hal_cortex.o
 *fill*         0x00000000080072be        0x2 
 .text.SysTick_Config
                0x00000000080072c0       0x44 Drivers/STM32G4xx_HAL_Driver/Src/stm32g4xx_hal_cortex.o
 .text.HAL_NVIC_SetPriorityGrouping
                0x0000000008007304       0x16 Drivers/STM32G4xx_HAL_Driver/Src/stm32g4xx_hal_cortex.o
                0x0000000008007304                HAL_NVIC_SetPriorityGrouping
 .text.HAL_NVIC_SetPriority
                0x000000000800731a       0x34 Drivers/STM32G4xx_HAL_Driver/Src/stm32g4xx_hal_cortex.o
                0x000000000800731a                HAL_NVIC_SetPriority
 .text.HAL_NVIC_EnableIRQ
                0x000000000800734e       0x1c Drivers/STM32G4xx_HAL_Driver/Src/stm32g4xx_hal_cortex.o
                0x000000000800734e                HAL_NVIC_EnableIRQ
 .text.HAL_SYSTICK_Config
                0x000000000800736a       0x18 Drivers/STM32G4xx_HAL_Driver/Src/stm32g4xx_hal_cortex.o
                0x000000000800736a                HAL_SYSTICK_Config
 .text.HAL_DAC_Init
                0x0000000008007382       0x44 Drivers/STM32G4xx_HAL_Driver/Src/stm32g4xx_hal_dac.o
                0x0000000008007382                HAL_DAC_Init
 .text.HAL_DAC_Start
                0x00000000080073c6       0xa6 Drivers/STM32G4xx_HAL_Driver/Src/stm32g4xx_hal_dac.o
                0x00000000080073c6                HAL_DAC_Start
 .text.HAL_DAC_Start_DMA
                0x000000000800746c      0x184 Drivers/STM32G4xx_HAL_Driver/Src/stm32g4xx_hal_dac.o
                0x000000000800746c                HAL_DAC_Start_DMA
 .text.HAL_DAC_Stop_DMA
                0x00000000080075f0       0xac Drivers/STM32G4xx_HAL_Driver/Src/stm32g4xx_hal_dac.o
                0x00000000080075f0                HAL_DAC_Stop_DMA
 .text.HAL_DAC_SetValue
                0x000000000800769c       0x50 Drivers/STM32G4xx_HAL_Driver/Src/stm32g4xx_hal_dac.o
                0x000000000800769c                HAL_DAC_SetValue
 .text.HAL_DAC_ConvCpltCallbackCh1
                0x00000000080076ec       0x14 Drivers/STM32G4xx_HAL_Driver/Src/stm32g4xx_hal_dac.o
                0x00000000080076ec                HAL_DAC_ConvCpltCallbackCh1
 .text.HAL_DAC_ConvHalfCpltCallbackCh1
                0x0000000008007700       0x14 Drivers/STM32G4xx_HAL_Driver/Src/stm32g4xx_hal_dac.o
                0x0000000008007700                HAL_DAC_ConvHalfCpltCallbackCh1
 .text.HAL_DAC_GetValue
                0x0000000008007714       0x2a Drivers/STM32G4xx_HAL_Driver/Src/stm32g4xx_hal_dac.o
                0x0000000008007714                HAL_DAC_GetValue
 *fill*         0x000000000800773e        0x2 
 .text.HAL_DAC_ConfigChannel
                0x0000000008007740      0x358 Drivers/STM32G4xx_HAL_Driver/Src/stm32g4xx_hal_dac.o
                0x0000000008007740                HAL_DAC_ConfigChannel
 .text.DAC_DMAConvCpltCh1
                0x0000000008007a98       0x22 Drivers/STM32G4xx_HAL_Driver/Src/stm32g4xx_hal_dac.o
                0x0000000008007a98                DAC_DMAConvCpltCh1
 .text.DAC_DMAHalfConvCpltCh1
                0x0000000008007aba       0x1c Drivers/STM32G4xx_HAL_Driver/Src/stm32g4xx_hal_dac.o
                0x0000000008007aba                DAC_DMAHalfConvCpltCh1
 .text.DAC_DMAErrorCh1
                0x0000000008007ad6       0x2e Drivers/STM32G4xx_HAL_Driver/Src/stm32g4xx_hal_dac.o
                0x0000000008007ad6                DAC_DMAErrorCh1
 .text.HAL_DACEx_ConvCpltCallbackCh2
                0x0000000008007b04       0x14 Drivers/STM32G4xx_HAL_Driver/Src/stm32g4xx_hal_dac_ex.o
                0x0000000008007b04                HAL_DACEx_ConvCpltCallbackCh2
 .text.HAL_DACEx_ConvHalfCpltCallbackCh2
                0x0000000008007b18       0x14 Drivers/STM32G4xx_HAL_Driver/Src/stm32g4xx_hal_dac_ex.o
                0x0000000008007b18                HAL_DACEx_ConvHalfCpltCallbackCh2
 .text.HAL_DACEx_ErrorCallbackCh2
                0x0000000008007b2c       0x14 Drivers/STM32G4xx_HAL_Driver/Src/stm32g4xx_hal_dac_ex.o
                0x0000000008007b2c                HAL_DACEx_ErrorCallbackCh2
 .text.DAC_DMAConvCpltCh2
                0x0000000008007b40       0x22 Drivers/STM32G4xx_HAL_Driver/Src/stm32g4xx_hal_dac_ex.o
                0x0000000008007b40                DAC_DMAConvCpltCh2
 .text.DAC_DMAHalfConvCpltCh2
                0x0000000008007b62       0x1c Drivers/STM32G4xx_HAL_Driver/Src/stm32g4xx_hal_dac_ex.o
                0x0000000008007b62                DAC_DMAHalfConvCpltCh2
 .text.DAC_DMAErrorCh2
                0x0000000008007b7e       0x2e Drivers/STM32G4xx_HAL_Driver/Src/stm32g4xx_hal_dac_ex.o
                0x0000000008007b7e                DAC_DMAErrorCh2
 .text.HAL_DMA_Init
                0x0000000008007bac      0x150 Drivers/STM32G4xx_HAL_Driver/Src/stm32g4xx_hal_dma.o
                0x0000000008007bac                HAL_DMA_Init
 .text.HAL_DMA_Start_IT
                0x0000000008007cfc       0xf6 Drivers/STM32G4xx_HAL_Driver/Src/stm32g4xx_hal_dma.o
                0x0000000008007cfc                HAL_DMA_Start_IT
 .text.HAL_DMA_Abort
                0x0000000008007df2       0xb2 Drivers/STM32G4xx_HAL_Driver/Src/stm32g4xx_hal_dma.o
                0x0000000008007df2                HAL_DMA_Abort
 .text.HAL_DMA_IRQHandler
                0x0000000008007ea4      0x15e Drivers/STM32G4xx_HAL_Driver/Src/stm32g4xx_hal_dma.o
                0x0000000008007ea4                HAL_DMA_IRQHandler
 .text.DMA_SetConfig
                0x0000000008008002       0x7c Drivers/STM32G4xx_HAL_Driver/Src/stm32g4xx_hal_dma.o
 *fill*         0x000000000800807e        0x2 
 .text.DMA_CalcDMAMUXChannelBaseAndMask
                0x0000000008008080       0x7c Drivers/STM32G4xx_HAL_Driver/Src/stm32g4xx_hal_dma.o
 .text.DMA_CalcDMAMUXRequestGenBaseAndMask
                0x00000000080080fc       0x48 Drivers/STM32G4xx_HAL_Driver/Src/stm32g4xx_hal_dma.o
 .text.HAL_GPIO_Init
                0x0000000008008144      0x304 Drivers/STM32G4xx_HAL_Driver/Src/stm32g4xx_hal_gpio.o
                0x0000000008008144                HAL_GPIO_Init
 .text.HAL_GPIO_WritePin
                0x0000000008008448       0x30 Drivers/STM32G4xx_HAL_Driver/Src/stm32g4xx_hal_gpio.o
                0x0000000008008448                HAL_GPIO_WritePin
 .text.HAL_PWREx_ControlVoltageScaling
                0x0000000008008478      0x148 Drivers/STM32G4xx_HAL_Driver/Src/stm32g4xx_hal_pwr_ex.o
                0x0000000008008478                HAL_PWREx_ControlVoltageScaling
 .text.HAL_RCC_OscConfig
                0x00000000080085c0      0x630 Drivers/STM32G4xx_HAL_Driver/Src/stm32g4xx_hal_rcc.o
                0x00000000080085c0                HAL_RCC_OscConfig
 .text.HAL_RCC_ClockConfig
                0x0000000008008bf0      0x278 Drivers/STM32G4xx_HAL_Driver/Src/stm32g4xx_hal_rcc.o
                0x0000000008008bf0                HAL_RCC_ClockConfig
 .text.HAL_RCC_GetSysClockFreq
                0x0000000008008e68       0xc4 Drivers/STM32G4xx_HAL_Driver/Src/stm32g4xx_hal_rcc.o
                0x0000000008008e68                HAL_RCC_GetSysClockFreq
 .text.HAL_RCC_GetHCLKFreq
                0x0000000008008f2c       0x18 Drivers/STM32G4xx_HAL_Driver/Src/stm32g4xx_hal_rcc.o
                0x0000000008008f2c                HAL_RCC_GetHCLKFreq
 .text.RCC_GetSysClockFreqFromPLLSource
                0x0000000008008f44       0x8c Drivers/STM32G4xx_HAL_Driver/Src/stm32g4xx_hal_rcc.o
 .text.HAL_RCCEx_PeriphCLKConfig
                0x0000000008008fd0      0x498 Drivers/STM32G4xx_HAL_Driver/Src/stm32g4xx_hal_rcc_ex.o
                0x0000000008008fd0                HAL_RCCEx_PeriphCLKConfig
 .text.HAL_SPI_Init
                0x0000000008009468      0x124 Drivers/STM32G4xx_HAL_Driver/Src/stm32g4xx_hal_spi.o
                0x0000000008009468                HAL_SPI_Init
 .text.HAL_SPI_Transmit
                0x000000000800958c      0x2cc Drivers/STM32G4xx_HAL_Driver/Src/stm32g4xx_hal_spi.o
                0x000000000800958c                HAL_SPI_Transmit
 .text.SPI_WaitFlagStateUntilTimeout
                0x0000000008009858       0xd4 Drivers/STM32G4xx_HAL_Driver/Src/stm32g4xx_hal_spi.o
 .text.SPI_WaitFifoStateUntilTimeout
                0x000000000800992c       0xda Drivers/STM32G4xx_HAL_Driver/Src/stm32g4xx_hal_spi.o
 .text.SPI_EndRxTxTransaction
                0x0000000008009a06       0x8c Drivers/STM32G4xx_HAL_Driver/Src/stm32g4xx_hal_spi.o
 .text.HAL_TIM_Base_Init
                0x0000000008009a92       0xae Drivers/STM32G4xx_HAL_Driver/Src/stm32g4xx_hal_tim.o
                0x0000000008009a92                HAL_TIM_Base_Init
 .text.HAL_TIM_Base_Start
                0x0000000008009b40       0x5c Drivers/STM32G4xx_HAL_Driver/Src/stm32g4xx_hal_tim.o
                0x0000000008009b40                HAL_TIM_Base_Start
 .text.HAL_TIM_Base_Start_IT
                0x0000000008009b9c       0x6c Drivers/STM32G4xx_HAL_Driver/Src/stm32g4xx_hal_tim.o
                0x0000000008009b9c                HAL_TIM_Base_Start_IT
 .text.HAL_TIM_Base_Stop_IT
                0x0000000008009c08       0x5e Drivers/STM32G4xx_HAL_Driver/Src/stm32g4xx_hal_tim.o
                0x0000000008009c08                HAL_TIM_Base_Stop_IT
 .text.HAL_TIM_Encoder_Init
                0x0000000008009c66      0x14c Drivers/STM32G4xx_HAL_Driver/Src/stm32g4xx_hal_tim.o
                0x0000000008009c66                HAL_TIM_Encoder_Init
 .text.HAL_TIM_IRQHandler
                0x0000000008009db2      0x2fe Drivers/STM32G4xx_HAL_Driver/Src/stm32g4xx_hal_tim.o
                0x0000000008009db2                HAL_TIM_IRQHandler
 .text.HAL_TIM_ConfigClockSource
                0x000000000800a0b0      0x1e0 Drivers/STM32G4xx_HAL_Driver/Src/stm32g4xx_hal_tim.o
                0x000000000800a0b0                HAL_TIM_ConfigClockSource
 .text.HAL_TIM_SlaveConfigSynchro
                0x000000000800a290       0x84 Drivers/STM32G4xx_HAL_Driver/Src/stm32g4xx_hal_tim.o
                0x000000000800a290                HAL_TIM_SlaveConfigSynchro
 .text.HAL_TIM_PeriodElapsedCallback
                0x000000000800a314       0x14 Drivers/STM32G4xx_HAL_Driver/Src/stm32g4xx_hal_tim.o
                0x000000000800a314                HAL_TIM_PeriodElapsedCallback
 .text.HAL_TIM_OC_DelayElapsedCallback
                0x000000000800a328       0x14 Drivers/STM32G4xx_HAL_Driver/Src/stm32g4xx_hal_tim.o
                0x000000000800a328                HAL_TIM_OC_DelayElapsedCallback
 .text.HAL_TIM_IC_CaptureCallback
                0x000000000800a33c       0x14 Drivers/STM32G4xx_HAL_Driver/Src/stm32g4xx_hal_tim.o
                0x000000000800a33c                HAL_TIM_IC_CaptureCallback
 .text.HAL_TIM_PWM_PulseFinishedCallback
                0x000000000800a350       0x14 Drivers/STM32G4xx_HAL_Driver/Src/stm32g4xx_hal_tim.o
                0x000000000800a350                HAL_TIM_PWM_PulseFinishedCallback
 .text.HAL_TIM_TriggerCallback
                0x000000000800a364       0x14 Drivers/STM32G4xx_HAL_Driver/Src/stm32g4xx_hal_tim.o
                0x000000000800a364                HAL_TIM_TriggerCallback
 .text.TIM_Base_SetConfig
                0x000000000800a378      0x150 Drivers/STM32G4xx_HAL_Driver/Src/stm32g4xx_hal_tim.o
                0x000000000800a378                TIM_Base_SetConfig
 .text.TIM_SlaveTimer_SetConfig
                0x000000000800a4c8      0x178 Drivers/STM32G4xx_HAL_Driver/Src/stm32g4xx_hal_tim.o
 .text.TIM_TI1_ConfigInputStage
                0x000000000800a640       0x5e Drivers/STM32G4xx_HAL_Driver/Src/stm32g4xx_hal_tim.o
 .text.TIM_TI2_ConfigInputStage
                0x000000000800a69e       0x60 Drivers/STM32G4xx_HAL_Driver/Src/stm32g4xx_hal_tim.o
 .text.TIM_ITRx_SetConfig
                0x000000000800a6fe       0x3a Drivers/STM32G4xx_HAL_Driver/Src/stm32g4xx_hal_tim.o
 .text.TIM_ETR_SetConfig
                0x000000000800a738       0x40 Drivers/STM32G4xx_HAL_Driver/Src/stm32g4xx_hal_tim.o
                0x000000000800a738                TIM_ETR_SetConfig
 .text.HAL_TIMEx_MasterConfigSynchronization
                0x000000000800a778      0x12c Drivers/STM32G4xx_HAL_Driver/Src/stm32g4xx_hal_tim_ex.o
                0x000000000800a778                HAL_TIMEx_MasterConfigSynchronization
 .text.HAL_TIMEx_ConfigBreakDeadTime
                0x000000000800a8a4      0x164 Drivers/STM32G4xx_HAL_Driver/Src/stm32g4xx_hal_tim_ex.o
                0x000000000800a8a4                HAL_TIMEx_ConfigBreakDeadTime
 .text.HAL_TIMEx_CommutCallback
                0x000000000800aa08       0x14 Drivers/STM32G4xx_HAL_Driver/Src/stm32g4xx_hal_tim_ex.o
                0x000000000800aa08                HAL_TIMEx_CommutCallback
 .text.HAL_TIMEx_BreakCallback
                0x000000000800aa1c       0x14 Drivers/STM32G4xx_HAL_Driver/Src/stm32g4xx_hal_tim_ex.o
                0x000000000800aa1c                HAL_TIMEx_BreakCallback
 .text.HAL_TIMEx_Break2Callback
                0x000000000800aa30       0x14 Drivers/STM32G4xx_HAL_Driver/Src/stm32g4xx_hal_tim_ex.o
                0x000000000800aa30                HAL_TIMEx_Break2Callback
 .text.HAL_TIMEx_EncoderIndexCallback
                0x000000000800aa44       0x14 Drivers/STM32G4xx_HAL_Driver/Src/stm32g4xx_hal_tim_ex.o
                0x000000000800aa44                HAL_TIMEx_EncoderIndexCallback
 .text.HAL_TIMEx_DirectionChangeCallback
                0x000000000800aa58       0x14 Drivers/STM32G4xx_HAL_Driver/Src/stm32g4xx_hal_tim_ex.o
                0x000000000800aa58                HAL_TIMEx_DirectionChangeCallback
 .text.HAL_TIMEx_IndexErrorCallback
                0x000000000800aa6c       0x14 Drivers/STM32G4xx_HAL_Driver/Src/stm32g4xx_hal_tim_ex.o
                0x000000000800aa6c                HAL_TIMEx_IndexErrorCallback
 .text.HAL_TIMEx_TransitionErrorCallback
                0x000000000800aa80       0x14 Drivers/STM32G4xx_HAL_Driver/Src/stm32g4xx_hal_tim_ex.o
                0x000000000800aa80                HAL_TIMEx_TransitionErrorCallback
 .text.LL_EXTI_EnableIT_0_31
                0x000000000800aa94       0x24 Drivers/STM32G4xx_HAL_Driver/Src/stm32g4xx_ll_exti.o
 .text.LL_EXTI_EnableIT_32_63
                0x000000000800aab8       0x24 Drivers/STM32G4xx_HAL_Driver/Src/stm32g4xx_ll_exti.o
 .text.LL_EXTI_DisableIT_0_31
                0x000000000800aadc       0x28 Drivers/STM32G4xx_HAL_Driver/Src/stm32g4xx_ll_exti.o
 .text.LL_EXTI_DisableIT_32_63
                0x000000000800ab04       0x28 Drivers/STM32G4xx_HAL_Driver/Src/stm32g4xx_ll_exti.o
 .text.LL_EXTI_EnableEvent_0_31
                0x000000000800ab2c       0x24 Drivers/STM32G4xx_HAL_Driver/Src/stm32g4xx_ll_exti.o
 .text.LL_EXTI_EnableEvent_32_63
                0x000000000800ab50       0x24 Drivers/STM32G4xx_HAL_Driver/Src/stm32g4xx_ll_exti.o
 .text.LL_EXTI_DisableEvent_0_31
                0x000000000800ab74       0x28 Drivers/STM32G4xx_HAL_Driver/Src/stm32g4xx_ll_exti.o
 .text.LL_EXTI_DisableEvent_32_63
                0x000000000800ab9c       0x28 Drivers/STM32G4xx_HAL_Driver/Src/stm32g4xx_ll_exti.o
 .text.LL_EXTI_EnableRisingTrig_0_31
                0x000000000800abc4       0x24 Drivers/STM32G4xx_HAL_Driver/Src/stm32g4xx_ll_exti.o
 .text.LL_EXTI_EnableRisingTrig_32_63
                0x000000000800abe8       0x24 Drivers/STM32G4xx_HAL_Driver/Src/stm32g4xx_ll_exti.o
 .text.LL_EXTI_DisableRisingTrig_0_31
                0x000000000800ac0c       0x28 Drivers/STM32G4xx_HAL_Driver/Src/stm32g4xx_ll_exti.o
 .text.LL_EXTI_DisableRisingTrig_32_63
                0x000000000800ac34       0x28 Drivers/STM32G4xx_HAL_Driver/Src/stm32g4xx_ll_exti.o
 .text.LL_EXTI_EnableFallingTrig_0_31
                0x000000000800ac5c       0x24 Drivers/STM32G4xx_HAL_Driver/Src/stm32g4xx_ll_exti.o
 .text.LL_EXTI_EnableFallingTrig_32_63
                0x000000000800ac80       0x24 Drivers/STM32G4xx_HAL_Driver/Src/stm32g4xx_ll_exti.o
 .text.LL_EXTI_DisableFallingTrig_0_31
                0x000000000800aca4       0x28 Drivers/STM32G4xx_HAL_Driver/Src/stm32g4xx_ll_exti.o
 .text.LL_EXTI_DisableFallingTrig_32_63
                0x000000000800accc       0x28 Drivers/STM32G4xx_HAL_Driver/Src/stm32g4xx_ll_exti.o
 .text.LL_EXTI_Init
                0x000000000800acf4      0x1dc Drivers/STM32G4xx_HAL_Driver/Src/stm32g4xx_ll_exti.o
                0x000000000800acf4                LL_EXTI_Init
 .text.LL_GPIO_SetPinMode
                0x000000000800aed0       0x5e Drivers/STM32G4xx_HAL_Driver/Src/stm32g4xx_ll_gpio.o
 .text.LL_GPIO_SetPinOutputType
                0x000000000800af2e       0x30 Drivers/STM32G4xx_HAL_Driver/Src/stm32g4xx_ll_gpio.o
 .text.LL_GPIO_SetPinSpeed
                0x000000000800af5e       0x5e Drivers/STM32G4xx_HAL_Driver/Src/stm32g4xx_ll_gpio.o
 .text.LL_GPIO_SetPinPull
                0x000000000800afbc       0x5e Drivers/STM32G4xx_HAL_Driver/Src/stm32g4xx_ll_gpio.o
 .text.LL_GPIO_SetAFPin_0_7
                0x000000000800b01a       0x5e Drivers/STM32G4xx_HAL_Driver/Src/stm32g4xx_ll_gpio.o
 .text.LL_GPIO_SetAFPin_8_15
                0x000000000800b078       0x62 Drivers/STM32G4xx_HAL_Driver/Src/stm32g4xx_ll_gpio.o
 .text.LL_GPIO_Init
                0x000000000800b0da       0xde Drivers/STM32G4xx_HAL_Driver/Src/stm32g4xx_ll_gpio.o
                0x000000000800b0da                LL_GPIO_Init
 .text.ILI9341_Draw_Bordered_Filled_Rectangle_Coord
                0x000000000800b1b8      0x16c ILI9341/ILI9341_GFX.o
                0x000000000800b1b8                ILI9341_Draw_Bordered_Filled_Rectangle_Coord
 .text.ILI9341_Draw_Char
                0x000000000800b324      0x168 ILI9341/ILI9341_GFX.o
                0x000000000800b324                ILI9341_Draw_Char
 .text.ILI9341_Draw_Text
                0x000000000800b48c       0x5a ILI9341/ILI9341_GFX.o
                0x000000000800b48c                ILI9341_Draw_Text
 *fill*         0x000000000800b4e6        0x2 
 .text.ILI9341_FillScreenGradient
                0x000000000800b4e8       0x48 ILI9341/ILI9341_GFX.o
                0x000000000800b4e8                ILI9341_FillScreenGradient
 .text.ILI9341_Init
                0x000000000800b530      0x21a ILI9341/ILI9341_STM32_Driver.o
                0x000000000800b530                ILI9341_Init
 *fill*         0x000000000800b74a        0x2 
 .text.ILI9341_SPI_Init
                0x000000000800b74c       0x3c ILI9341/ILI9341_STM32_Driver.o
                0x000000000800b74c                ILI9341_SPI_Init
 .text.ILI9341_Draw_Horizontal_Line
                0x000000000800b788       0x90 ILI9341/ILI9341_STM32_Driver.o
                0x000000000800b788                ILI9341_Draw_Horizontal_Line
 .text.ILI9341_Draw_Vertical_Line
                0x000000000800b818       0x90 ILI9341/ILI9341_STM32_Driver.o
                0x000000000800b818                ILI9341_Draw_Vertical_Line
 .text.ILI9341_Set_Frame
                0x000000000800b8a8       0x98 ILI9341/ILI9341_STM32_Driver.o
                0x000000000800b8a8                ILI9341_Set_Frame
 .text.ILI9341_Fill_Screen
                0x000000000800b940       0x54 ILI9341/ILI9341_STM32_Driver.o
                0x000000000800b940                ILI9341_Fill_Screen
 .text.ILI9341_Draw_Pixel
                0x000000000800b994      0x270 ILI9341/ILI9341_STM32_Driver.o
                0x000000000800b994                ILI9341_Draw_Pixel
 .text.ILI9341_Draw_Rectangle
                0x000000000800bc04      0x10c ILI9341/ILI9341_STM32_Driver.o
                0x000000000800bc04                ILI9341_Draw_Rectangle
 .text.ILI9341_Set_Rotation
                0x000000000800bd10       0x9c ILI9341/ILI9341_STM32_Driver.o
                0x000000000800bd10                ILI9341_Set_Rotation
 .text._LCD_Enable
                0x000000000800bdac       0x20 ILI9341/ILI9341_STM32_Driver.o
                0x000000000800bdac                _LCD_Enable
 .text._LCD_Reset
                0x000000000800bdcc       0x3c ILI9341/ILI9341_STM32_Driver.o
                0x000000000800bdcc                _LCD_Reset
 .text._LCD_Write_Frame
                0x000000000800be08      0x160 ILI9341/ILI9341_STM32_Driver.o
                0x000000000800be08                _LCD_Write_Frame
 .text._LCD_SendCommand
                0x000000000800bf68       0x64 ILI9341/ILI9341_STM32_Driver.o
                0x000000000800bf68                _LCD_SendCommand
 .text._LCD_SendData
                0x000000000800bfcc       0x64 ILI9341/ILI9341_STM32_Driver.o
                0x000000000800bfcc                _LCD_SendData
 .text._SPI_SendByte
                0x000000000800c030       0x2c ILI9341/ILI9341_STM32_Driver.o
                0x000000000800c030                _SPI_SendByte
 .text._SPI_SendByteMultiByte
                0x000000000800c05c       0x30 ILI9341/ILI9341_STM32_Driver.o
                0x000000000800c05c                _SPI_SendByteMultiByte
 .text.__errno  0x000000000800c08c        0xc /home/chris/st/stm32cubeide_1.2.0/plugins/com.st.stm32cube.ide.mcu.externaltools.gnu-tools-for-stm32.7-2018-q2-update.linux64_1.0.0.201904181610/tools/bin/../lib/gcc/arm-none-eabi/7.3.1/../../../../arm-none-eabi/lib/thumb/v7e-m/fpv4-sp/hard/libc_nano.a(lib_a-errno.o)
                0x000000000800c08c                __errno
 .text.__libc_init_array
                0x000000000800c098       0x48 /home/chris/st/stm32cubeide_1.2.0/plugins/com.st.stm32cube.ide.mcu.externaltools.gnu-tools-for-stm32.7-2018-q2-update.linux64_1.0.0.201904181610/tools/bin/../lib/gcc/arm-none-eabi/7.3.1/../../../../arm-none-eabi/lib/thumb/v7e-m/fpv4-sp/hard/libc_nano.a(lib_a-init.o)
                0x000000000800c098                __libc_init_array
 .text.memset   0x000000000800c0e0       0x10 /home/chris/st/stm32cubeide_1.2.0/plugins/com.st.stm32cube.ide.mcu.externaltools.gnu-tools-for-stm32.7-2018-q2-update.linux64_1.0.0.201904181610/tools/bin/../lib/gcc/arm-none-eabi/7.3.1/../../../../arm-none-eabi/lib/thumb/v7e-m/fpv4-sp/hard/libc_nano.a(lib_a-memset.o)
                0x000000000800c0e0                memset
 .text.__cvt    0x000000000800c0f0       0xc2 /home/chris/st/stm32cubeide_1.2.0/plugins/com.st.stm32cube.ide.mcu.externaltools.gnu-tools-for-stm32.7-2018-q2-update.linux64_1.0.0.201904181610/tools/bin/../lib/gcc/arm-none-eabi/7.3.1/../../../../arm-none-eabi/lib/thumb/v7e-m/fpv4-sp/hard/libc_nano.a(lib_a-nano-vfprintf_float.o)
                0x000000000800c0f0                __cvt
 .text.__exponent
                0x000000000800c1b2       0x66 /home/chris/st/stm32cubeide_1.2.0/plugins/com.st.stm32cube.ide.mcu.externaltools.gnu-tools-for-stm32.7-2018-q2-update.linux64_1.0.0.201904181610/tools/bin/../lib/gcc/arm-none-eabi/7.3.1/../../../../arm-none-eabi/lib/thumb/v7e-m/fpv4-sp/hard/libc_nano.a(lib_a-nano-vfprintf_float.o)
                0x000000000800c1b2                __exponent
 .text._printf_float
                0x000000000800c218      0x480 /home/chris/st/stm32cubeide_1.2.0/plugins/com.st.stm32cube.ide.mcu.externaltools.gnu-tools-for-stm32.7-2018-q2-update.linux64_1.0.0.201904181610/tools/bin/../lib/gcc/arm-none-eabi/7.3.1/../../../../arm-none-eabi/lib/thumb/v7e-m/fpv4-sp/hard/libc_nano.a(lib_a-nano-vfprintf_float.o)
                0x000000000800c218                _printf_float
 .text._printf_common
                0x000000000800c698       0xea /home/chris/st/stm32cubeide_1.2.0/plugins/com.st.stm32cube.ide.mcu.externaltools.gnu-tools-for-stm32.7-2018-q2-update.linux64_1.0.0.201904181610/tools/bin/../lib/gcc/arm-none-eabi/7.3.1/../../../../arm-none-eabi/lib/thumb/v7e-m/fpv4-sp/hard/libc_nano.a(lib_a-nano-vfprintf_i.o)
                0x000000000800c698                _printf_common
 *fill*         0x000000000800c782        0x2 
 .text._printf_i
                0x000000000800c784      0x224 /home/chris/st/stm32cubeide_1.2.0/plugins/com.st.stm32cube.ide.mcu.externaltools.gnu-tools-for-stm32.7-2018-q2-update.linux64_1.0.0.201904181610/tools/bin/../lib/gcc/arm-none-eabi/7.3.1/../../../../arm-none-eabi/lib/thumb/v7e-m/fpv4-sp/hard/libc_nano.a(lib_a-nano-vfprintf_i.o)
                0x000000000800c784                _printf_i
 .text._puts_r  0x000000000800c9a8       0xb8 /home/chris/st/stm32cubeide_1.2.0/plugins/com.st.stm32cube.ide.mcu.externaltools.gnu-tools-for-stm32.7-2018-q2-update.linux64_1.0.0.201904181610/tools/bin/../lib/gcc/arm-none-eabi/7.3.1/../../../../arm-none-eabi/lib/thumb/v7e-m/fpv4-sp/hard/libc_nano.a(lib_a-puts.o)
                0x000000000800c9a8                _puts_r
 .text.puts     0x000000000800ca60       0x10 /home/chris/st/stm32cubeide_1.2.0/plugins/com.st.stm32cube.ide.mcu.externaltools.gnu-tools-for-stm32.7-2018-q2-update.linux64_1.0.0.201904181610/tools/bin/../lib/gcc/arm-none-eabi/7.3.1/../../../../arm-none-eabi/lib/thumb/v7e-m/fpv4-sp/hard/libc_nano.a(lib_a-puts.o)
                0x000000000800ca60                puts
 .text.snprintf
                0x000000000800ca70       0x68 /home/chris/st/stm32cubeide_1.2.0/plugins/com.st.stm32cube.ide.mcu.externaltools.gnu-tools-for-stm32.7-2018-q2-update.linux64_1.0.0.201904181610/tools/bin/../lib/gcc/arm-none-eabi/7.3.1/../../../../arm-none-eabi/lib/thumb/v7e-m/fpv4-sp/hard/libc_nano.a(lib_a-snprintf.o)
                0x000000000800ca70                snprintf
                0x000000000800ca70                sniprintf
 .text.strcat   0x000000000800cad8       0x1e /home/chris/st/stm32cubeide_1.2.0/plugins/com.st.stm32cube.ide.mcu.externaltools.gnu-tools-for-stm32.7-2018-q2-update.linux64_1.0.0.201904181610/tools/bin/../lib/gcc/arm-none-eabi/7.3.1/../../../../arm-none-eabi/lib/thumb/v7e-m/fpv4-sp/hard/libc_nano.a(lib_a-strcat.o)
                0x000000000800cad8                strcat
 *fill*         0x000000000800caf6        0x2 
 .text.__swbuf_r
                0x000000000800caf8       0xa4 /home/chris/st/stm32cubeide_1.2.0/plugins/com.st.stm32cube.ide.mcu.externaltools.gnu-tools-for-stm32.7-2018-q2-update.linux64_1.0.0.201904181610/tools/bin/../lib/gcc/arm-none-eabi/7.3.1/../../../../arm-none-eabi/lib/thumb/v7e-m/fpv4-sp/hard/libc_nano.a(lib_a-wbuf.o)
                0x000000000800caf8                __swbuf_r
 .text.__swsetup_r
                0x000000000800cb9c       0xdc /home/chris/st/stm32cubeide_1.2.0/plugins/com.st.stm32cube.ide.mcu.externaltools.gnu-tools-for-stm32.7-2018-q2-update.linux64_1.0.0.201904181610/tools/bin/../lib/gcc/arm-none-eabi/7.3.1/../../../../arm-none-eabi/lib/thumb/v7e-m/fpv4-sp/hard/libc_nano.a(lib_a-wsetup.o)
                0x000000000800cb9c                __swsetup_r
 .text.quorem   0x000000000800cc78      0x118 /home/chris/st/stm32cubeide_1.2.0/plugins/com.st.stm32cube.ide.mcu.externaltools.gnu-tools-for-stm32.7-2018-q2-update.linux64_1.0.0.201904181610/tools/bin/../lib/gcc/arm-none-eabi/7.3.1/../../../../arm-none-eabi/lib/thumb/v7e-m/fpv4-sp/hard/libc_nano.a(lib_a-dtoa.o)
 .text._dtoa_r  0x000000000800cd90      0xb70 /home/chris/st/stm32cubeide_1.2.0/plugins/com.st.stm32cube.ide.mcu.externaltools.gnu-tools-for-stm32.7-2018-q2-update.linux64_1.0.0.201904181610/tools/bin/../lib/gcc/arm-none-eabi/7.3.1/../../../../arm-none-eabi/lib/thumb/v7e-m/fpv4-sp/hard/libc_nano.a(lib_a-dtoa.o)
                0x000000000800cd90                _dtoa_r
 .text.__sflush_r
                0x000000000800d900      0x10c /home/chris/st/stm32cubeide_1.2.0/plugins/com.st.stm32cube.ide.mcu.externaltools.gnu-tools-for-stm32.7-2018-q2-update.linux64_1.0.0.201904181610/tools/bin/../lib/gcc/arm-none-eabi/7.3.1/../../../../arm-none-eabi/lib/thumb/v7e-m/fpv4-sp/hard/libc_nano.a(lib_a-fflush.o)
                0x000000000800d900                __sflush_r
 .text._fflush_r
                0x000000000800da0c       0x54 /home/chris/st/stm32cubeide_1.2.0/plugins/com.st.stm32cube.ide.mcu.externaltools.gnu-tools-for-stm32.7-2018-q2-update.linux64_1.0.0.201904181610/tools/bin/../lib/gcc/arm-none-eabi/7.3.1/../../../../arm-none-eabi/lib/thumb/v7e-m/fpv4-sp/hard/libc_nano.a(lib_a-fflush.o)
                0x000000000800da0c                _fflush_r
 .text.std      0x000000000800da60       0x48 /home/chris/st/stm32cubeide_1.2.0/plugins/com.st.stm32cube.ide.mcu.externaltools.gnu-tools-for-stm32.7-2018-q2-update.linux64_1.0.0.201904181610/tools/bin/../lib/gcc/arm-none-eabi/7.3.1/../../../../arm-none-eabi/lib/thumb/v7e-m/fpv4-sp/hard/libc_nano.a(lib_a-findfp.o)
 .text._cleanup_r
                0x000000000800daa8        0xc /home/chris/st/stm32cubeide_1.2.0/plugins/com.st.stm32cube.ide.mcu.externaltools.gnu-tools-for-stm32.7-2018-q2-update.linux64_1.0.0.201904181610/tools/bin/../lib/gcc/arm-none-eabi/7.3.1/../../../../arm-none-eabi/lib/thumb/v7e-m/fpv4-sp/hard/libc_nano.a(lib_a-findfp.o)
                0x000000000800daa8                _cleanup_r
 .text.__sfmoreglue
                0x000000000800dab4       0x2c /home/chris/st/stm32cubeide_1.2.0/plugins/com.st.stm32cube.ide.mcu.externaltools.gnu-tools-for-stm32.7-2018-q2-update.linux64_1.0.0.201904181610/tools/bin/../lib/gcc/arm-none-eabi/7.3.1/../../../../arm-none-eabi/lib/thumb/v7e-m/fpv4-sp/hard/libc_nano.a(lib_a-findfp.o)
                0x000000000800dab4                __sfmoreglue
 .text.__sinit  0x000000000800dae0       0x60 /home/chris/st/stm32cubeide_1.2.0/plugins/com.st.stm32cube.ide.mcu.externaltools.gnu-tools-for-stm32.7-2018-q2-update.linux64_1.0.0.201904181610/tools/bin/../lib/gcc/arm-none-eabi/7.3.1/../../../../arm-none-eabi/lib/thumb/v7e-m/fpv4-sp/hard/libc_nano.a(lib_a-findfp.o)
                0x000000000800dae0                __sinit
 .text.__sfp    0x000000000800db40       0x78 /home/chris/st/stm32cubeide_1.2.0/plugins/com.st.stm32cube.ide.mcu.externaltools.gnu-tools-for-stm32.7-2018-q2-update.linux64_1.0.0.201904181610/tools/bin/../lib/gcc/arm-none-eabi/7.3.1/../../../../arm-none-eabi/lib/thumb/v7e-m/fpv4-sp/hard/libc_nano.a(lib_a-findfp.o)
                0x000000000800db40                __sfp
 .text._fwalk_reent
                0x000000000800dbb8       0x3c /home/chris/st/stm32cubeide_1.2.0/plugins/com.st.stm32cube.ide.mcu.externaltools.gnu-tools-for-stm32.7-2018-q2-update.linux64_1.0.0.201904181610/tools/bin/../lib/gcc/arm-none-eabi/7.3.1/../../../../arm-none-eabi/lib/thumb/v7e-m/fpv4-sp/hard/libc_nano.a(lib_a-fwalk.o)
                0x000000000800dbb8                _fwalk_reent
 .text._localeconv_r
                0x000000000800dbf4       0x1c /home/chris/st/stm32cubeide_1.2.0/plugins/com.st.stm32cube.ide.mcu.externaltools.gnu-tools-for-stm32.7-2018-q2-update.linux64_1.0.0.201904181610/tools/bin/../lib/gcc/arm-none-eabi/7.3.1/../../../../arm-none-eabi/lib/thumb/v7e-m/fpv4-sp/hard/libc_nano.a(lib_a-localeconv.o)
                0x000000000800dbf4                _localeconv_r
 .text.__swhatbuf_r
                0x000000000800dc10       0x48 /home/chris/st/stm32cubeide_1.2.0/plugins/com.st.stm32cube.ide.mcu.externaltools.gnu-tools-for-stm32.7-2018-q2-update.linux64_1.0.0.201904181610/tools/bin/../lib/gcc/arm-none-eabi/7.3.1/../../../../arm-none-eabi/lib/thumb/v7e-m/fpv4-sp/hard/libc_nano.a(lib_a-makebuf.o)
                0x000000000800dc10                __swhatbuf_r
 .text.__smakebuf_r
                0x000000000800dc58       0x80 /home/chris/st/stm32cubeide_1.2.0/plugins/com.st.stm32cube.ide.mcu.externaltools.gnu-tools-for-stm32.7-2018-q2-update.linux64_1.0.0.201904181610/tools/bin/../lib/gcc/arm-none-eabi/7.3.1/../../../../arm-none-eabi/lib/thumb/v7e-m/fpv4-sp/hard/libc_nano.a(lib_a-makebuf.o)
                0x000000000800dc58                __smakebuf_r
 .text.malloc   0x000000000800dcd8       0x10 /home/chris/st/stm32cubeide_1.2.0/plugins/com.st.stm32cube.ide.mcu.externaltools.gnu-tools-for-stm32.7-2018-q2-update.linux64_1.0.0.201904181610/tools/bin/../lib/gcc/arm-none-eabi/7.3.1/../../../../arm-none-eabi/lib/thumb/v7e-m/fpv4-sp/hard/libc_nano.a(lib_a-malloc.o)
                0x000000000800dcd8                malloc
 .text.memcpy   0x000000000800dce8       0x16 /home/chris/st/stm32cubeide_1.2.0/plugins/com.st.stm32cube.ide.mcu.externaltools.gnu-tools-for-stm32.7-2018-q2-update.linux64_1.0.0.201904181610/tools/bin/../lib/gcc/arm-none-eabi/7.3.1/../../../../arm-none-eabi/lib/thumb/v7e-m/fpv4-sp/hard/libc_nano.a(lib_a-memcpy-stub.o)
                0x000000000800dce8                memcpy
 .text._Balloc  0x000000000800dcfe       0x68 /home/chris/st/stm32cubeide_1.2.0/plugins/com.st.stm32cube.ide.mcu.externaltools.gnu-tools-for-stm32.7-2018-q2-update.linux64_1.0.0.201904181610/tools/bin/../lib/gcc/arm-none-eabi/7.3.1/../../../../arm-none-eabi/lib/thumb/v7e-m/fpv4-sp/hard/libc_nano.a(lib_a-mprec.o)
                0x000000000800dcfe                _Balloc
 .text._Bfree   0x000000000800dd66       0x2e /home/chris/st/stm32cubeide_1.2.0/plugins/com.st.stm32cube.ide.mcu.externaltools.gnu-tools-for-stm32.7-2018-q2-update.linux64_1.0.0.201904181610/tools/bin/../lib/gcc/arm-none-eabi/7.3.1/../../../../arm-none-eabi/lib/thumb/v7e-m/fpv4-sp/hard/libc_nano.a(lib_a-mprec.o)
                0x000000000800dd66                _Bfree
 .text.__multadd
                0x000000000800dd94       0x76 /home/chris/st/stm32cubeide_1.2.0/plugins/com.st.stm32cube.ide.mcu.externaltools.gnu-tools-for-stm32.7-2018-q2-update.linux64_1.0.0.201904181610/tools/bin/../lib/gcc/arm-none-eabi/7.3.1/../../../../arm-none-eabi/lib/thumb/v7e-m/fpv4-sp/hard/libc_nano.a(lib_a-mprec.o)
                0x000000000800dd94                __multadd
 .text.__hi0bits
                0x000000000800de0a       0x3e /home/chris/st/stm32cubeide_1.2.0/plugins/com.st.stm32cube.ide.mcu.externaltools.gnu-tools-for-stm32.7-2018-q2-update.linux64_1.0.0.201904181610/tools/bin/../lib/gcc/arm-none-eabi/7.3.1/../../../../arm-none-eabi/lib/thumb/v7e-m/fpv4-sp/hard/libc_nano.a(lib_a-mprec.o)
                0x000000000800de0a                __hi0bits
 .text.__lo0bits
                0x000000000800de48       0x5e /home/chris/st/stm32cubeide_1.2.0/plugins/com.st.stm32cube.ide.mcu.externaltools.gnu-tools-for-stm32.7-2018-q2-update.linux64_1.0.0.201904181610/tools/bin/../lib/gcc/arm-none-eabi/7.3.1/../../../../arm-none-eabi/lib/thumb/v7e-m/fpv4-sp/hard/libc_nano.a(lib_a-mprec.o)
                0x000000000800de48                __lo0bits
 .text.__i2b    0x000000000800dea6       0x12 /home/chris/st/stm32cubeide_1.2.0/plugins/com.st.stm32cube.ide.mcu.externaltools.gnu-tools-for-stm32.7-2018-q2-update.linux64_1.0.0.201904181610/tools/bin/../lib/gcc/arm-none-eabi/7.3.1/../../../../arm-none-eabi/lib/thumb/v7e-m/fpv4-sp/hard/libc_nano.a(lib_a-mprec.o)
                0x000000000800dea6                __i2b
 .text.__multiply
                0x000000000800deb8      0x12c /home/chris/st/stm32cubeide_1.2.0/plugins/com.st.stm32cube.ide.mcu.externaltools.gnu-tools-for-stm32.7-2018-q2-update.linux64_1.0.0.201904181610/tools/bin/../lib/gcc/arm-none-eabi/7.3.1/../../../../arm-none-eabi/lib/thumb/v7e-m/fpv4-sp/hard/libc_nano.a(lib_a-mprec.o)
                0x000000000800deb8                __multiply
 .text.__pow5mult
                0x000000000800dfe4       0x9c /home/chris/st/stm32cubeide_1.2.0/plugins/com.st.stm32cube.ide.mcu.externaltools.gnu-tools-for-stm32.7-2018-q2-update.linux64_1.0.0.201904181610/tools/bin/../lib/gcc/arm-none-eabi/7.3.1/../../../../arm-none-eabi/lib/thumb/v7e-m/fpv4-sp/hard/libc_nano.a(lib_a-mprec.o)
                0x000000000800dfe4                __pow5mult
 .text.__lshift
                0x000000000800e080       0xa8 /home/chris/st/stm32cubeide_1.2.0/plugins/com.st.stm32cube.ide.mcu.externaltools.gnu-tools-for-stm32.7-2018-q2-update.linux64_1.0.0.201904181610/tools/bin/../lib/gcc/arm-none-eabi/7.3.1/../../../../arm-none-eabi/lib/thumb/v7e-m/fpv4-sp/hard/libc_nano.a(lib_a-mprec.o)
                0x000000000800e080                __lshift
 .text.__mcmp   0x000000000800e128       0x34 /home/chris/st/stm32cubeide_1.2.0/plugins/com.st.stm32cube.ide.mcu.externaltools.gnu-tools-for-stm32.7-2018-q2-update.linux64_1.0.0.201904181610/tools/bin/../lib/gcc/arm-none-eabi/7.3.1/../../../../arm-none-eabi/lib/thumb/v7e-m/fpv4-sp/hard/libc_nano.a(lib_a-mprec.o)
                0x000000000800e128                __mcmp
 .text.__mdiff  0x000000000800e15c       0xba /home/chris/st/stm32cubeide_1.2.0/plugins/com.st.stm32cube.ide.mcu.externaltools.gnu-tools-for-stm32.7-2018-q2-update.linux64_1.0.0.201904181610/tools/bin/../lib/gcc/arm-none-eabi/7.3.1/../../../../arm-none-eabi/lib/thumb/v7e-m/fpv4-sp/hard/libc_nano.a(lib_a-mprec.o)
                0x000000000800e15c                __mdiff
 .text.__d2b    0x000000000800e216       0x9e /home/chris/st/stm32cubeide_1.2.0/plugins/com.st.stm32cube.ide.mcu.externaltools.gnu-tools-for-stm32.7-2018-q2-update.linux64_1.0.0.201904181610/tools/bin/../lib/gcc/arm-none-eabi/7.3.1/../../../../arm-none-eabi/lib/thumb/v7e-m/fpv4-sp/hard/libc_nano.a(lib_a-mprec.o)
                0x000000000800e216                __d2b
 .text._calloc_r
                0x000000000800e2b4       0x1c /home/chris/st/stm32cubeide_1.2.0/plugins/com.st.stm32cube.ide.mcu.externaltools.gnu-tools-for-stm32.7-2018-q2-update.linux64_1.0.0.201904181610/tools/bin/../lib/gcc/arm-none-eabi/7.3.1/../../../../arm-none-eabi/lib/thumb/v7e-m/fpv4-sp/hard/libc_nano.a(lib_a-nano-callocr.o)
                0x000000000800e2b4                _calloc_r
 .text._free_r  0x000000000800e2d0       0x9c /home/chris/st/stm32cubeide_1.2.0/plugins/com.st.stm32cube.ide.mcu.externaltools.gnu-tools-for-stm32.7-2018-q2-update.linux64_1.0.0.201904181610/tools/bin/../lib/gcc/arm-none-eabi/7.3.1/../../../../arm-none-eabi/lib/thumb/v7e-m/fpv4-sp/hard/libc_nano.a(lib_a-nano-freer.o)
                0x000000000800e2d0                _free_r
 .text._malloc_r
                0x000000000800e36c       0xb4 /home/chris/st/stm32cubeide_1.2.0/plugins/com.st.stm32cube.ide.mcu.externaltools.gnu-tools-for-stm32.7-2018-q2-update.linux64_1.0.0.201904181610/tools/bin/../lib/gcc/arm-none-eabi/7.3.1/../../../../arm-none-eabi/lib/thumb/v7e-m/fpv4-sp/hard/libc_nano.a(lib_a-nano-mallocr.o)
                0x000000000800e36c                _malloc_r
 .text.__ssputs_r
                0x000000000800e420       0xb4 /home/chris/st/stm32cubeide_1.2.0/plugins/com.st.stm32cube.ide.mcu.externaltools.gnu-tools-for-stm32.7-2018-q2-update.linux64_1.0.0.201904181610/tools/bin/../lib/gcc/arm-none-eabi/7.3.1/../../../../arm-none-eabi/lib/thumb/v7e-m/fpv4-sp/hard/libc_nano.a(lib_a-nano-svfprintf.o)
                0x000000000800e420                __ssputs_r
 .text._svfprintf_r
                0x000000000800e4d4      0x1f0 /home/chris/st/stm32cubeide_1.2.0/plugins/com.st.stm32cube.ide.mcu.externaltools.gnu-tools-for-stm32.7-2018-q2-update.linux64_1.0.0.201904181610/tools/bin/../lib/gcc/arm-none-eabi/7.3.1/../../../../arm-none-eabi/lib/thumb/v7e-m/fpv4-sp/hard/libc_nano.a(lib_a-nano-svfprintf.o)
                0x000000000800e4d4                _svfprintf_r
                0x000000000800e4d4                _svfiprintf_r
 .text._sbrk_r  0x000000000800e6c4       0x20 /home/chris/st/stm32cubeide_1.2.0/plugins/com.st.stm32cube.ide.mcu.externaltools.gnu-tools-for-stm32.7-2018-q2-update.linux64_1.0.0.201904181610/tools/bin/../lib/gcc/arm-none-eabi/7.3.1/../../../../arm-none-eabi/lib/thumb/v7e-m/fpv4-sp/hard/libc_nano.a(lib_a-sbrkr.o)
                0x000000000800e6c4                _sbrk_r
 .text.__sread  0x000000000800e6e4       0x22 /home/chris/st/stm32cubeide_1.2.0/plugins/com.st.stm32cube.ide.mcu.externaltools.gnu-tools-for-stm32.7-2018-q2-update.linux64_1.0.0.201904181610/tools/bin/../lib/gcc/arm-none-eabi/7.3.1/../../../../arm-none-eabi/lib/thumb/v7e-m/fpv4-sp/hard/libc_nano.a(lib_a-stdio.o)
                0x000000000800e6e4                __sread
 .text.__swrite
                0x000000000800e706       0x38 /home/chris/st/stm32cubeide_1.2.0/plugins/com.st.stm32cube.ide.mcu.externaltools.gnu-tools-for-stm32.7-2018-q2-update.linux64_1.0.0.201904181610/tools/bin/../lib/gcc/arm-none-eabi/7.3.1/../../../../arm-none-eabi/lib/thumb/v7e-m/fpv4-sp/hard/libc_nano.a(lib_a-stdio.o)
                0x000000000800e706                __swrite
 .text.__sseek  0x000000000800e73e       0x24 /home/chris/st/stm32cubeide_1.2.0/plugins/com.st.stm32cube.ide.mcu.externaltools.gnu-tools-for-stm32.7-2018-q2-update.linux64_1.0.0.201904181610/tools/bin/../lib/gcc/arm-none-eabi/7.3.1/../../../../arm-none-eabi/lib/thumb/v7e-m/fpv4-sp/hard/libc_nano.a(lib_a-stdio.o)
                0x000000000800e73e                __sseek
 .text.__sclose
                0x000000000800e762        0x8 /home/chris/st/stm32cubeide_1.2.0/plugins/com.st.stm32cube.ide.mcu.externaltools.gnu-tools-for-stm32.7-2018-q2-update.linux64_1.0.0.201904181610/tools/bin/../lib/gcc/arm-none-eabi/7.3.1/../../../../arm-none-eabi/lib/thumb/v7e-m/fpv4-sp/hard/libc_nano.a(lib_a-stdio.o)
                0x000000000800e762                __sclose
 *fill*         0x000000000800e76a        0x2 
 .text._write_r
                0x000000000800e76c       0x24 /home/chris/st/stm32cubeide_1.2.0/plugins/com.st.stm32cube.ide.mcu.externaltools.gnu-tools-for-stm32.7-2018-q2-update.linux64_1.0.0.201904181610/tools/bin/../lib/gcc/arm-none-eabi/7.3.1/../../../../arm-none-eabi/lib/thumb/v7e-m/fpv4-sp/hard/libc_nano.a(lib_a-writer.o)
                0x000000000800e76c                _write_r
 .text._close_r
                0x000000000800e790       0x20 /home/chris/st/stm32cubeide_1.2.0/plugins/com.st.stm32cube.ide.mcu.externaltools.gnu-tools-for-stm32.7-2018-q2-update.linux64_1.0.0.201904181610/tools/bin/../lib/gcc/arm-none-eabi/7.3.1/../../../../arm-none-eabi/lib/thumb/v7e-m/fpv4-sp/hard/libc_nano.a(lib_a-closer.o)
                0x000000000800e790                _close_r
 .text._fstat_r
                0x000000000800e7b0       0x24 /home/chris/st/stm32cubeide_1.2.0/plugins/com.st.stm32cube.ide.mcu.externaltools.gnu-tools-for-stm32.7-2018-q2-update.linux64_1.0.0.201904181610/tools/bin/../lib/gcc/arm-none-eabi/7.3.1/../../../../arm-none-eabi/lib/thumb/v7e-m/fpv4-sp/hard/libc_nano.a(lib_a-fstatr.o)
                0x000000000800e7b0                _fstat_r
 .text._isatty_r
                0x000000000800e7d4       0x20 /home/chris/st/stm32cubeide_1.2.0/plugins/com.st.stm32cube.ide.mcu.externaltools.gnu-tools-for-stm32.7-2018-q2-update.linux64_1.0.0.201904181610/tools/bin/../lib/gcc/arm-none-eabi/7.3.1/../../../../arm-none-eabi/lib/thumb/v7e-m/fpv4-sp/hard/libc_nano.a(lib_a-isattyr.o)
                0x000000000800e7d4                _isatty_r
 .text._lseek_r
                0x000000000800e7f4       0x24 /home/chris/st/stm32cubeide_1.2.0/plugins/com.st.stm32cube.ide.mcu.externaltools.gnu-tools-for-stm32.7-2018-q2-update.linux64_1.0.0.201904181610/tools/bin/../lib/gcc/arm-none-eabi/7.3.1/../../../../arm-none-eabi/lib/thumb/v7e-m/fpv4-sp/hard/libc_nano.a(lib_a-lseekr.o)
                0x000000000800e7f4                _lseek_r
 .text.__ascii_mbtowc
                0x000000000800e818       0x24 /home/chris/st/stm32cubeide_1.2.0/plugins/com.st.stm32cube.ide.mcu.externaltools.gnu-tools-for-stm32.7-2018-q2-update.linux64_1.0.0.201904181610/tools/bin/../lib/gcc/arm-none-eabi/7.3.1/../../../../arm-none-eabi/lib/thumb/v7e-m/fpv4-sp/hard/libc_nano.a(lib_a-mbtowc_r.o)
                0x000000000800e818                __ascii_mbtowc
 .text.memmove  0x000000000800e83c       0x32 /home/chris/st/stm32cubeide_1.2.0/plugins/com.st.stm32cube.ide.mcu.externaltools.gnu-tools-for-stm32.7-2018-q2-update.linux64_1.0.0.201904181610/tools/bin/../lib/gcc/arm-none-eabi/7.3.1/../../../../arm-none-eabi/lib/thumb/v7e-m/fpv4-sp/hard/libc_nano.a(lib_a-memmove.o)
                0x000000000800e83c                memmove
 .text.__malloc_lock
                0x000000000800e86e        0x2 /home/chris/st/stm32cubeide_1.2.0/plugins/com.st.stm32cube.ide.mcu.externaltools.gnu-tools-for-stm32.7-2018-q2-update.linux64_1.0.0.201904181610/tools/bin/../lib/gcc/arm-none-eabi/7.3.1/../../../../arm-none-eabi/lib/thumb/v7e-m/fpv4-sp/hard/libc_nano.a(lib_a-mlock.o)
                0x000000000800e86e                __malloc_lock
 .text.__malloc_unlock
                0x000000000800e870        0x2 /home/chris/st/stm32cubeide_1.2.0/plugins/com.st.stm32cube.ide.mcu.externaltools.gnu-tools-for-stm32.7-2018-q2-update.linux64_1.0.0.201904181610/tools/bin/../lib/gcc/arm-none-eabi/7.3.1/../../../../arm-none-eabi/lib/thumb/v7e-m/fpv4-sp/hard/libc_nano.a(lib_a-mlock.o)
                0x000000000800e870                __malloc_unlock
 .text._realloc_r
                0x000000000800e872       0x4c /home/chris/st/stm32cubeide_1.2.0/plugins/com.st.stm32cube.ide.mcu.externaltools.gnu-tools-for-stm32.7-2018-q2-update.linux64_1.0.0.201904181610/tools/bin/../lib/gcc/arm-none-eabi/7.3.1/../../../../arm-none-eabi/lib/thumb/v7e-m/fpv4-sp/hard/libc_nano.a(lib_a-nano-reallocr.o)
                0x000000000800e872                _realloc_r
 *fill*         0x000000000800e8be        0x2 
 .text._read_r  0x000000000800e8c0       0x24 /home/chris/st/stm32cubeide_1.2.0/plugins/com.st.stm32cube.ide.mcu.externaltools.gnu-tools-for-stm32.7-2018-q2-update.linux64_1.0.0.201904181610/tools/bin/../lib/gcc/arm-none-eabi/7.3.1/../../../../arm-none-eabi/lib/thumb/v7e-m/fpv4-sp/hard/libc_nano.a(lib_a-readr.o)
                0x000000000800e8c0                _read_r
 .text.__ascii_wctomb
                0x000000000800e8e4       0x1a /home/chris/st/stm32cubeide_1.2.0/plugins/com.st.stm32cube.ide.mcu.externaltools.gnu-tools-for-stm32.7-2018-q2-update.linux64_1.0.0.201904181610/tools/bin/../lib/gcc/arm-none-eabi/7.3.1/../../../../arm-none-eabi/lib/thumb/v7e-m/fpv4-sp/hard/libc_nano.a(lib_a-wctomb_r.o)
                0x000000000800e8e4                __ascii_wctomb
 .text._malloc_usable_size_r
                0x000000000800e8fe       0x10 /home/chris/st/stm32cubeide_1.2.0/plugins/com.st.stm32cube.ide.mcu.externaltools.gnu-tools-for-stm32.7-2018-q2-update.linux64_1.0.0.201904181610/tools/bin/../lib/gcc/arm-none-eabi/7.3.1/../../../../arm-none-eabi/lib/thumb/v7e-m/fpv4-sp/hard/libc_nano.a(lib_a-nano-msizer.o)
                0x000000000800e8fe                _malloc_usable_size_r
 *(.glue_7)
 .glue_7        0x000000000800e90e        0x0 linker stubs
 *(.glue_7t)
 .glue_7t       0x000000000800e90e        0x0 linker stubs
 *(.eh_frame)
 *fill*         0x000000000800e90e        0x2 