Archive member included to satisfy reference by file (symbol)

/home/chris/st/stm32cubeide_1.2.0/plugins/com.st.stm32cube.ide.mcu.externaltools.gnu-tools-for-stm32.7-2018-q2-update.linux64_1.0.0.201904181610/tools/bin/../lib/gcc/arm-none-eabi/7.3.1/../../../../arm-none-eabi/lib/thumb/v7e-m/fpv4-sp/hard/libc_nano.a(lib_a-errno.o)
                              Core/Src/syscalls.o (__errno)
/home/chris/st/stm32cubeide_1.2.0/plugins/com.st.stm32cube.ide.mcu.externaltools.gnu-tools-for-stm32.7-2018-q2-update.linux64_1.0.0.201904181610/tools/bin/../lib/gcc/arm-none-eabi/7.3.1/../../../../arm-none-eabi/lib/thumb/v7e-m/fpv4-sp/hard/libc_nano.a(lib_a-exit.o)
                              /home/chris/st/stm32cubeide_1.2.0/plugins/com.st.stm32cube.ide.mcu.externaltools.gnu-tools-for-stm32.7-2018-q2-update.linux64_1.0.0.201904181610/tools/bin/../lib/gcc/arm-none-eabi/7.3.1/../../../../arm-none-eabi/lib/thumb/v7e-m/fpv4-sp/hard/crt0.o (exit)
/home/chris/st/stm32cubeide_1.2.0/plugins/com.st.stm32cube.ide.mcu.externaltools.gnu-tools-for-stm32.7-2018-q2-update.linux64_1.0.0.201904181610/tools/bin/../lib/gcc/arm-none-eabi/7.3.1/../../../../arm-none-eabi/lib/thumb/v7e-m/fpv4-sp/hard/libc_nano.a(lib_a-impure.o)
                              /home/chris/st/stm32cubeide_1.2.0/plugins/com.st.stm32cube.ide.mcu.externaltools.gnu-tools-for-stm32.7-2018-q2-update.linux64_1.0.0.201904181610/tools/bin/../lib/gcc/arm-none-eabi/7.3.1/../../../../arm-none-eabi/lib/thumb/v7e-m/fpv4-sp/hard/libc_nano.a(lib_a-exit.o) (_global_impure_ptr)
/home/chris/st/stm32cubeide_1.2.0/plugins/com.st.stm32cube.ide.mcu.externaltools.gnu-tools-for-stm32.7-2018-q2-update.linux64_1.0.0.201904181610/tools/bin/../lib/gcc/arm-none-eabi/7.3.1/../../../../arm-none-eabi/lib/thumb/v7e-m/fpv4-sp/hard/libc_nano.a(lib_a-init.o)
                              /home/chris/st/stm32cubeide_1.2.0/plugins/com.st.stm32cube.ide.mcu.externaltools.gnu-tools-for-stm32.7-2018-q2-update.linux64_1.0.0.201904181610/tools/bin/../lib/gcc/arm-none-eabi/7.3.1/../../../../arm-none-eabi/lib/thumb/v7e-m/fpv4-sp/hard/crt0.o (__libc_init_array)
/home/chris/st/stm32cubeide_1.2.0/plugins/com.st.stm32cube.ide.mcu.externaltools.gnu-tools-for-stm32.7-2018-q2-update.linux64_1.0.0.201904181610/tools/bin/../lib/gcc/arm-none-eabi/7.3.1/../../../../arm-none-eabi/lib/thumb/v7e-m/fpv4-sp/hard/libc_nano.a(lib_a-memset.o)
                              /home/chris/st/stm32cubeide_1.2.0/plugins/com.st.stm32cube.ide.mcu.externaltools.gnu-tools-for-stm32.7-2018-q2-update.linux64_1.0.0.201904181610/tools/bin/../lib/gcc/arm-none-eabi/7.3.1/../../../../arm-none-eabi/lib/thumb/v7e-m/fpv4-sp/hard/crt0.o (memset)
/home/chris/st/stm32cubeide_1.2.0/plugins/com.st.stm32cube.ide.mcu.externaltools.gnu-tools-for-stm32.7-2018-q2-update.linux64_1.0.0.201904181610/tools/bin/../lib/gcc/arm-none-eabi/7.3.1/../../../../arm-none-eabi/lib/thumb/v7e-m/fpv4-sp/hard/libc_nano.a(lib_a-puts.o)
                              Core/Src/DisplayManager/DisplayManager.o (puts)
/home/chris/st/stm32cubeide_1.2.0/plugins/com.st.stm32cube.ide.mcu.externaltools.gnu-tools-for-stm32.7-2018-q2-update.linux64_1.0.0.201904181610/tools/bin/../lib/gcc/arm-none-eabi/7.3.1/../../../../arm-none-eabi/lib/thumb/v7e-m/fpv4-sp/hard/libc_nano.a(lib_a-snprintf.o)
                              Core/Src/DisplayManager/DisplayManager.o (snprintf)
/home/chris/st/stm32cubeide_1.2.0/plugins/com.st.stm32cube.ide.mcu.externaltools.gnu-tools-for-stm32.7-2018-q2-update.linux64_1.0.0.201904181610/tools/bin/../lib/gcc/arm-none-eabi/7.3.1/../../../../arm-none-eabi/lib/thumb/v7e-m/fpv4-sp/hard/libc_nano.a(lib_a-strcat.o)
                              Core/Src/DisplayManager/DisplayManager.o (strcat)
/home/chris/st/stm32cubeide_1.2.0/plugins/com.st.stm32cube.ide.mcu.externaltools.gnu-tools-for-stm32.7-2018-q2-update.linux64_1.0.0.201904181610/tools/bin/../lib/gcc/arm-none-eabi/7.3.1/../../../../arm-none-eabi/lib/thumb/v7e-m/fpv4-sp/hard/libc_nano.a(lib_a-strcmp.o)
                              ILI9341/ILI9341_TextManager.o (strcmp)
/home/chris/st/stm32cubeide_1.2.0/plugins/com.st.stm32cube.ide.mcu.externaltools.gnu-tools-for-stm32.7-2018-q2-update.linux64_1.0.0.201904181610/tools/bin/../lib/gcc/arm-none-eabi/7.3.1/../../../../arm-none-eabi/lib/thumb/v7e-m/fpv4-sp/hard/libc_nano.a(lib_a-wbuf.o)
                              /home/chris/st/stm32cubeide_1.2.0/plugins/com.st.stm32cube.ide.mcu.externaltools.gnu-tools-for-stm32.7-2018-q2-update.linux64_1.0.0.201904181610/tools/bin/../lib/gcc/arm-none-eabi/7.3.1/../../../../arm-none-eabi/lib/thumb/v7e-m/fpv4-sp/hard/libc_nano.a(lib_a-puts.o) (__swbuf_r)
/home/chris/st/stm32cubeide_1.2.0/plugins/com.st.stm32cube.ide.mcu.externaltools.gnu-tools-for-stm32.7-2018-q2-update.linux64_1.0.0.201904181610/tools/bin/../lib/gcc/arm-none-eabi/7.3.1/../../../../arm-none-eabi/lib/thumb/v7e-m/fpv4-sp/hard/libc_nano.a(lib_a-wsetup.o)
[...]
Memory Configuration

Name             Origin             Length             Attributes
RAM              0x0000000020000000 0x0000000000020000 xrw
FLASH            0x0000000008000000 0x0000000000080000 xr
*default*        0x0000000000000000 0xffffffffffffffff

Linker script and memory map

LOAD /home/chris/st/stm32cubeide_1.2.0/plugins/com.st.stm32cube.ide.mcu.externaltools.gnu-tools-for-stm32.7-2018-q2-update.linux64_1.0.0.201904181610/tools/bin/../lib/gcc/arm-none-eabi/7.3.1/thumb/v7e-m/fpv4-sp/hard/crti.o
LOAD /home/chris/st/stm32cubeide_1.2.0/plugins/com.st.stm32cube.ide.mcu.externaltools.gnu-tools-for-stm32.7-2018-q2-update.linux64_1.0.0.201904181610/tools/bin/../lib/gcc/arm-none-eabi/7.3.1/thumb/v7e-m/fpv4-sp/hard/crtbegin.o
LOAD /home/chris/st/stm32cubeide_1.2.0/plugins/com.st.stm32cube.ide.mcu.externaltools.gnu-tools-for-stm32.7-2018-q2-update.linux64_1.0.0.201904181610/tools/bin/../lib/gcc/arm-none-eabi/7.3.1/../../../../arm-none-eabi/lib/thumb/v7e-m/fpv4-sp/hard/crt0.o
LOAD Core/Src/DisplayManager/DisplayManager.o
LOAD Core/Src/EventManager/EventManager.o
LOAD Core/Src/SIgnalManager/BiasOutput.o
LOAD Core/Src/SIgnalManager/FreqOutput.o
LOAD Core/Src/SIgnalManager/FunctionOutput.o
LOAD Core/Src/SIgnalManager/GainOutput.o
LOAD Core/Src/SIgnalManager/SignalManager.o
LOAD Core/Src/adc.o
LOAD Core/Src/comp.o
LOAD Core/Src/dac.o
LOAD Core/Src/dma.o
LOAD Core/Src/funcgen.o
LOAD Core/Src/gpio.o
LOAD Core/Src/main.o
LOAD Core/Src/rng.o
LOAD Core/Src/spi.o
LOAD Core/Src/stm32g4xx_hal_msp.o
LOAD Core/Src/stm32g4xx_it.o
LOAD Core/Src/syscalls.o
LOAD Core/Src/sysmem.o
LOAD Core/Src/system_stm32g4xx.o
LOAD Core/Src/tim.o
LOAD Core/Startup/startup_stm32g474retx.o
LOAD Drivers/STM32G4xx_HAL_Driver/Src/stm32g4xx_hal.o
LOAD Drivers/STM32G4xx_HAL_Driver/Src/stm32g4xx_hal_adc.o
LOAD Drivers/STM32G4xx_HAL_Driver/Src/stm32g4xx_hal_adc_ex.o
LOAD Drivers/STM32G4xx_HAL_Driver/Src/stm32g4xx_hal_comp.o
LOAD Drivers/STM32G4xx_HAL_Driver/Src/stm32g4xx_hal_cortex.o
LOAD Drivers/STM32G4xx_HAL_Driver/Src/stm32g4xx_hal_dac.o
LOAD Drivers/STM32G4xx_HAL_Driver/Src/stm32g4xx_hal_dac_ex.o
LOAD Drivers/STM32G4xx_HAL_Driver/Src/stm32g4xx_hal_dma.o
LOAD Drivers/STM32G4xx_HAL_Driver/Src/stm32g4xx_hal_dma_ex.o
LOAD Drivers/STM32G4xx_HAL_Driver/Src/stm32g4xx_hal_exti.o
LOAD Drivers/STM32G4xx_HAL_Driver/Src/stm32g4xx_hal_flash.o
LOAD Drivers/STM32G4xx_HAL_Driver/Src/stm32g4xx_hal_flash_ex.o
LOAD Drivers/STM32G4xx_HAL_Driver/Src/stm32g4xx_hal_flash_ramfunc.o
LOAD Drivers/STM32G4xx_HAL_Driver/Src/stm32g4xx_hal_gpio.o
LOAD Drivers/STM32G4xx_HAL_Driver/Src/stm32g4xx_hal_pwr.o
LOAD Drivers/STM32G4xx_HAL_Driver/Src/stm32g4xx_hal_pwr_ex.o
LOAD Drivers/STM32G4xx_HAL_Driver/Src/stm32g4xx_hal_rcc.o
LOAD Drivers/STM32G4xx_HAL_Driver/Src/stm32g4xx_hal_rcc_ex.o
LOAD Drivers/STM32G4xx_HAL_Driver/Src/stm32g4xx_hal_spi.o
LOAD Drivers/STM32G4xx_HAL_Driver/Src/stm32g4xx_hal_spi_ex.o
LOAD Drivers/STM32G4xx_HAL_Driver/Src/stm32g4xx_hal_tim.o
LOAD Drivers/STM32G4xx_HAL_Driver/Src/stm32g4xx_hal_tim_ex.o
LOAD Drivers/STM32G4xx_HAL_Driver/Src/stm32g4xx_ll_adc.o
LOAD Drivers/STM32G4xx_HAL_Driver/Src/stm32g4xx_ll_exti.o
LOAD Drivers/STM32G4xx_HAL_Driver/Src/stm32g4xx_ll_gpio.o
LOAD Drivers/STM32G4xx_HAL_Driver/Src/stm32g4xx_ll_pwr.o
LOAD Drivers/STM32G4xx_HAL_Driver/Src/stm32g4xx_ll_rng.o
LOAD Drivers/STM32G4xx_HAL_Driver/Src/stm32g4xx_ll_utils.o
LOAD ILI9341/ILI9341_GFX.o
LOAD ILI9341/ILI9341_STM32_Driver.o
LOAD ILI9341/ILI9341_TextManager.o
LOAD LogSequenceGeneration/fade_lin_seq.o
LOAD LogSequenceGeneration/fade_log_seq.o
LOAD WaveTableGeneration/pysaw.o
LOAD WaveTableGeneration/pysaw_rev.o
LOAD WaveTableGeneration/pysine.o
LOAD WaveTableGeneration/pysquare.o
LOAD WaveTableGeneration/pytriangle.o
LOAD WaveTableGeneration/pyunitimpulse.o
START GROUP
LOAD /home/chris/st/stm32cubeide_1.2.0/plugins/com.st.stm32cube.ide.mcu.externaltools.gnu-tools-for-stm32.7-2018-q2-update.linux64_1.0.0.201904181610/tools/bin/../lib/gcc/arm-none-eabi/7.3.1/../../../../arm-none-eabi/lib/thumb/v7e-m/fpv4-sp/hard/libc_nano.a
LOAD /home/chris/st/stm32cubeide_1.2.0/plugins/com.st.stm32cube.ide.mcu.externaltools.gnu-tools-for-stm32.7-2018-q2-update.linux64_1.0.0.201904181610/tools/bin/../lib/gcc/arm-none-eabi/7.3.1/../../../../arm-none-eabi/lib/thumb/v7e-m/fpv4-sp/hard/libm.a
END GROUP
START GROUP
LOAD /home/chris/st/stm32cubeide_1.2.0/plugins/com.st.stm32cube.ide.mcu.externaltools.gnu-tools-for-stm32.7-2018-q2-update.linux64_1.0.0.201904181610/tools/bin/../lib/gcc/arm-none-eabi/7.3.1/thumb/v7e-m/fpv4-sp/hard/libgcc.a
LOAD /home/chris/st/stm32cubeide_1.2.0/plugins/com.st.stm32cube.ide.mcu.externaltools.gnu-tools-for-stm32.7-2018-q2-update.linux64_1.0.0.201904181610/tools/bin/../lib/gcc/arm-none-eabi/7.3.1/../../../../arm-none-eabi/lib/thumb/v7e-m/fpv4-sp/hard/libc_nano.a
END GROUP
START GROUP
LOAD /home/chris/st/stm32cubeide_1.2.0/plugins/com.st.stm32cube.ide.mcu.externaltools.gnu-tools-for-stm32.7-2018-q2-update.linux64_1.0.0.201904181610/tools/bin/../lib/gcc/arm-none-eabi/7.3.1/thumb/v7e-m/fpv4-sp/hard/libgcc.a
LOAD /home/chris/st/stm32cubeide_1.2.0/plugins/com.st.stm32cube.ide.mcu.externaltools.gnu-tools-for-stm32.7-2018-q2-update.linux64_1.0.0.201904181610/tools/bin/../lib/gcc/arm-none-eabi/7.3.1/../../../../arm-none-eabi/lib/thumb/v7e-m/fpv4-sp/hard/libc_nano.a
LOAD /home/chris/st/stm32cubeide_1.2.0/plugins/com.st.stm32cube.ide.mcu.externaltools.gnu-tools-for-stm32.7-2018-q2-update.linux64_1.0.0.201904181610/tools/bin/../lib/gcc/arm-none-eabi/7.3.1/../../../../arm-none-eabi/lib/thumb/v7e-m/fpv4-sp/hard/libnosys.a
END GROUP
START GROUP
LOAD /home/chris/st/stm32cubeide_1.2.0/plugins/com.st.stm32cube.ide.mcu.externaltools.gnu-tools-for-stm32.7-2018-q2-update.linux64_1.0.0.201904181610/tools/bin/../lib/gcc/arm-none-eabi/7.3.1/thumb/v7e-m/fpv4-sp/hard/libgcc.a
LOAD /home/chris/st/stm32cubeide_1.2.0/plugins/com.st.stm32cube.ide.mcu.externaltools.gnu-tools-for-stm32.7-2018-q2-update.linux64_1.0.0.201904181610/tools/bin/../lib/gcc/arm-none-eabi/7.3.1/../../../../arm-none-eabi/lib/thumb/v7e-m/fpv4-sp/hard/libc_nano.a
LOAD /home/chris/st/stm32cubeide_1.2.0/plugins/com.st.stm32cube.ide.mcu.externaltools.gnu-tools-for-stm32.7-2018-q2-update.linux64_1.0.0.201904181610/tools/bin/../lib/gcc/arm-none-eabi/7.3.1/../../../../arm-none-eabi/lib/thumb/v7e-m/fpv4-sp/hard/libnosys.a
END GROUP
LOAD /home/chris/st/stm32cubeide_1.2.0/plugins/com.st.stm32cube.ide.mcu.externaltools.gnu-tools-for-stm32.7-2018-q2-update.linux64_1.0.0.201904181610/tools/bin/../lib/gcc/arm-none-eabi/7.3.1/thumb/v7e-m/fpv4-sp/hard/crtend.o
LOAD /home/chris/st/stm32cubeide_1.2.0/plugins/com.st.stm32cube.ide.mcu.externaltools.gnu-tools-for-stm32.7-2018-q2-update.linux64_1.0.0.201904181610/tools/bin/../lib/gcc/arm-none-eabi/7.3.1/thumb/v7e-m/fpv4-sp/hard/crtn.o
                0x0000000020020000                _estack = (ORIGIN (RAM) + LENGTH (RAM))
                0x0000000000000200                _Min_Heap_Size = 0x200
                0x0000000000000400                _Min_Stack_Size = 0x400

.isr_vector     0x0000000008000000      0x1d8
                0x0000000008000000                . = ALIGN (0x4)
 *(.isr_vector)
 .isr_vector    0x0000000008000000      0x1d8 Core/Startup/startup_stm32g474retx.o
                0x0000000008000000                g_pfnVectors
                0x00000000080001d8                . = ALIGN (0x4)

.text           0x00000000080001e0     0xa618
                0x00000000080001e0                . = ALIGN (0x4)
 *(.text)
 .text          0x00000000080001e0       0x40 /home/chris/st/stm32cubeide_1.2.0/plugins/com.st.stm32cube.ide.mcu.externaltools.gnu-tools-for-stm32.7-2018-q2-update.linux64_1.0.0.201904181610/tools/bin/../lib/gcc/arm-none-eabi/7.3.1/thumb/v7e-m/fpv4-sp/hard/crtbegin.o
 .text          0x0000000008000220       0xa0 /home/chris/st/stm32cubeide_1.2.0/plugins/com.st.stm32cube.ide.mcu.externaltools.gnu-tools-for-stm32.7-2018-q2-update.linux64_1.0.0.201904181610/tools/bin/../lib/gcc/arm-none-eabi/7.3.1/../../../../arm-none-eabi/lib/thumb/v7e-m/fpv4-sp/hard/libc_nano.a(lib_a-memchr.o)
                0x0000000008000220                memchr
 *(.text*)
 .text.DM_Init  0x00000000080002c0       0x1a Core/Src/DisplayManager/DisplayManager.o
                0x00000000080002c0                DM_Init
 *fill*         0x00000000080002da        0x2 
 .text.DM_PostInit
                0x00000000080002dc       0x3c Core/Src/DisplayManager/DisplayManager.o
                0x00000000080002dc                DM_PostInit
 .text.DM_UpdateDisplay
                0x0000000008000318      0x164 Core/Src/DisplayManager/DisplayManager.o
                0x0000000008000318                DM_UpdateDisplay
 .text.DM_ShowFuncSelectMenu
                0x000000000800047c       0x20 Core/Src/DisplayManager/DisplayManager.o
                0x000000000800047c                DM_ShowFuncSelectMenu
 .text._DrawFuncSelectMenu
                0x000000000800049c      0x374 Core/Src/DisplayManager/DisplayManager.o
                0x000000000800049c                _DrawFuncSelectMenu
 .text.DM_ShowGainSelectMenu
                0x0000000008000810       0x20 Core/Src/DisplayManager/DisplayManager.o
                0x0000000008000810                DM_ShowGainSelectMenu
 .text._DrawGainSelectMenu
                0x0000000008000830       0x5c Core/Src/DisplayManager/DisplayManager.o
                0x0000000008000830                _DrawGainSelectMenu
 .text.DM_ShowFreqSelectMenu
                0x000000000800088c       0x20 Core/Src/DisplayManager/DisplayManager.o
                0x000000000800088c                DM_ShowFreqSelectMenu
 .text._DrawFreqSelectMenu
                0x00000000080008ac       0x60 Core/Src/DisplayManager/DisplayManager.o
                0x00000000080008ac                _DrawFreqSelectMenu
 .text.DM_ShowBiasSelectMenu
                0x000000000800090c       0x20 Core/Src/DisplayManager/DisplayManager.o
                0x000000000800090c                DM_ShowBiasSelectMenu
 .text._DrawBiasSelectMenu
                0x000000000800092c       0xb0 Core/Src/DisplayManager/DisplayManager.o
                0x000000000800092c                _DrawBiasSelectMenu
 .text.DM_DigitCount
                0x00000000080009dc       0x54 Core/Src/DisplayManager/DisplayManager.o
                0x00000000080009dc                DM_DigitCount
 .text.DM_RefreshBackgroundLayout
                0x0000000008000a30       0x88 Core/Src/DisplayManager/DisplayManager.o
                0x0000000008000a30                DM_RefreshBackgroundLayout
 .text.DM_AddDigitPadding
                0x0000000008000ab8       0xd4 Core/Src/DisplayManager/DisplayManager.o
                0x0000000008000ab8                DM_AddDigitPadding
 .text.EM_ProcessEvent
                0x0000000008000b8c      0x198 Core/Src/EventManager/EventManager.o
                0x0000000008000b8c                EM_ProcessEvent
 .text._FuncMenuHandler
                0x0000000008000d24       0x40 Core/Src/EventManager/EventManager.o
                0x0000000008000d24                _FuncMenuHandler
 .text._FuncSetHandler
                0x0000000008000d64       0x24 Core/Src/EventManager/EventManager.o
                0x0000000008000d64                _FuncSetHandler
 .text._ExitFuncMenuHandler
                0x0000000008000d88       0x44 Core/Src/EventManager/EventManager.o
                0x0000000008000d88                _ExitFuncMenuHandler
 .text._GainMenuHandler
                0x0000000008000dcc       0x40 Core/Src/EventManager/EventManager.o
                0x0000000008000dcc                _GainMenuHandler
 .text._GainSetHandler
                0x0000000008000e0c       0x24 Core/Src/EventManager/EventManager.o
                0x0000000008000e0c                _GainSetHandler
 .text._ExitGainMenuHandler
                0x0000000008000e30       0x44 Core/Src/EventManager/EventManager.o
                0x0000000008000e30                _ExitGainMenuHandler
 .text._BiasMenuHandler
                0x0000000008000e74       0x44 Core/Src/EventManager/EventManager.o
                0x0000000008000e74                _BiasMenuHandler
 .text._BiasSetHandler
                0x0000000008000eb8       0x24 Core/Src/EventManager/EventManager.o
                0x0000000008000eb8                _BiasSetHandler
 .text._ExitBiasMenuHandler
                0x0000000008000edc       0x44 Core/Src/EventManager/EventManager.o
                0x0000000008000edc                _ExitBiasMenuHandler
 .text._FreqMenuHandler
                0x0000000008000f20       0x48 Core/Src/EventManager/EventManager.o
                0x0000000008000f20                _FreqMenuHandler
 .text._FreqSetHandler
                0x0000000008000f68       0x18 Core/Src/EventManager/EventManager.o
                0x0000000008000f68                _FreqSetHandler
 .text._ExitFreqMenuHandler
                0x0000000008000f80       0x44 Core/Src/EventManager/EventManager.o
                0x0000000008000f80                _ExitFreqMenuHandler
 .text.EM_SetNewEvent
                0x0000000008000fc4       0x20 Core/Src/EventManager/EventManager.o
                0x0000000008000fc4                EM_SetNewEvent
 .text.BO_GetBiasPolarity
                0x0000000008000fe4       0x18 Core/Src/SIgnalManager/BiasOutput.o
                0x0000000008000fe4                BO_GetBiasPolarity
 .text.BO_ModifyOutput
                0x0000000008000ffc       0x8c Core/Src/SIgnalManager/BiasOutput.o
                0x0000000008000ffc                BO_ModifyOutput
 .text.BO_GetOutputBias
                0x0000000008001088       0x18 Core/Src/SIgnalManager/BiasOutput.o
                0x0000000008001088                BO_GetOutputBias
 .text.FreqO_ModifyOutput
                0x00000000080010a0       0x1c Core/Src/SIgnalManager/FreqOutput.o
                0x00000000080010a0                FreqO_ModifyOutput
 .text.FreqO_GetOutputFreq
                0x00000000080010bc       0x18 Core/Src/SIgnalManager/FreqOutput.o
                0x00000000080010bc                FreqO_GetOutputFreq
 .text.FreqO_ApplyPreset
                0x00000000080010d4       0x9c Core/Src/SIgnalManager/FreqOutput.o
                0x00000000080010d4                FreqO_ApplyPreset
 .text.FuncO_ModifyOutput
                0x0000000008001170      0x164 Core/Src/SIgnalManager/FunctionOutput.o
                0x0000000008001170                FuncO_ModifyOutput
 .text.FuncO_GetOutputMode
                0x00000000080012d4       0x18 Core/Src/SIgnalManager/FunctionOutput.o
                0x00000000080012d4                FuncO_GetOutputMode
 .text.GO_ModifyOutput
                0x00000000080012ec      0x1d8 Core/Src/SIgnalManager/GainOutput.o
                0x00000000080012ec                GO_ModifyOutput
 .text.GO_GetOutputGain
                0x00000000080014c4       0x18 Core/Src/SIgnalManager/GainOutput.o
                0x00000000080014c4                GO_GetOutputGain
 .text.SM_GetEncoderValue
                0x00000000080014dc       0x38 Core/Src/SIgnalManager/SignalManager.o
                0x00000000080014dc                SM_GetEncoderValue
 .text.MX_ADC1_Init
                0x0000000008001514       0xf0 Core/Src/adc.o
                0x0000000008001514                MX_ADC1_Init
 .text.HAL_ADC_MspInit
                0x0000000008001604       0xd8 Core/Src/adc.o
                0x0000000008001604                HAL_ADC_MspInit
 .text.MX_COMP1_Init
                0x00000000080016dc       0x50 Core/Src/comp.o
                0x00000000080016dc                MX_COMP1_Init
 .text.HAL_COMP_MspInit
                0x000000000800172c       0x64 Core/Src/comp.o
                0x000000000800172c                HAL_COMP_MspInit
 .text.MX_DAC1_Init
                0x0000000008001790       0x94 Core/Src/dac.o
                0x0000000008001790                MX_DAC1_Init
 .text.MX_DAC2_Init
                0x0000000008001824       0x74 Core/Src/dac.o
                0x0000000008001824                MX_DAC2_Init
 .text.HAL_DAC_MspInit
                0x0000000008001898      0x194 Core/Src/dac.o
                0x0000000008001898                HAL_DAC_MspInit
 .text.MX_DMA_Init
                0x0000000008001a2c       0x74 Core/Src/dma.o
                0x0000000008001a2c                MX_DMA_Init
 .text.update_dc_bias_sweep
                0x0000000008001aa0       0x98 Core/Src/funcgen.o
                0x0000000008001aa0                update_dc_bias_sweep
 .text.__NVIC_GetPriorityGrouping
                0x0000000008001b38       0x1c Core/Src/gpio.o
 .text.__NVIC_EnableIRQ
                0x0000000008001b54       0x3c Core/Src/gpio.o
 .text.__NVIC_SetPriority
                0x0000000008001b90       0x54 Core/Src/gpio.o
 .text.NVIC_EncodePriority
                0x0000000008001be4       0x66 Core/Src/gpio.o
 *fill*         0x0000000008001c4a        0x2 
 .text.LL_SYSCFG_SetEXTISource
                0x0000000008001c4c       0x60 Core/Src/gpio.o
 .text.LL_GPIO_SetPinMode
                0x0000000008001cac       0x5e Core/Src/gpio.o
 .text.LL_GPIO_SetPinPull
                0x0000000008001d0a       0x5e Core/Src/gpio.o
 .text.LL_GPIO_ResetOutputPin
                0x0000000008001d68       0x1c Core/Src/gpio.o
 .text.LL_AHB2_GRP1_EnableClock
                0x0000000008001d84       0x30 Core/Src/gpio.o
 .text.MX_GPIO_Init
                0x0000000008001db4      0x3a4 Core/Src/gpio.o
                0x0000000008001db4                MX_GPIO_Init
 .text.ITM_SendChar
                0x0000000008002158       0x4e Core/Src/main.o
 .text._write   0x00000000080021a6       0x3c Core/Src/main.o
                0x00000000080021a6                _write
 .text.HAL_DAC_ErrorCallbackCh1
                0x00000000080021e2       0x14 Core/Src/main.o
                0x00000000080021e2                HAL_DAC_ErrorCallbackCh1
 *fill*         0x00000000080021f6        0x2 
 .text.main     0x00000000080021f8      0x158 Core/Src/main.o
                0x00000000080021f8                main
 .text.SystemClock_Config
                0x0000000008002350       0xdc Core/Src/main.o
                0x0000000008002350                SystemClock_Config
 .text.Error_Handler
                0x000000000800242c        0xe Core/Src/main.o
                0x000000000800242c                Error_Handler
 .text.LL_RNG_Enable
                0x000000000800243a       0x20 Core/Src/rng.o
 *fill*         0x000000000800245a        0x2 
 .text.LL_AHB2_GRP1_EnableClock
                0x000000000800245c       0x30 Core/Src/rng.o
 .text.MX_RNG_Init
                0x000000000800248c       0x1c Core/Src/rng.o
                0x000000000800248c                MX_RNG_Init
 .text.MX_SPI3_Init
                0x00000000080024a8       0x7c Core/Src/spi.o
                0x00000000080024a8                MX_SPI3_Init
 .text.HAL_SPI_MspInit
                0x0000000008002524       0x88 Core/Src/spi.o
                0x0000000008002524                HAL_SPI_MspInit
 .text.LL_PWR_DisableUCPDDeadBattery
                0x00000000080025ac       0x20 Core/Src/stm32g4xx_hal_msp.o
 .text.HAL_MspInit
                0x00000000080025cc       0x48 Core/Src/stm32g4xx_hal_msp.o
                0x00000000080025cc                HAL_MspInit
 .text.LL_EXTI_IsActiveFlag_0_31
                0x0000000008002614       0x2c Core/Src/stm32g4xx_it.o
 .text.LL_EXTI_ClearFlag_0_31
                0x0000000008002640       0x20 Core/Src/stm32g4xx_it.o
 .text.NMI_Handler
                0x0000000008002660        0xe Core/Src/stm32g4xx_it.o
                0x0000000008002660                NMI_Handler
 .text.HardFault_Handler
                0x000000000800266e        0x6 Core/Src/stm32g4xx_it.o
                0x000000000800266e                HardFault_Handler
 .text.MemManage_Handler
                0x0000000008002674        0x6 Core/Src/stm32g4xx_it.o
                0x0000000008002674                MemManage_Handler
 .text.BusFault_Handler
                0x000000000800267a        0x6 Core/Src/stm32g4xx_it.o
                0x000000000800267a                BusFault_Handler
 .text.UsageFault_Handler
                0x0000000008002680        0x6 Core/Src/stm32g4xx_it.o
                0x0000000008002680                UsageFault_Handler
 .text.SVC_Handler
                0x0000000008002686        0xe Core/Src/stm32g4xx_it.o
                0x0000000008002686                SVC_Handler
 .text.DebugMon_Handler
                0x0000000008002694        0xe Core/Src/stm32g4xx_it.o
                0x0000000008002694                DebugMon_Handler
 .text.PendSV_Handler
                0x00000000080026a2        0xe Core/Src/stm32g4xx_it.o
                0x00000000080026a2                PendSV_Handler
 .text.SysTick_Handler
                0x00000000080026b0        0xc Core/Src/stm32g4xx_it.o
                0x00000000080026b0                SysTick_Handler
 .text.EXTI0_IRQHandler
                0x00000000080026bc       0x20 Core/Src/stm32g4xx_it.o
                0x00000000080026bc                EXTI0_IRQHandler
 .text.EXTI1_IRQHandler
                0x00000000080026dc       0x20 Core/Src/stm32g4xx_it.o
                0x00000000080026dc                EXTI1_IRQHandler
 .text.EXTI2_IRQHandler
                0x00000000080026fc       0x20 Core/Src/stm32g4xx_it.o
                0x00000000080026fc                EXTI2_IRQHandler
 .text.DMA1_Channel1_IRQHandler
                0x000000000800271c       0x14 Core/Src/stm32g4xx_it.o
                0x000000000800271c                DMA1_Channel1_IRQHandler
 .text.DMA1_Channel2_IRQHandler
                0x0000000008002730       0x14 Core/Src/stm32g4xx_it.o
                0x0000000008002730                DMA1_Channel2_IRQHandler
 .text.DMA1_Channel3_IRQHandler
                0x0000000008002744       0x14 Core/Src/stm32g4xx_it.o
                0x0000000008002744                DMA1_Channel3_IRQHandler
 .text.TIM1_BRK_TIM15_IRQHandler
                0x0000000008002758       0x50 Core/Src/stm32g4xx_it.o
                0x0000000008002758                TIM1_BRK_TIM15_IRQHandler
 .text.TIM1_UP_TIM16_IRQHandler
                0x00000000080027a8       0x2c Core/Src/stm32g4xx_it.o
                0x00000000080027a8                TIM1_UP_TIM16_IRQHandler
 .text.TIM1_TRG_COM_TIM17_IRQHandler
                0x00000000080027d4       0x20 Core/Src/stm32g4xx_it.o
                0x00000000080027d4                TIM1_TRG_COM_TIM17_IRQHandler
 .text.TIM2_IRQHandler
                0x00000000080027f4       0x14 Core/Src/stm32g4xx_it.o
                0x00000000080027f4                TIM2_IRQHandler
 .text.EXTI15_10_IRQHandler
                0x0000000008002808       0x64 Core/Src/stm32g4xx_it.o
                0x0000000008002808                EXTI15_10_IRQHandler
 .text._read    0x000000000800286c       0x3a Core/Src/syscalls.o
                0x000000000800286c                _read
 .text._close   0x00000000080028a6       0x18 Core/Src/syscalls.o
                0x00000000080028a6                _close
 .text._fstat   0x00000000080028be       0x20 Core/Src/syscalls.o
                0x00000000080028be                _fstat
 .text._isatty  0x00000000080028de       0x16 Core/Src/syscalls.o
                0x00000000080028de                _isatty
 .text._lseek   0x00000000080028f4       0x1a Core/Src/syscalls.o
                0x00000000080028f4                _lseek
 *fill*         0x000000000800290e        0x2 
 .text._sbrk    0x0000000008002910       0x58 Core/Src/sysmem.o
                0x0000000008002910                _sbrk
 .text.SystemInit
                0x0000000008002968       0x2c Core/Src/system_stm32g4xx.o
                0x0000000008002968                SystemInit
 .text.MX_TIM1_Init
                0x0000000008002994       0xe0 Core/Src/tim.o
                0x0000000008002994                MX_TIM1_Init
 .text.MX_TIM2_Init
                0x0000000008002a74       0xd4 Core/Src/tim.o
                0x0000000008002a74                MX_TIM2_Init
 .text.MX_TIM5_Init
                0x0000000008002b48       0xa0 Core/Src/tim.o
                0x0000000008002b48                MX_TIM5_Init
 .text.MX_TIM8_Init
                0x0000000008002be8       0xd0 Core/Src/tim.o
                0x0000000008002be8                MX_TIM8_Init
 .text.MX_TIM15_Init
                0x0000000008002cb8       0xa4 Core/Src/tim.o
                0x0000000008002cb8                MX_TIM15_Init
 .text.MX_TIM16_Init
                0x0000000008002d5c       0x4c Core/Src/tim.o
                0x0000000008002d5c                MX_TIM16_Init
 .text.MX_TIM17_Init
                0x0000000008002da8       0x4c Core/Src/tim.o
                0x0000000008002da8                MX_TIM17_Init
 .text.HAL_TIM_Encoder_MspInit
                0x0000000008002df4       0xb8 Core/Src/tim.o
                0x0000000008002df4                HAL_TIM_Encoder_MspInit
 .text.HAL_TIM_Base_MspInit
                0x0000000008002eac      0x188 Core/Src/tim.o
                0x0000000008002eac                HAL_TIM_Base_MspInit
 .text.Reset_Handler
                0x0000000008003034       0x50 Core/Startup/startup_stm32g474retx.o
                0x0000000008003034                Reset_Handler
 .text.Default_Handler
                0x0000000008003084        0x2 Core/Startup/startup_stm32g474retx.o
                0x0000000008003084                RTC_Alarm_IRQHandler
                0x0000000008003084                TIM8_TRG_COM_IRQHandler
                0x0000000008003084                TIM8_CC_IRQHandler
                0x0000000008003084                HRTIM1_Master_IRQHandler
                0x0000000008003084                SPI4_IRQHandler
                0x0000000008003084                FDCAN3_IT0_IRQHandler
                0x0000000008003084                TIM1_CC_IRQHandler
                0x0000000008003084                HRTIM1_FLT_IRQHandler
                0x0000000008003084                HRTIM1_TIMF_IRQHandler
                0x0000000008003084                USB_HP_IRQHandler
                0x0000000008003084                CORDIC_IRQHandler
                0x0000000008003084                HRTIM1_TIMD_IRQHandler
                0x0000000008003084                DMA2_Channel8_IRQHandler
                0x0000000008003084                EXTI3_IRQHandler
                0x0000000008003084                I2C3_ER_IRQHandler
                0x0000000008003084                I2C2_EV_IRQHandler
                0x0000000008003084                FPU_IRQHandler
                0x0000000008003084                FDCAN1_IT1_IRQHandler
                0x0000000008003084                ADC1_2_IRQHandler
                0x0000000008003084                HRTIM1_TIME_IRQHandler
                0x0000000008003084                SPI1_IRQHandler
                0x0000000008003084                TIM6_DAC_IRQHandler
                0x0000000008003084                HRTIM1_TIMC_IRQHandler
                0x0000000008003084                TIM8_UP_IRQHandler
                0x0000000008003084                DMA2_Channel2_IRQHandler
                0x0000000008003084                DMA1_Channel4_IRQHandler
                0x0000000008003084                TIM20_TRG_COM_IRQHandler
                0x0000000008003084                USART3_IRQHandler
                0x0000000008003084                DMA1_Channel7_IRQHandler
                0x0000000008003084                UART5_IRQHandler
                0x0000000008003084                ADC3_IRQHandler
                0x0000000008003084                TIM4_IRQHandler
                0x0000000008003084                DMA2_Channel1_IRQHandler
                0x0000000008003084                QUADSPI_IRQHandler
                0x0000000008003084                I2C1_EV_IRQHandler
                0x0000000008003084                DMA1_Channel6_IRQHandler
                0x0000000008003084                UART4_IRQHandler
                0x0000000008003084                DMA2_Channel4_IRQHandler
                0x0000000008003084                TIM3_IRQHandler
                0x0000000008003084                RCC_IRQHandler
                0x0000000008003084                TIM20_UP_IRQHandler
                0x0000000008003084                Default_Handler
                0x0000000008003084                DMA2_Channel7_IRQHandler
                0x0000000008003084                RTC_TAMP_LSECSS_IRQHandler
                0x0000000008003084                FMAC_IRQHandler
                0x0000000008003084                DMA1_Channel8_IRQHandler
                0x0000000008003084                HRTIM1_TIMA_IRQHandler
                0x0000000008003084                TIM7_DAC_IRQHandler
                0x0000000008003084                FDCAN3_IT1_IRQHandler
                0x0000000008003084                TIM5_IRQHandler
                0x0000000008003084                UCPD1_IRQHandler
                0x0000000008003084                I2C3_EV_IRQHandler
                0x0000000008003084                EXTI9_5_IRQHandler
                0x0000000008003084                RTC_WKUP_IRQHandler
                0x0000000008003084                PVD_PVM_IRQHandler
                0x0000000008003084                SPI2_IRQHandler
                0x0000000008003084                ADC5_IRQHandler
                0x0000000008003084                DMA2_Channel5_IRQHandler
                0x0000000008003084                CRS_IRQHandler
                0x0000000008003084                DMA1_Channel5_IRQHandler
                0x0000000008003084                USB_LP_IRQHandler
                0x0000000008003084                EXTI4_IRQHandler
                0x0000000008003084                RNG_IRQHandler
                0x0000000008003084                HRTIM1_TIMB_IRQHandler
                0x0000000008003084                FDCAN2_IT1_IRQHandler
                0x0000000008003084                ADC4_IRQHandler
                0x0000000008003084                WWDG_IRQHandler
                0x0000000008003084                I2C4_EV_IRQHandler
                0x0000000008003084                FDCAN2_IT0_IRQHandler
                0x0000000008003084                LPUART1_IRQHandler
                0x0000000008003084                DMA2_Channel6_IRQHandler
                0x0000000008003084                FDCAN1_IT0_IRQHandler
                0x0000000008003084                COMP7_IRQHandler
                0x0000000008003084                COMP1_2_3_IRQHandler
                0x0000000008003084                USART2_IRQHandler
                0x0000000008003084                COMP4_5_6_IRQHandler
                0x0000000008003084                TIM20_BRK_IRQHandler
                0x0000000008003084                I2C2_ER_IRQHandler
                0x0000000008003084                TIM8_BRK_IRQHandler
                0x0000000008003084                FLASH_IRQHandler
                0x0000000008003084                TIM20_CC_IRQHandler
                0x0000000008003084                USART1_IRQHandler
                0x0000000008003084                SPI3_IRQHandler
                0x0000000008003084                I2C1_ER_IRQHandler
                0x0000000008003084                FMC_IRQHandler
                0x0000000008003084                LPTIM1_IRQHandler
                0x0000000008003084                DMAMUX_OVR_IRQHandler
                0x0000000008003084                I2C4_ER_IRQHandler
                0x0000000008003084                USBWakeUp_IRQHandler
                0x0000000008003084                SAI1_IRQHandler
                0x0000000008003084                DMA2_Channel3_IRQHandler
 .text.HAL_Init
                0x0000000008003086       0x30 Drivers/STM32G4xx_HAL_Driver/Src/stm32g4xx_hal.o
                0x0000000008003086                HAL_Init
 *fill*         0x00000000080030b6        0x2 
 .text.HAL_InitTick
                0x00000000080030b8       0x74 Drivers/STM32G4xx_HAL_Driver/Src/stm32g4xx_hal.o
                0x00000000080030b8                HAL_InitTick
 .text.HAL_IncTick
                0x000000000800312c       0x24 Drivers/STM32G4xx_HAL_Driver/Src/stm32g4xx_hal.o
                0x000000000800312c                HAL_IncTick
 .text.HAL_GetTick
                0x0000000008003150       0x18 Drivers/STM32G4xx_HAL_Driver/Src/stm32g4xx_hal.o
                0x0000000008003150                HAL_GetTick
 .text.HAL_Delay
                0x0000000008003168       0x44 Drivers/STM32G4xx_HAL_Driver/Src/stm32g4xx_hal.o
                0x0000000008003168                HAL_Delay
 .text.LL_ADC_SetCommonClock
                0x00000000080031ac       0x26 Drivers/STM32G4xx_HAL_Driver/Src/stm32g4xx_hal_adc.o
 .text.LL_ADC_SetCommonPathInternalCh
                0x00000000080031d2       0x26 Drivers/STM32G4xx_HAL_Driver/Src/stm32g4xx_hal_adc.o
 .text.LL_ADC_GetCommonPathInternalCh
                0x00000000080031f8       0x1c Drivers/STM32G4xx_HAL_Driver/Src/stm32g4xx_hal_adc.o
 .text.LL_ADC_SetOffset
                0x0000000008003214       0x44 Drivers/STM32G4xx_HAL_Driver/Src/stm32g4xx_hal_adc.o
 .text.LL_ADC_GetOffsetChannel
                0x0000000008003258       0x28 Drivers/STM32G4xx_HAL_Driver/Src/stm32g4xx_hal_adc.o
 .text.LL_ADC_SetOffsetState
                0x0000000008003280       0x30 Drivers/STM32G4xx_HAL_Driver/Src/stm32g4xx_hal_adc.o
 .text.LL_ADC_SetOffsetSign
                0x00000000080032b0       0x30 Drivers/STM32G4xx_HAL_Driver/Src/stm32g4xx_hal_adc.o
 .text.LL_ADC_SetOffsetSaturation
                0x00000000080032e0       0x30 Drivers/STM32G4xx_HAL_Driver/Src/stm32g4xx_hal_adc.o
 .text.LL_ADC_SetSamplingTimeCommonConfig
                0x0000000008003310       0x26 Drivers/STM32G4xx_HAL_Driver/Src/stm32g4xx_hal_adc.o
 .text.LL_ADC_REG_SetSequencerRanks
                0x0000000008003336       0x52 Drivers/STM32G4xx_HAL_Driver/Src/stm32g4xx_hal_adc.o
 .text.LL_ADC_SetChannelSamplingTime
                0x0000000008003388       0x50 Drivers/STM32G4xx_HAL_Driver/Src/stm32g4xx_hal_adc.o
 .text.LL_ADC_SetChannelSingleDiff
                0x00000000080033d8       0x48 Drivers/STM32G4xx_HAL_Driver/Src/stm32g4xx_hal_adc.o
 .text.LL_ADC_DisableDeepPowerDown
                0x0000000008003420       0x24 Drivers/STM32G4xx_HAL_Driver/Src/stm32g4xx_hal_adc.o
 .text.LL_ADC_IsDeepPowerDownEnabled
                0x0000000008003444       0x28 Drivers/STM32G4xx_HAL_Driver/Src/stm32g4xx_hal_adc.o
 .text.LL_ADC_EnableInternalRegulator
                0x000000000800346c       0x28 Drivers/STM32G4xx_HAL_Driver/Src/stm32g4xx_hal_adc.o
 .text.LL_ADC_IsInternalRegulatorEnabled
                0x0000000008003494       0x28 Drivers/STM32G4xx_HAL_Driver/Src/stm32g4xx_hal_adc.o
 .text.LL_ADC_IsEnabled
                0x00000000080034bc       0x26 Drivers/STM32G4xx_HAL_Driver/Src/stm32g4xx_hal_adc.o
 .text.LL_ADC_REG_IsConversionOngoing
                0x00000000080034e2       0x26 Drivers/STM32G4xx_HAL_Driver/Src/stm32g4xx_hal_adc.o
 .text.LL_ADC_INJ_IsConversionOngoing
                0x0000000008003508       0x26 Drivers/STM32G4xx_HAL_Driver/Src/stm32g4xx_hal_adc.o
 *fill*         0x000000000800352e        0x2 
 .text.HAL_ADC_Init
                0x0000000008003530      0x380 Drivers/STM32G4xx_HAL_Driver/Src/stm32g4xx_hal_adc.o
                0x0000000008003530                HAL_ADC_Init
 .text.HAL_ADC_ConfigChannel
                0x00000000080038b0      0x760 Drivers/STM32G4xx_HAL_Driver/Src/stm32g4xx_hal_adc.o
                0x00000000080038b0                HAL_ADC_ConfigChannel
 .text.LL_ADC_IsEnabled
                0x0000000008004010       0x26 Drivers/STM32G4xx_HAL_Driver/Src/stm32g4xx_hal_adc_ex.o
 .text.LL_ADC_REG_IsConversionOngoing
                0x0000000008004036       0x26 Drivers/STM32G4xx_HAL_Driver/Src/stm32g4xx_hal_adc_ex.o
 .text.HAL_ADCEx_MultiModeConfigChannel
                0x000000000800405c      0x208 Drivers/STM32G4xx_HAL_Driver/Src/stm32g4xx_hal_adc_ex.o
                0x000000000800405c                HAL_ADCEx_MultiModeConfigChannel
 .text.LL_EXTI_EnableIT_0_31
                0x0000000008004264       0x24 Drivers/STM32G4xx_HAL_Driver/Src/stm32g4xx_hal_comp.o
 .text.LL_EXTI_EnableIT_32_63
                0x0000000008004288       0x24 Drivers/STM32G4xx_HAL_Driver/Src/stm32g4xx_hal_comp.o
 .text.LL_EXTI_DisableIT_0_31
                0x00000000080042ac       0x28 Drivers/STM32G4xx_HAL_Driver/Src/stm32g4xx_hal_comp.o
 .text.LL_EXTI_DisableIT_32_63
                0x00000000080042d4       0x28 Drivers/STM32G4xx_HAL_Driver/Src/stm32g4xx_hal_comp.o
 .text.LL_EXTI_EnableEvent_0_31
                0x00000000080042fc       0x24 Drivers/STM32G4xx_HAL_Driver/Src/stm32g4xx_hal_comp.o
 .text.LL_EXTI_EnableEvent_32_63
                0x0000000008004320       0x24 Drivers/STM32G4xx_HAL_Driver/Src/stm32g4xx_hal_comp.o
 .text.LL_EXTI_DisableEvent_0_31
                0x0000000008004344       0x28 Drivers/STM32G4xx_HAL_Driver/Src/stm32g4xx_hal_comp.o
 .text.LL_EXTI_DisableEvent_32_63
                0x000000000800436c       0x28 Drivers/STM32G4xx_HAL_Driver/Src/stm32g4xx_hal_comp.o
 .text.LL_EXTI_EnableRisingTrig_0_31
                0x0000000008004394       0x24 Drivers/STM32G4xx_HAL_Driver/Src/stm32g4xx_hal_comp.o
 .text.LL_EXTI_EnableRisingTrig_32_63
                0x00000000080043b8       0x24 Drivers/STM32G4xx_HAL_Driver/Src/stm32g4xx_hal_comp.o
 .text.LL_EXTI_DisableRisingTrig_0_31
                0x00000000080043dc       0x28 Drivers/STM32G4xx_HAL_Driver/Src/stm32g4xx_hal_comp.o
 .text.LL_EXTI_DisableRisingTrig_32_63
                0x0000000008004404       0x28 Drivers/STM32G4xx_HAL_Driver/Src/stm32g4xx_hal_comp.o
 .text.LL_EXTI_EnableFallingTrig_0_31
                0x000000000800442c       0x24 Drivers/STM32G4xx_HAL_Driver/Src/stm32g4xx_hal_comp.o
 .text.LL_EXTI_EnableFallingTrig_32_63
                0x0000000008004450       0x24 Drivers/STM32G4xx_HAL_Driver/Src/stm32g4xx_hal_comp.o
 .text.LL_EXTI_DisableFallingTrig_0_31
                0x0000000008004474       0x28 Drivers/STM32G4xx_HAL_Driver/Src/stm32g4xx_hal_comp.o
 .text.LL_EXTI_DisableFallingTrig_32_63
                0x000000000800449c       0x28 Drivers/STM32G4xx_HAL_Driver/Src/stm32g4xx_hal_comp.o
 .text.LL_EXTI_ClearFlag_0_31
                0x00000000080044c4       0x20 Drivers/STM32G4xx_HAL_Driver/Src/stm32g4xx_hal_comp.o
 .text.LL_EXTI_ClearFlag_32_63
                0x00000000080044e4       0x20 Drivers/STM32G4xx_HAL_Driver/Src/stm32g4xx_hal_comp.o
 .text.HAL_COMP_Init
                0x0000000008004504      0x328 Drivers/STM32G4xx_HAL_Driver/Src/stm32g4xx_hal_comp.o
                0x0000000008004504                HAL_COMP_Init
 .text.__NVIC_SetPriorityGrouping
                0x000000000800482c       0x48 Drivers/STM32G4xx_HAL_Driver/Src/stm32g4xx_hal_cortex.o
 .text.__NVIC_GetPriorityGrouping
                0x0000000008004874       0x1c Drivers/STM32G4xx_HAL_Driver/Src/stm32g4xx_hal_cortex.o
 .text.__NVIC_EnableIRQ
                0x0000000008004890       0x3c Drivers/STM32G4xx_HAL_Driver/Src/stm32g4xx_hal_cortex.o
 .text.__NVIC_SetPriority
                0x00000000080048cc       0x54 Drivers/STM32G4xx_HAL_Driver/Src/stm32g4xx_hal_cortex.o
 .text.NVIC_EncodePriority
                0x0000000008004920       0x66 Drivers/STM32G4xx_HAL_Driver/Src/stm32g4xx_hal_cortex.o
 *fill*         0x0000000008004986        0x2 
 .text.SysTick_Config
                0x0000000008004988       0x44 Drivers/STM32G4xx_HAL_Driver/Src/stm32g4xx_hal_cortex.o
 .text.HAL_NVIC_SetPriorityGrouping
                0x00000000080049cc       0x16 Drivers/STM32G4xx_HAL_Driver/Src/stm32g4xx_hal_cortex.o
                0x00000000080049cc                HAL_NVIC_SetPriorityGrouping
 .text.HAL_NVIC_SetPriority
                0x00000000080049e2       0x34 Drivers/STM32G4xx_HAL_Driver/Src/stm32g4xx_hal_cortex.o
                0x00000000080049e2                HAL_NVIC_SetPriority
 .text.HAL_NVIC_EnableIRQ
                0x0000000008004a16       0x1c Drivers/STM32G4xx_HAL_Driver/Src/stm32g4xx_hal_cortex.o
                0x0000000008004a16                HAL_NVIC_EnableIRQ
 .text.HAL_SYSTICK_Config
                0x0000000008004a32       0x18 Drivers/STM32G4xx_HAL_Driver/Src/stm32g4xx_hal_cortex.o
                0x0000000008004a32                HAL_SYSTICK_Config
 .text.HAL_DAC_Init
                0x0000000008004a4a       0x44 Drivers/STM32G4xx_HAL_Driver/Src/stm32g4xx_hal_dac.o
                0x0000000008004a4a                HAL_DAC_Init
 .text.HAL_DAC_Start
                0x0000000008004a8e       0xa6 Drivers/STM32G4xx_HAL_Driver/Src/stm32g4xx_hal_dac.o
                0x0000000008004a8e                HAL_DAC_Start
 .text.HAL_DAC_Start_DMA
                0x0000000008004b34      0x184 Drivers/STM32G4xx_HAL_Driver/Src/stm32g4xx_hal_dac.o
                0x0000000008004b34                HAL_DAC_Start_DMA
 .text.HAL_DAC_Stop_DMA
                0x0000000008004cb8       0xac Drivers/STM32G4xx_HAL_Driver/Src/stm32g4xx_hal_dac.o
                0x0000000008004cb8                HAL_DAC_Stop_DMA
 .text.HAL_DAC_SetValue
                0x0000000008004d64       0x50 Drivers/STM32G4xx_HAL_Driver/Src/stm32g4xx_hal_dac.o
                0x0000000008004d64                HAL_DAC_SetValue
 .text.HAL_DAC_ConvCpltCallbackCh1
                0x0000000008004db4       0x14 Drivers/STM32G4xx_HAL_Driver/Src/stm32g4xx_hal_dac.o
                0x0000000008004db4                HAL_DAC_ConvCpltCallbackCh1
 .text.HAL_DAC_ConvHalfCpltCallbackCh1
                0x0000000008004dc8       0x14 Drivers/STM32G4xx_HAL_Driver/Src/stm32g4xx_hal_dac.o
                0x0000000008004dc8                HAL_DAC_ConvHalfCpltCallbackCh1
 .text.HAL_DAC_GetValue
                0x0000000008004ddc       0x2a Drivers/STM32G4xx_HAL_Driver/Src/stm32g4xx_hal_dac.o
                0x0000000008004ddc                HAL_DAC_GetValue
 *fill*         0x0000000008004e06        0x2 
 .text.HAL_DAC_ConfigChannel
                0x0000000008004e08      0x358 Drivers/STM32G4xx_HAL_Driver/Src/stm32g4xx_hal_dac.o
                0x0000000008004e08                HAL_DAC_ConfigChannel
 .text.DAC_DMAConvCpltCh1
                0x0000000008005160       0x22 Drivers/STM32G4xx_HAL_Driver/Src/stm32g4xx_hal_dac.o
                0x0000000008005160                DAC_DMAConvCpltCh1
 .text.DAC_DMAHalfConvCpltCh1
                0x0000000008005182       0x1c Drivers/STM32G4xx_HAL_Driver/Src/stm32g4xx_hal_dac.o
                0x0000000008005182                DAC_DMAHalfConvCpltCh1
 .text.DAC_DMAErrorCh1
                0x000000000800519e       0x2e Drivers/STM32G4xx_HAL_Driver/Src/stm32g4xx_hal_dac.o
                0x000000000800519e                DAC_DMAErrorCh1
 .text.HAL_DACEx_ConvCpltCallbackCh2
                0x00000000080051cc       0x14 Drivers/STM32G4xx_HAL_Driver/Src/stm32g4xx_hal_dac_ex.o
                0x00000000080051cc                HAL_DACEx_ConvCpltCallbackCh2
 .text.HAL_DACEx_ConvHalfCpltCallbackCh2
                0x00000000080051e0       0x14 Drivers/STM32G4xx_HAL_Driver/Src/stm32g4xx_hal_dac_ex.o
                0x00000000080051e0                HAL_DACEx_ConvHalfCpltCallbackCh2
 .text.HAL_DACEx_ErrorCallbackCh2
                0x00000000080051f4       0x14 Drivers/STM32G4xx_HAL_Driver/Src/stm32g4xx_hal_dac_ex.o
                0x00000000080051f4                HAL_DACEx_ErrorCallbackCh2
 .text.DAC_DMAConvCpltCh2
                0x0000000008005208       0x22 Drivers/STM32G4xx_HAL_Driver/Src/stm32g4xx_hal_dac_ex.o
                0x0000000008005208                DAC_DMAConvCpltCh2
 .text.DAC_DMAHalfConvCpltCh2
                0x000000000800522a       0x1c Drivers/STM32G4xx_HAL_Driver/Src/stm32g4xx_hal_dac_ex.o
                0x000000000800522a                DAC_DMAHalfConvCpltCh2
 .text.DAC_DMAErrorCh2
                0x0000000008005246       0x2e Drivers/STM32G4xx_HAL_Driver/Src/stm32g4xx_hal_dac_ex.o
                0x0000000008005246                DAC_DMAErrorCh2
 .text.HAL_DMA_Init
                0x0000000008005274      0x150 Drivers/STM32G4xx_HAL_Driver/Src/stm32g4xx_hal_dma.o
                0x0000000008005274                HAL_DMA_Init
 .text.HAL_DMA_Start_IT
                0x00000000080053c4       0xf6 Drivers/STM32G4xx_HAL_Driver/Src/stm32g4xx_hal_dma.o
                0x00000000080053c4                HAL_DMA_Start_IT
 .text.HAL_DMA_Abort
                0x00000000080054ba       0xb2 Drivers/STM32G4xx_HAL_Driver/Src/stm32g4xx_hal_dma.o
                0x00000000080054ba                HAL_DMA_Abort
 .text.HAL_DMA_IRQHandler
                0x000000000800556c      0x15e Drivers/STM32G4xx_HAL_Driver/Src/stm32g4xx_hal_dma.o
                0x000000000800556c                HAL_DMA_IRQHandler
 .text.DMA_SetConfig
                0x00000000080056ca       0x7c Drivers/STM32G4xx_HAL_Driver/Src/stm32g4xx_hal_dma.o
 *fill*         0x0000000008005746        0x2 
 .text.DMA_CalcDMAMUXChannelBaseAndMask
                0x0000000008005748       0x7c Drivers/STM32G4xx_HAL_Driver/Src/stm32g4xx_hal_dma.o
 .text.DMA_CalcDMAMUXRequestGenBaseAndMask
                0x00000000080057c4       0x48 Drivers/STM32G4xx_HAL_Driver/Src/stm32g4xx_hal_dma.o
 .text.HAL_GPIO_Init
                0x000000000800580c      0x304 Drivers/STM32G4xx_HAL_Driver/Src/stm32g4xx_hal_gpio.o
                0x000000000800580c                HAL_GPIO_Init
 .text.HAL_GPIO_ReadPin
                0x0000000008005b10       0x30 Drivers/STM32G4xx_HAL_Driver/Src/stm32g4xx_hal_gpio.o
                0x0000000008005b10                HAL_GPIO_ReadPin
 .text.HAL_GPIO_WritePin
                0x0000000008005b40       0x30 Drivers/STM32G4xx_HAL_Driver/Src/stm32g4xx_hal_gpio.o
                0x0000000008005b40                HAL_GPIO_WritePin
 .text.HAL_PWREx_ControlVoltageScaling
                0x0000000008005b70      0x148 Drivers/STM32G4xx_HAL_Driver/Src/stm32g4xx_hal_pwr_ex.o
                0x0000000008005b70                HAL_PWREx_ControlVoltageScaling
 .text.HAL_RCC_OscConfig
                0x0000000008005cb8      0x630 Drivers/STM32G4xx_HAL_Driver/Src/stm32g4xx_hal_rcc.o
                0x0000000008005cb8                HAL_RCC_OscConfig
 .text.HAL_RCC_ClockConfig
                0x00000000080062e8      0x278 Drivers/STM32G4xx_HAL_Driver/Src/stm32g4xx_hal_rcc.o
                0x00000000080062e8                HAL_RCC_ClockConfig
 .text.HAL_RCC_GetSysClockFreq
                0x0000000008006560       0xc4 Drivers/STM32G4xx_HAL_Driver/Src/stm32g4xx_hal_rcc.o
                0x0000000008006560                HAL_RCC_GetSysClockFreq
 .text.HAL_RCC_GetHCLKFreq
                0x0000000008006624       0x18 Drivers/STM32G4xx_HAL_Driver/Src/stm32g4xx_hal_rcc.o
                0x0000000008006624                HAL_RCC_GetHCLKFreq
 .text.RCC_GetSysClockFreqFromPLLSource
                0x000000000800663c       0x8c Drivers/STM32G4xx_HAL_Driver/Src/stm32g4xx_hal_rcc.o
 .text.HAL_RCCEx_PeriphCLKConfig
                0x00000000080066c8      0x498 Drivers/STM32G4xx_HAL_Driver/Src/stm32g4xx_hal_rcc_ex.o
                0x00000000080066c8                HAL_RCCEx_PeriphCLKConfig
 .text.HAL_SPI_Init
                0x0000000008006b60      0x124 Drivers/STM32G4xx_HAL_Driver/Src/stm32g4xx_hal_spi.o
                0x0000000008006b60                HAL_SPI_Init
 .text.HAL_SPI_Transmit
                0x0000000008006c84      0x2cc Drivers/STM32G4xx_HAL_Driver/Src/stm32g4xx_hal_spi.o
                0x0000000008006c84                HAL_SPI_Transmit
 .text.SPI_WaitFlagStateUntilTimeout
                0x0000000008006f50       0xd4 Drivers/STM32G4xx_HAL_Driver/Src/stm32g4xx_hal_spi.o
 .text.SPI_WaitFifoStateUntilTimeout
                0x0000000008007024       0xda Drivers/STM32G4xx_HAL_Driver/Src/stm32g4xx_hal_spi.o
 .text.SPI_EndRxTxTransaction
                0x00000000080070fe       0x8c Drivers/STM32G4xx_HAL_Driver/Src/stm32g4xx_hal_spi.o
 .text.HAL_TIM_Base_Init
                0x000000000800718a       0xae Drivers/STM32G4xx_HAL_Driver/Src/stm32g4xx_hal_tim.o
                0x000000000800718a                HAL_TIM_Base_Init
 .text.HAL_TIM_Base_Start
                0x0000000008007238       0x5c Drivers/STM32G4xx_HAL_Driver/Src/stm32g4xx_hal_tim.o
                0x0000000008007238                HAL_TIM_Base_Start
 .text.HAL_TIM_Base_Start_IT
                0x0000000008007294       0x6c Drivers/STM32G4xx_HAL_Driver/Src/stm32g4xx_hal_tim.o
                0x0000000008007294                HAL_TIM_Base_Start_IT
 .text.HAL_TIM_Base_Stop_IT
                0x0000000008007300       0x5e Drivers/STM32G4xx_HAL_Driver/Src/stm32g4xx_hal_tim.o
                0x0000000008007300                HAL_TIM_Base_Stop_IT
 .text.HAL_TIM_Encoder_Init
                0x000000000800735e      0x14c Drivers/STM32G4xx_HAL_Driver/Src/stm32g4xx_hal_tim.o
                0x000000000800735e                HAL_TIM_Encoder_Init
 .text.HAL_TIM_IRQHandler
                0x00000000080074aa      0x2fe Drivers/STM32G4xx_HAL_Driver/Src/stm32g4xx_hal_tim.o
                0x00000000080074aa                HAL_TIM_IRQHandler
 .text.HAL_TIM_ConfigClockSource
                0x00000000080077a8      0x1e0 Drivers/STM32G4xx_HAL_Driver/Src/stm32g4xx_hal_tim.o
                0x00000000080077a8                HAL_TIM_ConfigClockSource
 .text.HAL_TIM_SlaveConfigSynchro
                0x0000000008007988       0x84 Drivers/STM32G4xx_HAL_Driver/Src/stm32g4xx_hal_tim.o
                0x0000000008007988                HAL_TIM_SlaveConfigSynchro
 .text.HAL_TIM_PeriodElapsedCallback
                0x0000000008007a0c       0x14 Drivers/STM32G4xx_HAL_Driver/Src/stm32g4xx_hal_tim.o
                0x0000000008007a0c                HAL_TIM_PeriodElapsedCallback
 .text.HAL_TIM_OC_DelayElapsedCallback
                0x0000000008007a20       0x14 Drivers/STM32G4xx_HAL_Driver/Src/stm32g4xx_hal_tim.o
                0x0000000008007a20                HAL_TIM_OC_DelayElapsedCallback
 .text.HAL_TIM_IC_CaptureCallback
                0x0000000008007a34       0x14 Drivers/STM32G4xx_HAL_Driver/Src/stm32g4xx_hal_tim.o
                0x0000000008007a34                HAL_TIM_IC_CaptureCallback
 .text.HAL_TIM_PWM_PulseFinishedCallback
                0x0000000008007a48       0x14 Drivers/STM32G4xx_HAL_Driver/Src/stm32g4xx_hal_tim.o
                0x0000000008007a48                HAL_TIM_PWM_PulseFinishedCallback
 .text.HAL_TIM_TriggerCallback
                0x0000000008007a5c       0x14 Drivers/STM32G4xx_HAL_Driver/Src/stm32g4xx_hal_tim.o
                0x0000000008007a5c                HAL_TIM_TriggerCallback
 .text.TIM_Base_SetConfig
                0x0000000008007a70      0x150 Drivers/STM32G4xx_HAL_Driver/Src/stm32g4xx_hal_tim.o
                0x0000000008007a70                TIM_Base_SetConfig
 .text.TIM_SlaveTimer_SetConfig
                0x0000000008007bc0      0x178 Drivers/STM32G4xx_HAL_Driver/Src/stm32g4xx_hal_tim.o
 .text.TIM_TI1_ConfigInputStage
                0x0000000008007d38       0x5e Drivers/STM32G4xx_HAL_Driver/Src/stm32g4xx_hal_tim.o
 .text.TIM_TI2_ConfigInputStage
                0x0000000008007d96       0x60 Drivers/STM32G4xx_HAL_Driver/Src/stm32g4xx_hal_tim.o
 .text.TIM_ITRx_SetConfig
                0x0000000008007df6       0x3a Drivers/STM32G4xx_HAL_Driver/Src/stm32g4xx_hal_tim.o
 .text.TIM_ETR_SetConfig
                0x0000000008007e30       0x40 Drivers/STM32G4xx_HAL_Driver/Src/stm32g4xx_hal_tim.o
                0x0000000008007e30                TIM_ETR_SetConfig
 .text.HAL_TIMEx_MasterConfigSynchronization
                0x0000000008007e70      0x12c Drivers/STM32G4xx_HAL_Driver/Src/stm32g4xx_hal_tim_ex.o
                0x0000000008007e70                HAL_TIMEx_MasterConfigSynchronization
 .text.HAL_TIMEx_ConfigBreakDeadTime
                0x0000000008007f9c      0x164 Drivers/STM32G4xx_HAL_Driver/Src/stm32g4xx_hal_tim_ex.o
                0x0000000008007f9c                HAL_TIMEx_ConfigBreakDeadTime
 .text.HAL_TIMEx_CommutCallback
                0x0000000008008100       0x14 Drivers/STM32G4xx_HAL_Driver/Src/stm32g4xx_hal_tim_ex.o
                0x0000000008008100                HAL_TIMEx_CommutCallback
 .text.HAL_TIMEx_BreakCallback
                0x0000000008008114       0x14 Drivers/STM32G4xx_HAL_Driver/Src/stm32g4xx_hal_tim_ex.o
                0x0000000008008114                HAL_TIMEx_BreakCallback
 .text.HAL_TIMEx_Break2Callback
                0x0000000008008128       0x14 Drivers/STM32G4xx_HAL_Driver/Src/stm32g4xx_hal_tim_ex.o
                0x0000000008008128                HAL_TIMEx_Break2Callback
 .text.HAL_TIMEx_EncoderIndexCallback
                0x000000000800813c       0x14 Drivers/STM32G4xx_HAL_Driver/Src/stm32g4xx_hal_tim_ex.o
                0x000000000800813c                HAL_TIMEx_EncoderIndexCallback
 .text.HAL_TIMEx_DirectionChangeCallback
                0x0000000008008150       0x14 Drivers/STM32G4xx_HAL_Driver/Src/stm32g4xx_hal_tim_ex.o
                0x0000000008008150                HAL_TIMEx_DirectionChangeCallback
 .text.HAL_TIMEx_IndexErrorCallback
                0x0000000008008164       0x14 Drivers/STM32G4xx_HAL_Driver/Src/stm32g4xx_hal_tim_ex.o
                0x0000000008008164                HAL_TIMEx_IndexErrorCallback
 .text.HAL_TIMEx_TransitionErrorCallback
                0x0000000008008178       0x14 Drivers/STM32G4xx_HAL_Driver/Src/stm32g4xx_hal_tim_ex.o
                0x0000000008008178                HAL_TIMEx_TransitionErrorCallback
 .text.LL_EXTI_EnableIT_0_31
                0x000000000800818c       0x24 Drivers/STM32G4xx_HAL_Driver/Src/stm32g4xx_ll_exti.o
 .text.LL_EXTI_EnableIT_32_63
                0x00000000080081b0       0x24 Drivers/STM32G4xx_HAL_Driver/Src/stm32g4xx_ll_exti.o
 .text.LL_EXTI_DisableIT_0_31
                0x00000000080081d4       0x28 Drivers/STM32G4xx_HAL_Driver/Src/stm32g4xx_ll_exti.o
 .text.LL_EXTI_DisableIT_32_63
                0x00000000080081fc       0x28 Drivers/STM32G4xx_HAL_Driver/Src/stm32g4xx_ll_exti.o
 .text.LL_EXTI_EnableEvent_0_31
                0x0000000008008224       0x24 Drivers/STM32G4xx_HAL_Driver/Src/stm32g4xx_ll_exti.o
 .text.LL_EXTI_EnableEvent_32_63
                0x0000000008008248       0x24 Drivers/STM32G4xx_HAL_Driver/Src/stm32g4xx_ll_exti.o
 .text.LL_EXTI_DisableEvent_0_31
                0x000000000800826c       0x28 Drivers/STM32G4xx_HAL_Driver/Src/stm32g4xx_ll_exti.o
 .text.LL_EXTI_DisableEvent_32_63
                0x0000000008008294       0x28 Drivers/STM32G4xx_HAL_Driver/Src/stm32g4xx_ll_exti.o
 .text.LL_EXTI_EnableRisingTrig_0_31
                0x00000000080082bc       0x24 Drivers/STM32G4xx_HAL_Driver/Src/stm32g4xx_ll_exti.o
 .text.LL_EXTI_EnableRisingTrig_32_63
                0x00000000080082e0       0x24 Drivers/STM32G4xx_HAL_Driver/Src/stm32g4xx_ll_exti.o
 .text.LL_EXTI_DisableRisingTrig_0_31
                0x0000000008008304       0x28 Drivers/STM32G4xx_HAL_Driver/Src/stm32g4xx_ll_exti.o
 .text.LL_EXTI_DisableRisingTrig_32_63
                0x000000000800832c       0x28 Drivers/STM32G4xx_HAL_Driver/Src/stm32g4xx_ll_exti.o
 .text.LL_EXTI_EnableFallingTrig_0_31
                0x0000000008008354       0x24 Drivers/STM32G4xx_HAL_Driver/Src/stm32g4xx_ll_exti.o
 .text.LL_EXTI_EnableFallingTrig_32_63
                0x0000000008008378       0x24 Drivers/STM32G4xx_HAL_Driver/Src/stm32g4xx_ll_exti.o
 .text.LL_EXTI_DisableFallingTrig_0_31
                0x000000000800839c       0x28 Drivers/STM32G4xx_HAL_Driver/Src/stm32g4xx_ll_exti.o
 .text.LL_EXTI_DisableFallingTrig_32_63
                0x00000000080083c4       0x28 Drivers/STM32G4xx_HAL_Driver/Src/stm32g4xx_ll_exti.o
 .text.LL_EXTI_Init
                0x00000000080083ec      0x1dc Drivers/STM32G4xx_HAL_Driver/Src/stm32g4xx_ll_exti.o
                0x00000000080083ec                LL_EXTI_Init
 .text.LL_GPIO_SetPinMode
                0x00000000080085c8       0x5e Drivers/STM32G4xx_HAL_Driver/Src/stm32g4xx_ll_gpio.o
 .text.LL_GPIO_SetPinOutputType
                0x0000000008008626       0x30 Drivers/STM32G4xx_HAL_Driver/Src/stm32g4xx_ll_gpio.o
 .text.LL_GPIO_SetPinSpeed
                0x0000000008008656       0x5e Drivers/STM32G4xx_HAL_Driver/Src/stm32g4xx_ll_gpio.o
 .text.LL_GPIO_SetPinPull
                0x00000000080086b4       0x5e Drivers/STM32G4xx_HAL_Driver/Src/stm32g4xx_ll_gpio.o
 .text.LL_GPIO_SetAFPin_0_7
                0x0000000008008712       0x5e Drivers/STM32G4xx_HAL_Driver/Src/stm32g4xx_ll_gpio.o
 .text.LL_GPIO_SetAFPin_8_15
                0x0000000008008770       0x62 Drivers/STM32G4xx_HAL_Driver/Src/stm32g4xx_ll_gpio.o
 .text.LL_GPIO_Init
                0x00000000080087d2       0xde Drivers/STM32G4xx_HAL_Driver/Src/stm32g4xx_ll_gpio.o
                0x00000000080087d2                LL_GPIO_Init
 .text.ILI9341_Draw_Bordered_Filled_Rectangle_Coord
                0x00000000080088b0      0x16c ILI9341/ILI9341_GFX.o
                0x00000000080088b0                ILI9341_Draw_Bordered_Filled_Rectangle_Coord
 .text.ILI9341_Draw_Char
                0x0000000008008a1c      0x168 ILI9341/ILI9341_GFX.o
                0x0000000008008a1c                ILI9341_Draw_Char
 .text.ILI9341_Draw_Text
                0x0000000008008b84       0x5a ILI9341/ILI9341_GFX.o
                0x0000000008008b84                ILI9341_Draw_Text
 *fill*         0x0000000008008bde        0x2 
 .text.ILI9341_SPI_Init
                0x0000000008008be0       0x20 ILI9341/ILI9341_STM32_Driver.o
                0x0000000008008be0                ILI9341_SPI_Init
 .text.ILI9341_SPI_Send
                0x0000000008008c00       0x48 ILI9341/ILI9341_STM32_Driver.o
                0x0000000008008c00                ILI9341_SPI_Send
 .text.ILI9341_Write_Command
                0x0000000008008c48       0x60 ILI9341/ILI9341_STM32_Driver.o
                0x0000000008008c48                ILI9341_Write_Command
 .text.ILI9341_Write_Data
                0x0000000008008ca8       0x60 ILI9341/ILI9341_STM32_Driver.o
                0x0000000008008ca8                ILI9341_Write_Data
 .text.ILI9341_Set_Address
                0x0000000008008d08       0x98 ILI9341/ILI9341_STM32_Driver.o
                0x0000000008008d08                ILI9341_Set_Address
 .text.ILI9341_Reset
                0x0000000008008da0       0x3c ILI9341/ILI9341_STM32_Driver.o
                0x0000000008008da0                ILI9341_Reset
 .text.ILI9341_Set_Rotation
                0x0000000008008ddc       0x9c ILI9341/ILI9341_STM32_Driver.o
                0x0000000008008ddc                ILI9341_Set_Rotation
 .text.ILI9341_Enable
                0x0000000008008e78       0x20 ILI9341/ILI9341_STM32_Driver.o
                0x0000000008008e78                ILI9341_Enable
 .text.ILI9341_Init
                0x0000000008008e98      0x21a ILI9341/ILI9341_STM32_Driver.o
                0x0000000008008e98                ILI9341_Init
 *fill*         0x00000000080090b2        0x2 
 .text.ILI9341_Draw_colour_Burst
                0x00000000080090b4      0x230 ILI9341/ILI9341_STM32_Driver.o
                0x00000000080090b4                ILI9341_Draw_colour_Burst
 .text.ILI9341_Fill_Screen
                0x00000000080092e4       0x54 ILI9341/ILI9341_STM32_Driver.o
                0x00000000080092e4                ILI9341_Fill_Screen
 .text.ILI9341_Draw_Pixel
                0x0000000008009338      0x268 ILI9341/ILI9341_STM32_Driver.o
                0x0000000008009338                ILI9341_Draw_Pixel
 .text.ILI9341_Draw_Rectangle
                0x00000000080095a0      0x10c ILI9341/ILI9341_STM32_Driver.o
                0x00000000080095a0                ILI9341_Draw_Rectangle
 .text.ILI9341_Draw_Horizontal_Line
                0x00000000080096ac       0x90 ILI9341/ILI9341_STM32_Driver.o
                0x00000000080096ac                ILI9341_Draw_Horizontal_Line
 .text.ILI9341_Draw_Vertical_Line
                0x000000000800973c       0x90 ILI9341/ILI9341_STM32_Driver.o
                0x000000000800973c                ILI9341_Draw_Vertical_Line
 .text.__errno  0x00000000080097cc        0xc /home/chris/st/stm32cubeide_1.2.0/plugins/com.st.stm32cube.ide.mcu.externaltools.gnu-tools-for-stm32.7-2018-q2-update.linux64_1.0.0.201904181610/tools/bin/../lib/gcc/arm-none-eabi/7.3.1/../../../../arm-none-eabi/lib/thumb/v7e-m/fpv4-sp/hard/libc_nano.a(lib_a-errno.o)
                0x00000000080097cc                __errno
 .text.__libc_init_array
                0x00000000080097d8       0x48 /home/chris/st/stm32cubeide_1.2.0/plugins/com.st.stm32cube.ide.mcu.externaltools.gnu-tools-for-stm32.7-2018-q2-update.linux64_1.0.0.201904181610/tools/bin/../lib/gcc/arm-none-eabi/7.3.1/../../../../arm-none-eabi/lib/thumb/v7e-m/fpv4-sp/hard/libc_nano.a(lib_a-init.o)
                0x00000000080097d8                __libc_init_array
 .text.memset   0x0000000008009820       0x10 /home/chris/st/stm32cubeide_1.2.0/plugins/com.st.stm32cube.ide.mcu.externaltools.gnu-tools-for-stm32.7-2018-q2-update.linux64_1.0.0.201904181610/tools/bin/../lib/gcc/arm-none-eabi/7.3.1/../../../../arm-none-eabi/lib/thumb/v7e-m/fpv4-sp/hard/libc_nano.a(lib_a-memset.o)
                0x0000000008009820                memset
 .text._puts_r  0x0000000008009830       0xb8 /home/chris/st/stm32cubeide_1.2.0/plugins/com.st.stm32cube.ide.mcu.externaltools.gnu-tools-for-stm32.7-2018-q2-update.linux64_1.0.0.201904181610/tools/bin/../lib/gcc/arm-none-eabi/7.3.1/../../../../arm-none-eabi/lib/thumb/v7e-m/fpv4-sp/hard/libc_nano.a(lib_a-puts.o)
                0x0000000008009830                _puts_r
 .text.puts     0x00000000080098e8       0x10 /home/chris/st/stm32cubeide_1.2.0/plugins/com.st.stm32cube.ide.mcu.externaltools.gnu-tools-for-stm32.7-2018-q2-update.linux64_1.0.0.201904181610/tools/bin/../lib/gcc/arm-none-eabi/7.3.1/../../../../arm-none-eabi/lib/thumb/v7e-m/fpv4-sp/hard/libc_nano.a(lib_a-puts.o)
                0x00000000080098e8                puts
 .text.snprintf
                0x00000000080098f8       0x68 /home/chris/st/stm32cubeide_1.2.0/plugins/com.st.stm32cube.ide.mcu.externaltools.gnu-tools-for-stm32.7-2018-q2-update.linux64_1.0.0.201904181610/tools/bin/../lib/gcc/arm-none-eabi/7.3.1/../../../../arm-none-eabi/lib/thumb/v7e-m/fpv4-sp/hard/libc_nano.a(lib_a-snprintf.o)
                0x00000000080098f8                snprintf
                0x00000000080098f8                sniprintf
 .text.strcat   0x0000000008009960       0x1e /home/chris/st/stm32cubeide_1.2.0/plugins/com.st.stm32cube.ide.mcu.externaltools.gnu-tools-for-stm32.7-2018-q2-update.linux64_1.0.0.201904181610/tools/bin/../lib/gcc/arm-none-eabi/7.3.1/../../../../arm-none-eabi/lib/thumb/v7e-m/fpv4-sp/hard/libc_nano.a(lib_a-strcat.o)
                0x0000000008009960                strcat
 *fill*         0x000000000800997e        0x2 
 .text.__swbuf_r
                0x0000000008009980       0xa4 /home/chris/st/stm32cubeide_1.2.0/plugins/com.st.stm32cube.ide.mcu.externaltools.gnu-tools-for-stm32.7-2018-q2-update.linux64_1.0.0.201904181610/tools/bin/../lib/gcc/arm-none-eabi/7.3.1/../../../../arm-none-eabi/lib/thumb/v7e-m/fpv4-sp/hard/libc_nano.a(lib_a-wbuf.o)
                0x0000000008009980                __swbuf_r
 .text.__swsetup_r
                0x0000000008009a24       0xdc /home/chris/st/stm32cubeide_1.2.0/plugins/com.st.stm32cube.ide.mcu.externaltools.gnu-tools-for-stm32.7-2018-q2-update.linux64_1.0.0.201904181610/tools/bin/../lib/gcc/arm-none-eabi/7.3.1/../../../../arm-none-eabi/lib/thumb/v7e-m/fpv4-sp/hard/libc_nano.a(lib_a-wsetup.o)
                0x0000000008009a24                __swsetup_r
 .text.__sflush_r
                0x0000000008009b00      0x10c /home/chris/st/stm32cubeide_1.2.0/plugins/com.st.stm32cube.ide.mcu.externaltools.gnu-tools-for-stm32.7-2018-q2-update.linux64_1.0.0.201904181610/tools/bin/../lib/gcc/arm-none-eabi/7.3.1/../../../../arm-none-eabi/lib/thumb/v7e-m/fpv4-sp/hard/libc_nano.a(lib_a-fflush.o)
                0x0000000008009b00                __sflush_r
 .text._fflush_r
                0x0000000008009c0c       0x54 /home/chris/st/stm32cubeide_1.2.0/plugins/com.st.stm32cube.ide.mcu.externaltools.gnu-tools-for-stm32.7-2018-q2-update.linux64_1.0.0.201904181610/tools/bin/../lib/gcc/arm-none-eabi/7.3.1/../../../../arm-none-eabi/lib/thumb/v7e-m/fpv4-sp/hard/libc_nano.a(lib_a-fflush.o)
                0x0000000008009c0c                _fflush_r
 .text.std      0x0000000008009c60       0x48 /home/chris/st/stm32cubeide_1.2.0/plugins/com.st.stm32cube.ide.mcu.externaltools.gnu-tools-for-stm32.7-2018-q2-update.linux64_1.0.0.201904181610/tools/bin/../lib/gcc/arm-none-eabi/7.3.1/../../../../arm-none-eabi/lib/thumb/v7e-m/fpv4-sp/hard/libc_nano.a(lib_a-findfp.o)
 .text._cleanup_r
                0x0000000008009ca8        0xc /home/chris/st/stm32cubeide_1.2.0/plugins/com.st.stm32cube.ide.mcu.externaltools.gnu-tools-for-stm32.7-2018-q2-update.linux64_1.0.0.201904181610/tools/bin/../lib/gcc/arm-none-eabi/7.3.1/../../../../arm-none-eabi/lib/thumb/v7e-m/fpv4-sp/hard/libc_nano.a(lib_a-findfp.o)
                0x0000000008009ca8                _cleanup_r
 .text.__sfmoreglue
                0x0000000008009cb4       0x2c /home/chris/st/stm32cubeide_1.2.0/plugins/com.st.stm32cube.ide.mcu.externaltools.gnu-tools-for-stm32.7-2018-q2-update.linux64_1.0.0.201904181610/tools/bin/../lib/gcc/arm-none-eabi/7.3.1/../../../../arm-none-eabi/lib/thumb/v7e-m/fpv4-sp/hard/libc_nano.a(lib_a-findfp.o)
                0x0000000008009cb4                __sfmoreglue
 .text.__sinit  0x0000000008009ce0       0x60 /home/chris/st/stm32cubeide_1.2.0/plugins/com.st.stm32cube.ide.mcu.externaltools.gnu-tools-for-stm32.7-2018-q2-update.linux64_1.0.0.201904181610/tools/bin/../lib/gcc/arm-none-eabi/7.3.1/../../../../arm-none-eabi/lib/thumb/v7e-m/fpv4-sp/hard/libc_nano.a(lib_a-findfp.o)
                0x0000000008009ce0                __sinit
 .text.__sfp    0x0000000008009d40       0x78 /home/chris/st/stm32cubeide_1.2.0/plugins/com.st.stm32cube.ide.mcu.externaltools.gnu-tools-for-stm32.7-2018-q2-update.linux64_1.0.0.201904181610/tools/bin/../lib/gcc/arm-none-eabi/7.3.1/../../../../arm-none-eabi/lib/thumb/v7e-m/fpv4-sp/hard/libc_nano.a(lib_a-findfp.o)
                0x0000000008009d40                __sfp
 .text._fwalk_reent
                0x0000000008009db8       0x3c /home/chris/st/stm32cubeide_1.2.0/plugins/com.st.stm32cube.ide.mcu.externaltools.gnu-tools-for-stm32.7-2018-q2-update.linux64_1.0.0.201904181610/tools/bin/../lib/gcc/arm-none-eabi/7.3.1/../../../../arm-none-eabi/lib/thumb/v7e-m/fpv4-sp/hard/libc_nano.a(lib_a-fwalk.o)
                0x0000000008009db8                _fwalk_reent
 .text.__swhatbuf_r
                0x0000000008009df4       0x48 /home/chris/st/stm32cubeide_1.2.0/plugins/com.st.stm32cube.ide.mcu.externaltools.gnu-tools-for-stm32.7-2018-q2-update.linux64_1.0.0.201904181610/tools/bin/../lib/gcc/arm-none-eabi/7.3.1/../../../../arm-none-eabi/lib/thumb/v7e-m/fpv4-sp/hard/libc_nano.a(lib_a-makebuf.o)
                0x0000000008009df4                __swhatbuf_r
 .text.__smakebuf_r
                0x0000000008009e3c       0x80 /home/chris/st/stm32cubeide_1.2.0/plugins/com.st.stm32cube.ide.mcu.externaltools.gnu-tools-for-stm32.7-2018-q2-update.linux64_1.0.0.201904181610/tools/bin/../lib/gcc/arm-none-eabi/7.3.1/../../../../arm-none-eabi/lib/thumb/v7e-m/fpv4-sp/hard/libc_nano.a(lib_a-makebuf.o)
                0x0000000008009e3c                __smakebuf_r
 .text._free_r  0x0000000008009ebc       0x9c /home/chris/st/stm32cubeide_1.2.0/plugins/com.st.stm32cube.ide.mcu.externaltools.gnu-tools-for-stm32.7-2018-q2-update.linux64_1.0.0.201904181610/tools/bin/../lib/gcc/arm-none-eabi/7.3.1/../../../../arm-none-eabi/lib/thumb/v7e-m/fpv4-sp/hard/libc_nano.a(lib_a-nano-freer.o)
                0x0000000008009ebc                _free_r
 .text._malloc_r
                0x0000000008009f58       0xb4 /home/chris/st/stm32cubeide_1.2.0/plugins/com.st.stm32cube.ide.mcu.externaltools.gnu-tools-for-stm32.7-2018-q2-update.linux64_1.0.0.201904181610/tools/bin/../lib/gcc/arm-none-eabi/7.3.1/../../../../arm-none-eabi/lib/thumb/v7e-m/fpv4-sp/hard/libc_nano.a(lib_a-nano-mallocr.o)
                0x0000000008009f58                _malloc_r
 .text.__ssputs_r
                0x000000000800a00c       0xb4 /home/chris/st/stm32cubeide_1.2.0/plugins/com.st.stm32cube.ide.mcu.externaltools.gnu-tools-for-stm32.7-2018-q2-update.linux64_1.0.0.201904181610/tools/bin/../lib/gcc/arm-none-eabi/7.3.1/../../../../arm-none-eabi/lib/thumb/v7e-m/fpv4-sp/hard/libc_nano.a(lib_a-nano-svfprintf.o)
                0x000000000800a00c                __ssputs_r
 .text._svfprintf_r
                0x000000000800a0c0      0x1f0 /home/chris/st/stm32cubeide_1.2.0/plugins/com.st.stm32cube.ide.mcu.externaltools.gnu-tools-for-stm32.7-2018-q2-update.linux64_1.0.0.201904181610/tools/bin/../lib/gcc/arm-none-eabi/7.3.1/../../../../arm-none-eabi/lib/thumb/v7e-m/fpv4-sp/hard/libc_nano.a(lib_a-nano-svfprintf.o)
                0x000000000800a0c0                _svfprintf_r
                0x000000000800a0c0                _svfiprintf_r
 .text._printf_common
                0x000000000800a2b0       0xea /home/chris/st/stm32cubeide_1.2.0/plugins/com.st.stm32cube.ide.mcu.externaltools.gnu-tools-for-stm32.7-2018-q2-update.linux64_1.0.0.201904181610/tools/bin/../lib/gcc/arm-none-eabi/7.3.1/../../../../arm-none-eabi/lib/thumb/v7e-m/fpv4-sp/hard/libc_nano.a(lib_a-nano-vfprintf_i.o)
                0x000000000800a2b0                _printf_common
 *fill*         0x000000000800a39a        0x2 
 .text._printf_i
                0x000000000800a39c      0x224 /home/chris/st/stm32cubeide_1.2.0/plugins/com.st.stm32cube.ide.mcu.externaltools.gnu-tools-for-stm32.7-2018-q2-update.linux64_1.0.0.201904181610/tools/bin/../lib/gcc/arm-none-eabi/7.3.1/../../../../arm-none-eabi/lib/thumb/v7e-m/fpv4-sp/hard/libc_nano.a(lib_a-nano-vfprintf_i.o)
                0x000000000800a39c                _printf_i
 .text._sbrk_r  0x000000000800a5c0       0x20 /home/chris/st/stm32cubeide_1.2.0/plugins/com.st.stm32cube.ide.mcu.externaltools.gnu-tools-for-stm32.7-2018-q2-update.linux64_1.0.0.201904181610/tools/bin/../lib/gcc/arm-none-eabi/7.3.1/../../../../arm-none-eabi/lib/thumb/v7e-m/fpv4-sp/hard/libc_nano.a(lib_a-sbrkr.o)
                0x000000000800a5c0                _sbrk_r
 .text.__sread  0x000000000800a5e0       0x22 /home/chris/st/stm32cubeide_1.2.0/plugins/com.st.stm32cube.ide.mcu.externaltools.gnu-tools-for-stm32.7-2018-q2-update.linux64_1.0.0.201904181610/tools/bin/../lib/gcc/arm-none-eabi/7.3.1/../../../../arm-none-eabi/lib/thumb/v7e-m/fpv4-sp/hard/libc_nano.a(lib_a-stdio.o)
                0x000000000800a5e0                __sread
 .text.__swrite
                0x000000000800a602       0x38 /home/chris/st/stm32cubeide_1.2.0/plugins/com.st.stm32cube.ide.mcu.externaltools.gnu-tools-for-stm32.7-2018-q2-update.linux64_1.0.0.201904181610/tools/bin/../lib/gcc/arm-none-eabi/7.3.1/../../../../arm-none-eabi/lib/thumb/v7e-m/fpv4-sp/hard/libc_nano.a(lib_a-stdio.o)
                0x000000000800a602                __swrite
 .text.__sseek  0x000000000800a63a       0x24 /home/chris/st/stm32cubeide_1.2.0/plugins/com.st.stm32cube.ide.mcu.externaltools.gnu-tools-for-stm32.7-2018-q2-update.linux64_1.0.0.201904181610/tools/bin/../lib/gcc/arm-none-eabi/7.3.1/../../../../arm-none-eabi/lib/thumb/v7e-m/fpv4-sp/hard/libc_nano.a(lib_a-stdio.o)
                0x000000000800a63a                __sseek
 .text.__sclose
                0x000000000800a65e        0x8 /home/chris/st/stm32cubeide_1.2.0/plugins/com.st.stm32cube.ide.mcu.externaltools.gnu-tools-for-stm32.7-2018-q2-update.linux64_1.0.0.201904181610/tools/bin/../lib/gcc/arm-none-eabi/7.3.1/../../../../arm-none-eabi/lib/thumb/v7e-m/fpv4-sp/hard/libc_nano.a(lib_a-stdio.o)
                0x000000000800a65e                __sclose
 *fill*         0x000000000800a666        0x2 
 .text._write_r
                0x000000000800a668       0x24 /home/chris/st/stm32cubeide_1.2.0/plugins/com.st.stm32cube.ide.mcu.externaltools.gnu-tools-for-stm32.7-2018-q2-update.linux64_1.0.0.201904181610/tools/bin/../lib/gcc/arm-none-eabi/7.3.1/../../../../arm-none-eabi/lib/thumb/v7e-m/fpv4-sp/hard/libc_nano.a(lib_a-writer.o)
                0x000000000800a668                _write_r
 .text._close_r
                0x000000000800a68c       0x20 /home/chris/st/stm32cubeide_1.2.0/plugins/com.st.stm32cube.ide.mcu.externaltools.gnu-tools-for-stm32.7-2018-q2-update.linux64_1.0.0.201904181610/tools/bin/../lib/gcc/arm-none-eabi/7.3.1/../../../../arm-none-eabi/lib/thumb/v7e-m/fpv4-sp/hard/libc_nano.a(lib_a-closer.o)
                0x000000000800a68c                _close_r
 .text._fstat_r
                0x000000000800a6ac       0x24 /home/chris/st/stm32cubeide_1.2.0/plugins/com.st.stm32cube.ide.mcu.externaltools.gnu-tools-for-stm32.7-2018-q2-update.linux64_1.0.0.201904181610/tools/bin/../lib/gcc/arm-none-eabi/7.3.1/../../../../arm-none-eabi/lib/thumb/v7e-m/fpv4-sp/hard/libc_nano.a(lib_a-fstatr.o)
                0x000000000800a6ac                _fstat_r
 .text._isatty_r
                0x000000000800a6d0       0x20 /home/chris/st/stm32cubeide_1.2.0/plugins/com.st.stm32cube.ide.mcu.externaltools.gnu-tools-for-stm32.7-2018-q2-update.linux64_1.0.0.201904181610/tools/bin/../lib/gcc/arm-none-eabi/7.3.1/../../../../arm-none-eabi/lib/thumb/v7e-m/fpv4-sp/hard/libc_nano.a(lib_a-isattyr.o)
                0x000000000800a6d0                _isatty_r
 .text._lseek_r
                0x000000000800a6f0       0x24 /home/chris/st/stm32cubeide_1.2.0/plugins/com.st.stm32cube.ide.mcu.externaltools.gnu-tools-for-stm32.7-2018-q2-update.linux64_1.0.0.201904181610/tools/bin/../lib/gcc/arm-none-eabi/7.3.1/../../../../arm-none-eabi/lib/thumb/v7e-m/fpv4-sp/hard/libc_nano.a(lib_a-lseekr.o)
                0x000000000800a6f0                _lseek_r
 .text.memcpy   0x000000000800a714       0x16 /home/chris/st/stm32cubeide_1.2.0/plugins/com.st.stm32cube.ide.mcu.externaltools.gnu-tools-for-stm32.7-2018-q2-update.linux64_1.0.0.201904181610/tools/bin/../lib/gcc/arm-none-eabi/7.3.1/../../../../arm-none-eabi/lib/thumb/v7e-m/fpv4-sp/hard/libc_nano.a(lib_a-memcpy-stub.o)
                0x000000000800a714                memcpy
 .text.memmove  0x000000000800a72a       0x32 /home/chris/st/stm32cubeide_1.2.0/plugins/com.st.stm32cube.ide.mcu.externaltools.gnu-tools-for-stm32.7-2018-q2-update.linux64_1.0.0.201904181610/tools/bin/../lib/gcc/arm-none-eabi/7.3.1/../../../../arm-none-eabi/lib/thumb/v7e-m/fpv4-sp/hard/libc_nano.a(lib_a-memmove.o)
                0x000000000800a72a                memmove
 .text.__malloc_lock
                0x000000000800a75c        0x2 /home/chris/st/stm32cubeide_1.2.0/plugins/com.st.stm32cube.ide.mcu.externaltools.gnu-tools-for-stm32.7-2018-q2-update.linux64_1.0.0.201904181610/tools/bin/../lib/gcc/arm-none-eabi/7.3.1/../../../../arm-none-eabi/lib/thumb/v7e-m/fpv4-sp/hard/libc_nano.a(lib_a-mlock.o)
                0x000000000800a75c                __malloc_lock
 .text.__malloc_unlock
                0x000000000800a75e        0x2 /home/chris/st/stm32cubeide_1.2.0/plugins/com.st.stm32cube.ide.mcu.externaltools.gnu-tools-for-stm32.7-2018-q2-update.linux64_1.0.0.201904181610/tools/bin/../lib/gcc/arm-none-eabi/7.3.1/../../../../arm-none-eabi/lib/thumb/v7e-m/fpv4-sp/hard/libc_nano.a(lib_a-mlock.o)
                0x000000000800a75e                __malloc_unlock
 .text._realloc_r
                0x000000000800a760       0x4c /home/chris/st/stm32cubeide_1.2.0/plugins/com.st.stm32cube.ide.mcu.externaltools.gnu-tools-for-stm32.7-2018-q2-update.linux64_1.0.0.201904181610/tools/bin/../lib/gcc/arm-none-eabi/7.3.1/../../../../arm-none-eabi/lib/thumb/v7e-m/fpv4-sp/hard/libc_nano.a(lib_a-nano-reallocr.o)
                0x000000000800a760                _realloc_r
 .text._read_r  0x000000000800a7ac       0x24 /home/chris/st/stm32cubeide_1.2.0/plugins/com.st.stm32cube.ide.mcu.externaltools.gnu-tools-for-stm32.7-2018-q2-update.linux64_1.0.0.201904181610/tools/bin/../lib/gcc/arm-none-eabi/7.3.1/../../../../arm-none-eabi/lib/thumb/v7e-m/fpv4-sp/hard/libc_nano.a(lib_a-readr.o)
                0x000000000800a7ac                _read_r
 .text._malloc_usable_size_r
                0x000000000800a7d0       0x10 /home/chris/st/stm32cubeide_1.2.0/plugins/com.st.stm32cube.ide.mcu.externaltools.gnu-tools-for-stm32.7-2018-q2-update.linux64_1.0.0.201904181610/tools/bin/../lib/gcc/arm-none-eabi/7.3.1/../../../../arm-none-eabi/lib/thumb/v7e-m/fpv4-sp/hard/libc_nano.a(lib_a-nano-msizer.o)
                0x000000000800a7d0                _malloc_usable_size_r
 *(.glue_7)
 .glue_7        0x000000000800a7e0        0x0 linker stubs
 *(.glue_7t)
 .glue_7t       0x000000000800a7e0        0x0 linker stubs
 *(.eh_frame)
 .eh_frame      0x000000000800a7e0        0x0 /home/chris/st/stm32cubeide_1.2.0/plugins/com.st.stm32cube.ide.mcu.externaltools.gnu-tools-for-stm32.7-2018-q2-update.linux64_1.0.0.201904181610/tools/bin/../lib/gcc/arm-none-eabi/7.3.1/thumb/v7e-m/fpv4-sp/hard/crtbegin.o
 *(.init)
 .init          0x000000000800a7e0        0x4 /home/chris/st/stm32cubeide_1.2.0/plugins/com.st.stm32cube.ide.mcu.externaltools.gnu-tools-for-stm32.7-2018-q2-update.linux64_1.0.0.201904181610/tools/bin/../lib/gcc/arm-none-eabi/7.3.1/thumb/v7e-m/fpv4-sp/hard/crti.o
                0x000000000800a7e0                _init
 .init          0x000000000800a7e4        0x8 /home/chris/st/stm32cubeide_1.2.0/plugins/com.st.stm32cube.ide.mcu.externaltools.gnu-tools-for-stm32.7-2018-q2-update.linux64_1.0.0.201904181610/tools/bin/../lib/gcc/arm-none-eabi/7.3.1/thumb/v7e-m/fpv4-sp/hard/crtn.o
 *(.fini)
 .fini          0x000000000800a7ec        0x4 /home/chris/st/stm32cubeide_1.2.0/plugins/com.st.stm32cube.ide.mcu.externaltools.gnu-tools-for-stm32.7-2018-q2-update.linux64_1.0.0.201904181610/tools/bin/../lib/gcc/arm-none-eabi/7.3.1/thumb/v7e-m/fpv4-sp/hard/crti.o
                0x000000000800a7ec                _fini
 .fini          0x000000000800a7f0        0x8 /home/chris/st/stm32cubeide_1.2.0/plugins/com.st.stm32cube.ide.mcu.externaltools.gnu-tools-for-stm32.7-2018-q2-update.linux64_1.0.0.201904181610/tools/bin/../lib/gcc/arm-none-eabi/7.3.1/thumb/v7e-m/fpv4-sp/hard/crtn.o
                0x000000000800a7f8                . = ALIGN (0x4)
                0x000000000800a7f8                _etext = .

.vfp11_veneer   0x000000000800a7f8        0x0
 .vfp11_veneer  0x000000000800a7f8        0x0 linker stubs

.v4_bx          0x000000000800a7f8        0x0
 .v4_bx         0x000000000800a7f8        0x0 linker stubs

.iplt           0x000000000800a7f8        0x0
 .iplt          0x000000000800a7f8        0x0 /home/chris/st/stm32cubeide_1.2.0/plugins/com.st.stm32cube.ide.mcu.externaltools.gnu-tools-for-stm32.7-2018-q2-update.linux64_1.0.0.201904181610/tools/bin/../lib/gcc/arm-none-eabi/7.3.1/thumb/v7e-m/fpv4-sp/hard/crtbegin.o

.rodata         0x000000000800a7f8      0x570
                0x000000000800a7f8                . = ALIGN (0x4)
 *(.rodata)
 .rodata        0x000000000800a7f8      0x147 Core/Src/DisplayManager/DisplayManager.o
 *fill*         0x000000000800a93f        0x1 
 .rodata        0x000000000800a940      0x13c Core/Src/EventManager/EventManager.o
 .rodata        0x000000000800aa7c        0x2 Core/Src/stm32g4xx_it.o
 *(.rodata*)
 *fill*         0x000000000800aa7e        0x2 
 .rodata.AHBPrescTable
                0x000000000800aa80       0x10 Core/Src/system_stm32g4xx.o
                0x000000000800aa80                AHBPrescTable
 .rodata.font   0x000000000800aa90      0x240 ILI9341/ILI9341_GFX.o
 .rodata._global_impure_ptr
                0x000000000800acd0        0x4 /home/chris/st/stm32cubeide_1.2.0/plugins/com.st.stm32cube.ide.mcu.externaltools.gnu-tools-for-stm32.7-2018-q2-update.linux64_1.0.0.201904181610/tools/bin/../lib/gcc/arm-none-eabi/7.3.1/../../../../arm-none-eabi/lib/thumb/v7e-m/fpv4-sp/hard/libc_nano.a(lib_a-impure.o)
                0x000000000800acd0                _global_impure_ptr
 .rodata.__sf_fake_stderr
                0x000000000800acd4       0x20 /home/chris/st/stm32cubeide_1.2.0/plugins/com.st.stm32cube.ide.mcu.externaltools.gnu-tools-for-stm32.7-2018-q2-update.linux64_1.0.0.201904181610/tools/bin/../lib/gcc/arm-none-eabi/7.3.1/../../../../arm-none-eabi/lib/thumb/v7e-m/fpv4-sp/hard/libc_nano.a(lib_a-findfp.o)
                0x000000000800acd4                __sf_fake_stderr
 .rodata.__sf_fake_stdin
                0x000000000800acf4       0x20 /home/chris/st/stm32cubeide_1.2.0/plugins/com.st.stm32cube.ide.mcu.externaltools.gnu-tools-for-stm32.7-2018-q2-update.linux64_1.0.0.201904181610/tools/bin/../lib/gcc/arm-none-eabi/7.3.1/../../../../arm-none-eabi/lib/thumb/v7e-m/fpv4-sp/hard/libc_nano.a(lib_a-findfp.o)
                0x000000000800acf4                __sf_fake_stdin
 .rodata.__sf_fake_stdout
                0x000000000800ad14       0x20 /home/chris/st/stm32cubeide_1.2.0/plugins/com.st.stm32cube.ide.mcu.externaltools.gnu-tools-for-stm32.7-2018-q2-update.linux64_1.0.0.201904181610/tools/bin/../lib/gcc/arm-none-eabi/7.3.1/../../../../arm-none-eabi/lib/thumb/v7e-m/fpv4-sp/hard/libc_nano.a(lib_a-findfp.o)
                0x000000000800ad14                __sf_fake_stdout
 .rodata._svfprintf_r.str1.1
                0x000000000800ad34       0x11 /home/chris/st/stm32cubeide_1.2.0/plugins/com.st.stm32cube.ide.mcu.externaltools.gnu-tools-for-stm32.7-2018-q2-update.linux64_1.0.0.201904181610/tools/bin/../lib/gcc/arm-none-eabi/7.3.1/../../../../arm-none-eabi/lib/thumb/v7e-m/fpv4-sp/hard/libc_nano.a(lib_a-nano-svfprintf.o)
 .rodata._printf_i.str1.1
                0x000000000800ad45       0x22 /home/chris/st/stm32cubeide_1.2.0/plugins/com.st.stm32cube.ide.mcu.externaltools.gnu-tools-for-stm32.7-2018-q2-update.linux64_1.0.0.201904181610/tools/bin/../lib/gcc/arm-none-eabi/7.3.1/../../../../arm-none-eabi/lib/thumb/v7e-m/fpv4-sp/hard/libc_nano.a(lib_a-nano-vfprintf_i.o)
                0x000000000800ad68                . = ALIGN (0x4)
 *fill*         0x000000000800ad67        0x1 

.rel.dyn        0x000000000800ad68        0x0
 .rel.iplt      0x000000000800ad68        0x0 /home/chris/st/stm32cubeide_1.2.0/plugins/com.st.stm32cube.ide.mcu.externaltools.gnu-tools-for-stm32.7-2018-q2-update.linux64_1.0.0.201904181610/tools/bin/../lib/gcc/arm-none-eabi/7.3.1/thumb/v7e-m/fpv4-sp/hard/crtbegin.o

.ARM.extab      0x000000000800ad68        0x0
                0x000000000800ad68                . = ALIGN (0x4)
 *(.ARM.extab* .gnu.linkonce.armextab.*)
                0x000000000800ad68                . = ALIGN (0x4)

.ARM            0x000000000800ad68        0x0
                0x000000000800ad68                . = ALIGN (0x4)
                0x000000000800ad68                __exidx_start = .
 *(.ARM.exidx*)
                0x000000000800ad68                __exidx_end = .
                0x000000000800ad68                . = ALIGN (0x4)

.preinit_array  0x000000000800ad68        0x0
                0x000000000800ad68                . = ALIGN (0x4)
                0x000000000800ad68                PROVIDE (__preinit_array_start = .)
 *(.preinit_array*)
                0x000000000800ad68                PROVIDE (__preinit_array_end = .)
                0x000000000800ad68                . = ALIGN (0x4)

.init_array     0x000000000800ad68        0x4
                0x000000000800ad68                . = ALIGN (0x4)
                0x000000000800ad68                PROVIDE (__init_array_start = .)
 *(SORT_BY_NAME(.init_array.*))
 *(.init_array*)
 .init_array    0x000000000800ad68        0x4 /home/chris/st/stm32cubeide_1.2.0/plugins/com.st.stm32cube.ide.mcu.externaltools.gnu-tools-for-stm32.7-2018-q2-update.linux64_1.0.0.201904181610/tools/bin/../lib/gcc/arm-none-eabi/7.3.1/thumb/v7e-m/fpv4-sp/hard/crtbegin.o
                0x000000000800ad6c                PROVIDE (__init_array_end = .)
                0x000000000800ad6c                . = ALIGN (0x4)

.fini_array     0x000000000800ad6c        0x4
                0x000000000800ad6c                . = ALIGN (0x4)
                [!provide]                        PROVIDE (__fini_array_start = .)
 *(SORT_BY_NAME(.fini_array.*))
 *(.fini_array*)
 .fini_array    0x000000000800ad6c        0x4 /home/chris/st/stm32cubeide_1.2.0/plugins/com.st.stm32cube.ide.mcu.externaltools.gnu-tools-for-stm32.7-2018-q2-update.linux64_1.0.0.201904181610/tools/bin/../lib/gcc/arm-none-eabi/7.3.1/thumb/v7e-m/fpv4-sp/hard/crtbegin.o
                [!provide]                        PROVIDE (__fini_array_end = .)
                0x000000000800ad70                . = ALIGN (0x4)
                0x000000000800ad70                _sidata = LOADADDR (.data)

.data           0x0000000020000000      0xbc8 load address 0x000000000800ad70
                0x0000000020000000                . = ALIGN (0x4)
                0x0000000020000000                _sdata = .
 *(.data)
 *(.data*)
 .data.btn_x_pos
                0x0000000020000000        0x8 Core/Src/DisplayManager/DisplayManager.o
                0x0000000020000000                btn_x_pos
 .data.eBiasPolarity
                0x0000000020000008        0x1 Core/Src/SIgnalManager/BiasOutput.o
                0x0000000020000008                eBiasPolarity
 .data.eNewOutGain
                0x0000000020000009        0x1 Core/Src/SIgnalManager/GainOutput.o
                0x0000000020000009                eNewOutGain
 *fill*         0x000000002000000a        0x2 
 .data.dcbias_dir
                0x000000002000000c        0x4 Core/Src/funcgen.o
                0x000000002000000c                dcbias_dir
 .data.SystemCoreClock
                0x0000000020000010        0x4 Core/Src/system_stm32g4xx.o
                0x0000000020000010                SystemCoreClock
 .data.uwTickPrio
                0x0000000020000014        0x4 Drivers/STM32G4xx_HAL_Driver/Src/stm32g4xx_hal.o
                0x0000000020000014                uwTickPrio
 .data.uwTickFreq
                0x0000000020000018        0x4 Drivers/STM32G4xx_HAL_Driver/Src/stm32g4xx_hal.o
                0x0000000020000018                uwTickFreq
 .data.LCD_HEIGHT
                0x000000002000001c        0x2 ILI9341/ILI9341_STM32_Driver.o
                0x000000002000001c                LCD_HEIGHT
 .data.LCD_WIDTH
                0x000000002000001e        0x2 ILI9341/ILI9341_STM32_Driver.o
                0x000000002000001e                LCD_WIDTH
 .data.BURST_MAX_SIZE
                0x0000000020000020        0x2 ILI9341/ILI9341_STM32_Driver.o
                0x0000000020000020                BURST_MAX_SIZE
 *fill*         0x0000000020000022        0x2 
 .data.saw_data_table
                0x0000000020000024      0x1e0 WaveTableGeneration/pysaw.o
                0x0000000020000024                saw_data_table
 .data.saw_rev_data_table
                0x0000000020000204      0x1e0 WaveTableGeneration/pysaw_rev.o
                0x0000000020000204                saw_rev_data_table
 .data.sine_data_table
                0x00000000200003e4      0x1e0 WaveTableGeneration/pysine.o
                0x00000000200003e4                sine_data_table
 .data.square_data_table
                0x00000000200005c4      0x1e0 WaveTableGeneration/pysquare.o
                0x00000000200005c4                square_data_table
 .data.triangle_data_table
                0x00000000200007a4      0x1e0 WaveTableGeneration/pytriangle.o
                0x00000000200007a4                triangle_data_table
 .data.unitimpulse_data_table
                0x0000000020000984      0x1e0 WaveTableGeneration/pyunitimpulse.o
                0x0000000020000984                unitimpulse_data_table
 .data._impure_ptr
                0x0000000020000b64        0x4 /home/chris/st/stm32cubeide_1.2.0/plugins/com.st.stm32cube.ide.mcu.externaltools.gnu-tools-for-stm32.7-2018-q2-update.linux64_1.0.0.201904181610/tools/bin/../lib/gcc/arm-none-eabi/7.3.1/../../../../arm-none-eabi/lib/thumb/v7e-m/fpv4-sp/hard/libc_nano.a(lib_a-impure.o)
                0x0000000020000b64                _impure_ptr
 .data.impure_data
                0x0000000020000b68       0x60 /home/chris/st/stm32cubeide_1.2.0/plugins/com.st.stm32cube.ide.mcu.externaltools.gnu-tools-for-stm32.7-2018-q2-update.linux64_1.0.0.201904181610/tools/bin/../lib/gcc/arm-none-eabi/7.3.1/../../../../arm-none-eabi/lib/thumb/v7e-m/fpv4-sp/hard/libc_nano.a(lib_a-impure.o)
                0x0000000020000bc8                . = ALIGN (0x4)
                0x0000000020000bc8                _edata = .

.igot.plt       0x0000000020000bc8        0x0 load address 0x000000000800b938
 .igot.plt      0x0000000020000bc8        0x0 /home/chris/st/stm32cubeide_1.2.0/plugins/com.st.stm32cube.ide.mcu.externaltools.gnu-tools-for-stm32.7-2018-q2-update.linux64_1.0.0.201904181610/tools/bin/../lib/gcc/arm-none-eabi/7.3.1/thumb/v7e-m/fpv4-sp/hard/crtbegin.o
                0x0000000020000bc8                . = ALIGN (0x4)

.bss            0x0000000020000bc8      0x4a0 load address 0x000000000800b938
                0x0000000020000bc8                _sbss = .
                0x0000000020000bc8                __bss_start__ = _sbss
 *(.bss)
 .bss           0x0000000020000bc8       0x1c /home/chris/st/stm32cubeide_1.2.0/plugins/com.st.stm32cube.ide.mcu.externaltools.gnu-tools-for-stm32.7-2018-q2-update.linux64_1.0.0.201904181610/tools/bin/../lib/gcc/arm-none-eabi/7.3.1/thumb/v7e-m/fpv4-sp/hard/crtbegin.o
 *(.bss*)
 .bss.eNextFuncMenuStatus
                0x0000000020000be4        0x1 Core/Src/DisplayManager/DisplayManager.o
                0x0000000020000be4                eNextFuncMenuStatus
 .bss.eNextGainMenuStatus
                0x0000000020000be5        0x1 Core/Src/DisplayManager/DisplayManager.o
                0x0000000020000be5                eNextGainMenuStatus
 .bss.eNextFreqMenuStatus
                0x0000000020000be6        0x1 Core/Src/DisplayManager/DisplayManager.o
                0x0000000020000be6                eNextFreqMenuStatus
 .bss.eNextBiasMenuStatus
                0x0000000020000be7        0x1 Core/Src/DisplayManager/DisplayManager.o
                0x0000000020000be7                eNextBiasMenuStatus
 .bss.eNextState
                0x0000000020000be8        0x1 Core/Src/EventManager/EventManager.o
                0x0000000020000be8                eNextState
 .bss.eNewEvent
                0x0000000020000be9        0x1 Core/Src/EventManager/EventManager.o
                0x0000000020000be9                eNewEvent
 .bss.eNewOutMode
                0x0000000020000bea        0x1 Core/Src/SIgnalManager/FunctionOutput.o
                0x0000000020000bea                eNewOutMode
 *fill*         0x0000000020000beb        0x1 
 .bss.dcbias    0x0000000020000bec        0x2 Core/Src/funcgen.o
                0x0000000020000bec                dcbias
 *fill*         0x0000000020000bee        0x2 
 .bss.dcinverted
                0x0000000020000bf0        0x4 Core/Src/funcgen.o
                0x0000000020000bf0                dcinverted
 .bss.last_enc_value
                0x0000000020000bf4        0x2 Core/Src/stm32g4xx_it.o
                0x0000000020000bf4                last_enc_value
 *fill*         0x0000000020000bf6        0x2 
 .bss.heap_end.6424
                0x0000000020000bf8        0x4 Core/Src/sysmem.o
 .bss.__malloc_free_list
                0x0000000020000bfc        0x4 /home/chris/st/stm32cubeide_1.2.0/plugins/com.st.stm32cube.ide.mcu.externaltools.gnu-tools-for-stm32.7-2018-q2-update.linux64_1.0.0.201904181610/tools/bin/../lib/gcc/arm-none-eabi/7.3.1/../../../../arm-none-eabi/lib/thumb/v7e-m/fpv4-sp/hard/libc_nano.a(lib_a-nano-mallocr.o)
                0x0000000020000bfc                __malloc_free_list
 .bss.__malloc_sbrk_start
                0x0000000020000c00        0x4 /home/chris/st/stm32cubeide_1.2.0/plugins/com.st.stm32cube.ide.mcu.externaltools.gnu-tools-for-stm32.7-2018-q2-update.linux64_1.0.0.201904181610/tools/bin/../lib/gcc/arm-none-eabi/7.3.1/../../../../arm-none-eabi/lib/thumb/v7e-m/fpv4-sp/hard/libc_nano.a(lib_a-nano-mallocr.o)
                0x0000000020000c00                __malloc_sbrk_start
 *(COMMON)
 COMMON         0x0000000020000c04        0xa Core/Src/DisplayManager/DisplayManager.o
                0x0000000020000c04                control_pressed
 *fill*         0x0000000020000c0e        0x2 
 COMMON         0x0000000020000c10       0xcc Core/Src/adc.o
                0x0000000020000c10                hadc1
                0x0000000020000c7c                hdma_adc1
 COMMON         0x0000000020000cdc       0x24 Core/Src/comp.o
                0x0000000020000cdc                hcomp1
 COMMON         0x0000000020000d00       0xe8 Core/Src/dac.o
                0x0000000020000d00                hdac2
                0x0000000020000d14                hdac1
                0x0000000020000d28                hdma_dac1_ch1
                0x0000000020000d88                hdma_dac2_ch1
 COMMON         0x0000000020000de8       0x64 Core/Src/spi.o
                0x0000000020000de8                hspi3
 COMMON         0x0000000020000e4c      0x214 Core/Src/tim.o
                0x0000000020000e4c                htim8
                0x0000000020000e98                htim15
                0x0000000020000ee4                htim17
                0x0000000020000f30                htim5
                0x0000000020000f7c                htim1
                0x0000000020000fc8                htim2
                0x0000000020001014                htim16
 COMMON         0x0000000020001060        0x4 Drivers/STM32G4xx_HAL_Driver/Src/stm32g4xx_hal.o
                0x0000000020001060                uwTick
 COMMON         0x0000000020001064        0x4 /home/chris/st/stm32cubeide_1.2.0/plugins/com.st.stm32cube.ide.mcu.externaltools.gnu-tools-for-stm32.7-2018-q2-update.linux64_1.0.0.201904181610/tools/bin/../lib/gcc/arm-none-eabi/7.3.1/../../../../arm-none-eabi/lib/thumb/v7e-m/fpv4-sp/hard/libc_nano.a(lib_a-reent.o)
                0x0000000020001064                errno
                0x0000000020001068                . = ALIGN (0x4)
                0x0000000020001068                _ebss = .
                0x0000000020001068                __bss_end__ = _ebss

._user_heap_stack
                0x0000000020001068      0x600 load address 0x000000000800b938
                0x0000000020001068                . = ALIGN (0x8)
                0x0000000020001068                PROVIDE (end = .)
                [!provide]                        PROVIDE (_end = .)
                0x0000000020001268                . = (. + _Min_Heap_Size)
 *fill*         0x0000000020001068      0x200 
                0x0000000020001668                . = (. + _Min_Stack_Size)
 *fill*         0x0000000020001268      0x400 
                0x0000000020001668                . = ALIGN (0x8)

/DISCARD/
 libc.a(*)
 libm.a(*)
 libgcc.a(*)

.ARM.attributes
                0x0000000000000000       0x30
 *(.ARM.attributes)
 .ARM.attributes
                0x0000000000000000       0x22 /home/chris/st/stm32cubeide_1.2.0/plugins/com.st.stm32cube.ide.mcu.externaltools.gnu-tools-for-stm32.7-2018-q2-update.linux64_1.0.0.201904181610/tools/bin/../lib/gcc/arm-none-eabi/7.3.1/thumb/v7e-m/fpv4-sp/hard/crti.o
 .ARM.attributes