FunctionOutput.c:63:6:FuncO_ResetLastEncoderValue	4	static
FunctionOutput.c:77:6:FuncO_MapEncoderPositionToSignalOutput	24	static
FunctionOutput.c:103:6:FuncO_MapEncoderPositionToSyncOutput	24	static
FunctionOutput.c:129:6:FuncO_EnablePWMToSignal	8	static
FunctionOutput.c:134:6:FuncO_DisablePWMToSignal	4	static
FunctionOutput.c:147:6:FuncO_EnableDacToSignal	8	static
FunctionOutput.c:160:6:FuncO_DisableDacToSignal	4	static
FunctionOutput.c:173:6:FuncO_EnablePWMToSync	8	static
FunctionOutput.c:186:6:FuncO_DisablePWMToSync	4	static
FunctionOutput.c:199:6:FuncO_EnableDacToSync	8	static
FunctionOutput.c:212:6:FuncO_DisableDacToSync	4	static
FunctionOutput.c:233:6:FuncO_ApplyPresetToSignal	40	static
FunctionOutput.c:279:6:FuncO_ApplyPresetToSync	40	static
FunctionOutput.c:326:21:FuncO_FindFPresetObject	24	static
FunctionOutput.c:349:9:FuncO_GetFuncPresetEncoderRange	4	static
