InputTrigger.c:86:6:IT_ArbitrateInputTrigger	16	static
InputTrigger.c:217:6:IT_CycleInputTriggerMode	8	static
InputTrigger.c:245:6:HAL_COMP_TriggerCallback	16	static
InputTrigger.c:265:6:HAL_ADC_ConvCpltCallback	32	static
InputTrigger.c:289:6:HAL_TIM_IC_CaptureCallback	24	static
InputTrigger.c:322:7:_GetNearestFreqToVolts	24	static
InputTrigger.c:336:10:_GetNearestPeriodToVolts	24	static
InputTrigger.c:359:7:IT_GetAverageFreqCountPeriod	4	static
InputTrigger.c:372:7:IT_GetAverageFreqCountHertz	4	static
InputTrigger.c:385:19:IT_GetActiveTriggerMode	4	static
InputTrigger.c:398:6:IT_SetActiveTriggerMode	16	static
InputTrigger.c:411:15:IT_GetTriggerStatus	4	static
InputTrigger.c:424:6:IT_SetTriggerStatus	16	static
