InputTrigger.c:36:6:IT_ArbitrateInputTrigger	16	static
InputTrigger.c:183:6:IT_CycleInputTriggerMode	8	static
InputTrigger.c:212:19:IT_GetActiveTriggerMode	4	static
InputTrigger.c:225:6:IT_SetActiveTriggerMode	16	static
InputTrigger.c:238:15:IT_GetTriggerStatus	4	static
InputTrigger.c:251:6:IT_SetTriggerStatus	16	static
InputTrigger.c:265:6:HAL_COMP_TriggerCallback	16	static
InputTrigger.c:285:6:HAL_ADC_ConvCpltCallback	16	static
InputTrigger.c:294:6:HAL_TIM_IC_CaptureCallback	24	static
InputTrigger.c:312:6:HAL_TIM_IC_CaptureHalfCpltCallback	24	static
