SignalManager.c:21:6:SM_Init	8	static
SignalManager.c:51:6:_InitAmpProfiles	56	static
SignalManager.c:75:6:_InitOutputChannels	16	static
SignalManager.c:102:20:SM_GetOutputChannel	16	static
SignalManager.c:122:6:SM_EnablePwmToSignal	96	static
SignalManager.c:200:6:SM_DisablePwmToSignal	8	static
SignalManager.c:224:6:SM_EnableDacToSignal	88	static
SignalManager.c:303:6:SM_DisableDacToSignal	8	static
SignalManager.c:318:6:SM_EnablePwmToAux	96	static
SignalManager.c:423:6:SM_DisablePwmToAux	16	static
SignalManager.c:458:6:SM_EnableDacToAux	208	static
SignalManager.c:541:6:SM_DisableDacToAux	8	static
SignalManager.c:565:10:SM_GetEncoderValue	16	static
SignalManager.c:585:7:SM_GetOutputInHertz	24	static
SignalManager.c:601:7:SM_ConvertPeriodToHertz	16	static
SignalManager.c:609:10:SM_ConvertHertzToPeriod	16	static
SignalManager.c:617:9:SM_IsFuncPwmDutyMode	4	static
SignalManager.c:622:6:SM_ToggleFuncPwmDutyMode	4	static
SignalManager.c:627:6:SM_ResetFuncPwmDutyMode	4	static
