SignalManager.c:21:6:SM_Init	8	static
SignalManager.c:30:6:_InitGainInDecibels	32	static
SignalManager.c:44:6:_InitNegGainCoefficients	32	static
SignalManager.c:58:6:_InitOutputChannels	16	static
SignalManager.c:83:20:SM_GetOutputChannel	16	static
SignalManager.c:102:6:SM_EnablePwmToSignal	96	static
SignalManager.c:178:6:SM_DisablePwmToSignal	8	static
SignalManager.c:201:6:SM_EnableDacToSignal	88	static
SignalManager.c:279:6:SM_DisableDacToSignal	8	static
SignalManager.c:309:6:SM_EnablePwmToSync	8	static
SignalManager.c:322:6:SM_DisablePwmToSync	4	static
SignalManager.c:335:6:SM_EnableDacToSync	8	static
SignalManager.c:348:6:SM_DisableDacToSync	4	static
SignalManager.c:362:10:SM_GetEncoderValue	16	static
SignalManager.c:382:7:SM_GetOutputInHertz	24	static
SignalManager.c:398:7:SM_ConvertPeriodToHertz	16	static
SignalManager.c:406:10:SM_ConvertHertzToPeriod	16	static
SignalManager.c:414:9:SM_IsFuncPwmDutyMode	4	static
SignalManager.c:419:6:SM_ToggleFuncPwmDutyMode	4	static
SignalManager.c:424:6:SM_ResetFuncPwmDutyMode	4	static
