SignalManager.c:21:6:SM_Init	8	static
SignalManager.c:30:6:_InitGainInDecibels	32	static
SignalManager.c:44:6:_InitNegGainCoefficients	32	static
SignalManager.c:58:6:_InitOutputChannels	16	static
SignalManager.c:83:20:SM_GetOutputChannel	16	static
SignalManager.c:102:6:SM_EnablePwmToSignal	96	static
SignalManager.c:178:6:SM_DisablePwmToSignal	8	static
SignalManager.c:201:6:SM_EnableDacToSignal	88	static
SignalManager.c:279:6:SM_DisableDacToSignal	8	static
SignalManager.c:296:6:SM_EnablePwmToSync	96	static
SignalManager.c:380:6:SM_DisablePwmToSync	8	static
SignalManager.c:403:6:SM_EnableDacToSync	200	static
SignalManager.c:476:6:SM_DisableDacToSync	8	static
SignalManager.c:496:10:SM_GetEncoderValue	16	static
SignalManager.c:516:7:SM_GetOutputInHertz	24	static
SignalManager.c:532:7:SM_ConvertPeriodToHertz	16	static
SignalManager.c:540:10:SM_ConvertHertzToPeriod	16	static
SignalManager.c:548:9:SM_IsFuncPwmDutyMode	4	static
SignalManager.c:553:6:SM_ToggleFuncPwmDutyMode	4	static
SignalManager.c:558:6:SM_ResetFuncPwmDutyMode	4	static
