EventManager.c:67:10:EM_GetLastEncoderValue	4	static
EventManager.c:71:6:EM_SetLastEncoderValue	16	static
EventManager.c:84:6:EM_ProcessEvent	32	static
EventManager.c:259:14:_FuncMenuEntryHandler	16	static
EventManager.c:292:14:_FuncMenuInputHandler	8	static
EventManager.c:312:14:_FuncMenuExitHandler	8	static
EventManager.c:341:14:_GainMenuEntryHandler	16	static
EventManager.c:374:14:_GainMenuInputHandler	8	static
EventManager.c:394:14:_GainMenuExitHandler	8	static
EventManager.c:422:14:_BiasMenuEntryHandler	8	static
EventManager.c:447:14:_BiasMenuInputHandler	8	static
EventManager.c:467:14:_BiasMenuExitHandler	8	static
EventManager.c:495:14:_FreqMainMenuEntryHandler	8	static
EventManager.c:519:14:_FreqMainMenuInputHandler	8	static
EventManager.c:537:14:_FreqMainMenuExitHandler	8	static
EventManager.c:565:14:_FreqPresetMenuEntryHandler	16	static
EventManager.c:601:14:_FreqPresetMenuInputHandler	8	static
EventManager.c:622:14:_FreqPresetMenuExitHandler	8	static
EventManager.c:645:14:_FreqAdjustMenuEntryHandler	8	static
EventManager.c:672:14:_FreqAdjustMenuInputHandler	8	static
EventManager.c:694:14:_FreqAdjustMenuExitHandler	8	static
EventManager.c:717:14:_FreqSweepMenuEntryHandler	8	static
EventManager.c:744:14:_FreqSweepMenuExitHandler	8	static
EventManager.c:768:6:EM_SetNewEvent	16	static
EventManager.c:782:14:EM_GetSystemState	4	static
EventManager.c:796:6:_RefreshDisplay	8	static
