EventManager.c:70:6:EM_ProcessEvent	8	static
EventManager.c:154:14:_FuncMenuHandler	8	static
EventManager.c:173:14:_FuncSetHandler	16	static
EventManager.c:246:14:_ExitFuncMenuHandler	8	static
EventManager.c:275:14:_GainMenuHandler	8	static
EventManager.c:293:14:_GainSetHandler	8	static
EventManager.c:384:14:_ExitGainMenuHandler	8	static
EventManager.c:413:14:_BiasMenuHandler	8	static
EventManager.c:432:14:_BiasSetHandler	8	static
EventManager.c:454:14:_ExitBiasMenuHandler	8	static
EventManager.c:483:14:_FreqMenuHandler	8	static
EventManager.c:501:14:_FreqSetHandler	8	static
EventManager.c:517:14:_ExitFreqMenuHandler	8	static
EventManager.c:550:6:EM_SetNewEvent	16	static
EventManager.c:562:14:EM_GetOutputMode	4	static
EventManager.c:572:14:EM_GetOutputGain	4	static
EventManager.c:582:10:EM_GetOutputFreq	4	static
EventManager.c:593:10:EM_GetOutputBias	8	static
EventManager.c:603:14:EM_GetSystemState	4	static
EventManager.c:613:6:EM_SetEncoderValue	16	static
