EventManager.c:54:6:EM_ProcessEvent	8	static
EventManager.c:106:14:_FuncMenuHandler	8	static
EventManager.c:125:14:_FuncSetHandler	16	static
EventManager.c:193:14:_ExitFuncMenuHandler	8	static
EventManager.c:221:14:_FreqMenuHandler	8	static
EventManager.c:235:14:_AmplMenuHandler	8	static
EventManager.c:249:14:_BiasMenuHandler	8	static
EventManager.c:263:14:_AdjustConfirmedHandler	8	static
EventManager.c:278:6:EM_SetNewEvent	16	static
EventManager.c:290:14:EM_GetOutputMode	4	static
EventManager.c:300:14:EM_GetSystemState	4	static
EventManager.c:310:6:EM_SetEncoderValue	16	static
