EventManager.c:72:6:EM_ProcessEvent	8	static
EventManager.c:213:14:_FuncMenuEntryHandler	8	static
EventManager.c:235:14:_FuncMenuInputHandler	8	static
EventManager.c:252:14:_FuncMenuExitHandler	8	static
EventManager.c:278:14:_GainMenuEntryHandler	8	static
EventManager.c:300:14:_GainMenuInputHandler	8	static
EventManager.c:317:14:_GainMenuExitHandler	8	static
EventManager.c:342:14:_BiasMenuEntryHandler	8	static
EventManager.c:366:14:_BiasMenuInputHandler	8	static
EventManager.c:383:14:_BiasMenuExitHandler	8	static
EventManager.c:408:14:_FreqMainMenuEntryHandler	8	static
EventManager.c:433:14:_FreqMainMenuInputHandler	8	static
EventManager.c:450:14:_FreqMainMenuExitHandler	8	static
EventManager.c:475:14:_FreqPresetMenuEntryHandler	8	static
EventManager.c:500:14:_FreqPresetMenuInputHandler	8	static
EventManager.c:518:14:_FreqPresetMenuExitHandler	8	static
EventManager.c:542:14:_FreqAdjustMenuEntryHandler	8	static
EventManager.c:566:14:_FreqAdjustMenuInputHandler	8	static
EventManager.c:585:14:_FreqAdjustMenuExitHandler	8	static
EventManager.c:609:14:_FreqSweepMenuEntryHandler	8	static
EventManager.c:633:14:_FreqSweepMenuExitHandler	8	static
EventManager.c:658:6:EM_SetNewEvent	16	static
EventManager.c:669:14:EM_GetSystemState	4	static
EventManager.c:676:6:_RefreshDisplay	8	static
