EventManager.c:75:6:EM_ProcessEvent	8	static
EventManager.c:219:14:_FuncMenuEntryHandler	16	static
EventManager.c:248:14:_FuncMenuInputHandler	8	static
EventManager.c:268:14:_FuncMenuExitHandler	8	static
EventManager.c:297:14:_GainMenuEntryHandler	8	static
EventManager.c:322:14:_GainMenuInputHandler	8	static
EventManager.c:342:14:_GainMenuExitHandler	8	static
EventManager.c:370:14:_BiasMenuEntryHandler	8	static
EventManager.c:397:14:_BiasMenuInputHandler	8	static
EventManager.c:417:14:_BiasMenuExitHandler	8	static
EventManager.c:445:14:_FreqMainMenuEntryHandler	8	static
EventManager.c:473:14:_FreqMainMenuInputHandler	8	static
EventManager.c:493:14:_FreqMainMenuExitHandler	8	static
EventManager.c:521:14:_FreqPresetMenuEntryHandler	16	static
EventManager.c:553:14:_FreqPresetMenuInputHandler	8	static
EventManager.c:574:14:_FreqPresetMenuExitHandler	8	static
EventManager.c:601:14:_FreqAdjustMenuEntryHandler	8	static
EventManager.c:628:14:_FreqAdjustMenuInputHandler	8	static
EventManager.c:650:14:_FreqAdjustMenuExitHandler	8	static
EventManager.c:677:14:_FreqSweepMenuEntryHandler	8	static
EventManager.c:704:14:_FreqSweepMenuExitHandler	8	static
EventManager.c:732:6:EM_SetNewEvent	16	static
EventManager.c:746:14:EM_GetSystemState	4	static
EventManager.c:760:6:_RefreshDisplay	8	static
