FreqMenuStateHandler.c:53:14:FreqSweepMenuEntryHandler	8	static
FreqMenuStateHandler.c:102:14:FreqSweepMenuInputHandler	16	static
FreqMenuStateHandler.c:261:14:FreqSweepMenuExitHandler	8	static
FreqMenuStateHandler.c:292:14:FreqMainMenuEntryHandler	8	static
FreqMenuStateHandler.c:316:14:FreqMainMenuInputHandler	8	static
FreqMenuStateHandler.c:334:14:FreqMainMenuExitHandler	8	static
FreqMenuStateHandler.c:366:14:FreqPresetMenuEntryHandler	16	static
FreqMenuStateHandler.c:402:14:FreqPresetMenuInputHandler	8	static
FreqMenuStateHandler.c:423:14:FreqPresetMenuExitHandler	8	static
FreqMenuStateHandler.c:447:14:FreqAdjustMenuEntryHandler	8	static
FreqMenuStateHandler.c:474:14:FreqAdjustMenuInputHandler	8	static
FreqMenuStateHandler.c:496:14:FreqAdjustMenuExitHandler	8	static
FreqMenuStateHandler.c:521:6:_setSweepModeDown	4	static
FreqMenuStateHandler.c:542:6:_setSweepModeUp	4	static
FreqMenuStateHandler.c:557:6:_setEncoderControlMode	16	static
FreqMenuStateHandler.c:579:6:_setSweepTimerAutoReloadForEncoderControl	32	static
FreqMenuStateHandler.c:600:7:_getCalculatedSweepFrequencyInHertz	4	static
FreqMenuStateHandler.c:622:18:FreqMenu_getStatus	4	static
