FreqMenuStateHandler.c:38:17:FMSH_GetSweepMode	4	static
FreqMenuStateHandler.c:51:14:FreqSweepMenuEntryHandler	8	static
FreqMenuStateHandler.c:100:14:FreqSweepMenuInputHandler	16	static
FreqMenuStateHandler.c:279:14:FreqSweepMenuExitHandler	8	static
FreqMenuStateHandler.c:310:14:FreqMainMenuEntryHandler	8	static
FreqMenuStateHandler.c:334:14:FreqMainMenuInputHandler	4	static
FreqMenuStateHandler.c:352:14:FreqMainMenuExitHandler	8	static
FreqMenuStateHandler.c:384:14:FreqPresetMenuEntryHandler	16	static
FreqMenuStateHandler.c:422:14:FreqPresetMenuInputHandler	8	static
FreqMenuStateHandler.c:443:14:FreqPresetMenuExitHandler	8	static
FreqMenuStateHandler.c:467:14:FreqAdjustMenuEntryHandler	8	static
FreqMenuStateHandler.c:494:14:FreqAdjustMenuInputHandler	8	static
FreqMenuStateHandler.c:516:14:FreqAdjustMenuExitHandler	8	static
FreqMenuStateHandler.c:540:14:FreqPrescalerMenuEntryHandler	8	static
FreqMenuStateHandler.c:567:14:FreqPrescalerMenuInputHandler	8	static
FreqMenuStateHandler.c:588:14:FreqPrescalerMenuExitHandler	8	static
FreqMenuStateHandler.c:612:18:FreqMenu_getStatus	4	static
