FreqMenuStateHandler.c:38:17:FMSH_GetSweepMode	4	static
FreqMenuStateHandler.c:54:14:FreqSweepMenuEntryHandler	8	static
FreqMenuStateHandler.c:97:14:FreqSweepMenuInputHandler	16	static
FreqMenuStateHandler.c:250:14:FreqSweepMenuExitHandler	8	static
FreqMenuStateHandler.c:276:14:FreqMainMenuEntryHandler	8	static
FreqMenuStateHandler.c:298:14:FreqMainMenuInputHandler	4	static
FreqMenuStateHandler.c:316:14:FreqMainMenuExitHandler	8	static
FreqMenuStateHandler.c:342:14:FreqPresetMenuEntryHandler	16	static
FreqMenuStateHandler.c:378:14:FreqPresetMenuInputHandler	8	static
FreqMenuStateHandler.c:399:14:FreqPresetMenuExitHandler	8	static
FreqMenuStateHandler.c:420:14:FreqAdjustMenuEntryHandler	8	static
FreqMenuStateHandler.c:445:14:FreqAdjustMenuInputHandler	8	static
FreqMenuStateHandler.c:467:14:FreqAdjustMenuExitHandler	8	static
FreqMenuStateHandler.c:488:14:FreqPrescalerMenuEntryHandler	8	static
FreqMenuStateHandler.c:513:14:FreqPrescalerMenuInputHandler	8	static
FreqMenuStateHandler.c:534:14:FreqPrescalerMenuExitHandler	8	static
