FreqMenuStateHandler.c:54:14:FreqSweepMenuEntryHandler	8	static
FreqMenuStateHandler.c:103:14:FreqSweepMenuInputHandler	16	static
FreqMenuStateHandler.c:282:14:FreqSweepMenuExitHandler	8	static
FreqMenuStateHandler.c:313:14:FreqMainMenuEntryHandler	8	static
FreqMenuStateHandler.c:337:14:FreqMainMenuInputHandler	8	static
FreqMenuStateHandler.c:355:14:FreqMainMenuExitHandler	8	static
FreqMenuStateHandler.c:387:14:FreqPresetMenuEntryHandler	16	static
FreqMenuStateHandler.c:426:14:FreqPresetMenuInputHandler	8	static
FreqMenuStateHandler.c:447:14:FreqPresetMenuExitHandler	8	static
FreqMenuStateHandler.c:471:14:FreqAdjustMenuEntryHandler	8	static
FreqMenuStateHandler.c:498:14:FreqAdjustMenuInputHandler	8	static
FreqMenuStateHandler.c:520:14:FreqAdjustMenuExitHandler	8	static
FreqMenuStateHandler.c:545:6:_setSweepModeDown	4	static
FreqMenuStateHandler.c:568:6:_setSweepModeUp	4	static
FreqMenuStateHandler.c:584:6:_setEncoderControlMode	16	static
FreqMenuStateHandler.c:631:6:_setSweepTimerAutoReloadForEncoderControl	32	static
FreqMenuStateHandler.c:652:7:_getCalculatedSweepFrequencyInHertz	4	static
FreqMenuStateHandler.c:674:18:FreqMenu_getStatus	4	static
