FuncMenuStateHandler.c:18:18:FuncMenu_getStatus	4	static
FuncMenuStateHandler.c:31:14:FuncMainMenuEntryHandler	8	static
FuncMenuStateHandler.c:66:14:FuncMainMenuInputHandler	8	static
FuncMenuStateHandler.c:87:14:FuncMainMenuExitHandler	8	static
FuncMenuStateHandler.c:120:14:FuncSignalMenuEntryHandler	16	static
FuncMenuStateHandler.c:155:14:FuncSignalMenuInputHandler	8	static
FuncMenuStateHandler.c:175:14:FuncSignalMenuExitHandler	8	static
FuncMenuStateHandler.c:204:14:FuncSyncMenuEntryHandler	16	static
FuncMenuStateHandler.c:239:14:FuncSyncMenuInputHandler	8	static
FuncMenuStateHandler.c:259:14:FuncSyncMenuExitHandler	8	static
