FuncMenuStateHandler.c:31:14:FuncMainMenuEntryHandler	8	static
FuncMenuStateHandler.c:53:14:FuncMainMenuInputHandler	4	static
FuncMenuStateHandler.c:71:14:FuncMainMenuExitHandler	8	static
FuncMenuStateHandler.c:101:14:FuncSignalMenuEntryHandler	8	static
FuncMenuStateHandler.c:127:14:FuncSignalMenuInputHandler	8	static
FuncMenuStateHandler.c:147:14:FuncSignalToggleDutyMode	8	static
FuncMenuStateHandler.c:164:14:FuncSignalMenuExitHandler	8	static
FuncMenuStateHandler.c:188:14:FuncAuxMenuEntryHandler	8	static
FuncMenuStateHandler.c:214:14:FuncAuxMenuInputHandler	24	static
FuncMenuStateHandler.c:245:14:FuncAuxToggleDutyMode	8	static
FuncMenuStateHandler.c:262:14:FuncAuxMenuExitHandler	8	static
FuncMenuStateHandler.c:286:18:FuncMenu_getStatus	4	static
FuncMenuStateHandler.c:299:6:_setFuncMenuStatus	16	static
