GainMenuStateHandler.c:22:14:GainMainMenuEntryHandler	8	static
GainMenuStateHandler.c:42:14:GainMainMenuInputHandler	4	static
GainMenuStateHandler.c:60:14:GainMainMenuExitHandler	8	static
GainMenuStateHandler.c:84:14:GainSignalMenuEntryHandler	16	static
GainMenuStateHandler.c:119:14:GainSignalMenuInputHandler	24	static
GainMenuStateHandler.c:178:14:GainSignalMenuExitHandler	8	static
GainMenuStateHandler.c:199:14:GainAuxMenuEntryHandler	16	static
GainMenuStateHandler.c:233:14:GainAuxMenuInputHandler	8	static
GainMenuStateHandler.c:254:14:GainAuxMenuExitHandler	8	static
