ToplevelMenuStateHandler.c:23:22:ToplevelMenu_getStatus	4	static
ToplevelMenuStateHandler.c:28:6:ToplevelMenu_setStatus	16	static
ToplevelMenuStateHandler.c:41:14:ToplevelMainMenuEntryHandler	8	static
ToplevelMenuStateHandler.c:65:14:ToplevelMainMenuInputHandler	4	static
ToplevelMenuStateHandler.c:84:14:ToplevelMainMenuExitHandler	8	static
ToplevelMenuStateHandler.c:114:14:ToplevelOutputMenuEntryHandler	8	static
ToplevelMenuStateHandler.c:141:14:ToplevelOutputMenuInputHandler	4	static
ToplevelMenuStateHandler.c:161:14:ToplevelOutputMenuExitHandler	8	static
ToplevelMenuStateHandler.c:185:14:ToplevelInputMenuEntryHandler	8	static
ToplevelMenuStateHandler.c:212:14:ToplevelInputMenuInputHandler	24	static
ToplevelMenuStateHandler.c:357:14:ToplevelInputMenuExitHandler	8	static
