ILI9341_STM32_Driver.c:93:6:ILI9341_SPI_Init	4	static
ILI9341_STM32_Driver.c:101:6:ILI9341_SPI_Send	24	static
ILI9341_STM32_Driver.c:114:6:ILI9341_Write_Command	16	static
ILI9341_STM32_Driver.c:123:6:ILI9341_Write_Data	16	static
ILI9341_STM32_Driver.c:132:6:ILI9341_Set_Address	24	static
ILI9341_STM32_Driver.c:150:6:ILI9341_Reset	8	static
ILI9341_STM32_Driver.c:160:6:ILI9341_Set_Rotation	24	static
ILI9341_STM32_Driver.c:197:6:ILI9341_Enable	4	static
ILI9341_STM32_Driver.c:203:6:ILI9341_Init	8	static
ILI9341_STM32_Driver.c:345:6:ILI9341_Draw_colour	24	static
ILI9341_STM32_Driver.c:357:6:ILI9341_Draw_colour_Burst	64	dynamic
ILI9341_STM32_Driver.c:413:6:ILI9341_Fill_Screen	16	static
ILI9341_STM32_Driver.c:425:6:ILI9341_Draw_Pixel	32	static
ILI9341_STM32_Driver.c:479:6:ILI9341_Draw_Rectangle	32	static
ILI9341_STM32_Driver.c:521:6:ILI9341_Draw_Horizontal_Line	24	static
ILI9341_STM32_Driver.c:533:6:ILI9341_Draw_Vertical_Line	24	static
