stm32g4xx_hal_tim_ex.c:154:19:HAL_TIMEx_HallSensor_Init	48	static
stm32g4xx_hal_tim_ex.c:255:19:HAL_TIMEx_HallSensor_DeInit	16	static
stm32g4xx_hal_tim_ex.c:300:13:HAL_TIMEx_HallSensor_MspInit	16	static
stm32g4xx_hal_tim_ex.c:315:13:HAL_TIMEx_HallSensor_MspDeInit	16	static
stm32g4xx_hal_tim_ex.c:330:19:HAL_TIMEx_HallSensor_Start	24	static
stm32g4xx_hal_tim_ex.c:376:19:HAL_TIMEx_HallSensor_Stop	16	static
stm32g4xx_hal_tim_ex.c:403:19:HAL_TIMEx_HallSensor_Start_IT	24	static
stm32g4xx_hal_tim_ex.c:452:19:HAL_TIMEx_HallSensor_Stop_IT	16	static
stm32g4xx_hal_tim_ex.c:484:19:HAL_TIMEx_HallSensor_Start_DMA	32	static
stm32g4xx_hal_tim_ex.c:551:19:HAL_TIMEx_HallSensor_Stop_DMA	16	static
stm32g4xx_hal_tim_ex.c:613:19:HAL_TIMEx_OCN_Start	24	static
stm32g4xx_hal_tim_ex.c:658:19:HAL_TIMEx_OCN_Stop	16	static
stm32g4xx_hal_tim_ex.c:691:19:HAL_TIMEx_OCN_Start_IT	24	static
stm32g4xx_hal_tim_ex.c:774:19:HAL_TIMEx_OCN_Stop_IT	24	static
stm32g4xx_hal_tim_ex.c:851:19:HAL_TIMEx_OCN_Start_DMA	32	static
stm32g4xx_hal_tim_ex.c:990:19:HAL_TIMEx_OCN_Stop_DMA	16	static
stm32g4xx_hal_tim_ex.c:1094:19:HAL_TIMEx_PWMN_Start	24	static
stm32g4xx_hal_tim_ex.c:1138:19:HAL_TIMEx_PWMN_Stop	16	static
stm32g4xx_hal_tim_ex.c:1171:19:HAL_TIMEx_PWMN_Start_IT	24	static
stm32g4xx_hal_tim_ex.c:1253:19:HAL_TIMEx_PWMN_Stop_IT	24	static
stm32g4xx_hal_tim_ex.c:1331:19:HAL_TIMEx_PWMN_Start_DMA	32	static
stm32g4xx_hal_tim_ex.c:1470:19:HAL_TIMEx_PWMN_Stop_DMA	16	static
stm32g4xx_hal_tim_ex.c:1561:19:HAL_TIMEx_OnePulseN_Start	24	static
stm32g4xx_hal_tim_ex.c:1602:19:HAL_TIMEx_OnePulseN_Stop	24	static
stm32g4xx_hal_tim_ex.c:1637:19:HAL_TIMEx_OnePulseN_Start_IT	24	static
stm32g4xx_hal_tim_ex.c:1684:19:HAL_TIMEx_OnePulseN_Stop_IT	24	static
stm32g4xx_hal_tim_ex.c:1776:19:HAL_TIMEx_ConfigCommutEvent	24	static
stm32g4xx_hal_tim_ex.c:1862:19:HAL_TIMEx_ConfigCommutEvent_IT	24	static
stm32g4xx_hal_tim_ex.c:1949:19:HAL_TIMEx_ConfigCommutEvent_DMA	24	static
stm32g4xx_hal_tim_ex.c:2017:19:HAL_TIMEx_MasterConfigSynchronization	24	static
stm32g4xx_hal_tim_ex.c:2090:19:HAL_TIMEx_ConfigBreakDeadTime	24	static
stm32g4xx_hal_tim_ex.c:2172:19:HAL_TIMEx_ConfigBreakInput	48	static
stm32g4xx_hal_tim_ex.c:2434:19:HAL_TIMEx_RemapConfig	16	static
stm32g4xx_hal_tim_ex.c:2608:20:HAL_TIMEx_TISelection	32	static
stm32g4xx_hal_tim_ex.c:2663:19:HAL_TIMEx_GroupChannel5	16	static
stm32g4xx_hal_tim_ex.c:2701:19:HAL_TIMEx_DisarmBreakInput	24	static
stm32g4xx_hal_tim_ex.c:2754:19:HAL_TIMEx_ReArmBreakInput	24	static
stm32g4xx_hal_tim_ex.c:2830:19:HAL_TIMEx_DitheringEnable	16	static
stm32g4xx_hal_tim_ex.c:2854:19:HAL_TIMEx_DitheringDisable	16	static
stm32g4xx_hal_tim_ex.c:2872:19:HAL_TIMEx_OC_ConfigPulseOnCompare	32	static
stm32g4xx_hal_tim_ex.c:2917:19:HAL_TIMEx_ConfigSlaveModePreload	16	static
stm32g4xx_hal_tim_ex.c:2932:19:HAL_TIMEx_EnableSlaveModePreload	16	static
stm32g4xx_hal_tim_ex.c:2946:19:HAL_TIMEx_DisableSlaveModePreload	16	static
stm32g4xx_hal_tim_ex.c:2960:19:HAL_TIMEx_EnableDeadTimePreload	16	static
stm32g4xx_hal_tim_ex.c:2974:19:HAL_TIMEx_DisableDeadTimePreload	16	static
stm32g4xx_hal_tim_ex.c:2990:19:HAL_TIMEx_ConfigDeadTime	16	static
stm32g4xx_hal_tim_ex.c:3007:19:HAL_TIMEx_ConfigAsymmetricalDeadTime	16	static
stm32g4xx_hal_tim_ex.c:3022:19:HAL_TIMEx_EnableAsymmetricalDeadTime	16	static
stm32g4xx_hal_tim_ex.c:3036:19:HAL_TIMEx_DisableAsymmetricalDeadTime	16	static
stm32g4xx_hal_tim_ex.c:3054:19:HAL_TIMEx_ConfigEncoderIndex	16	static
stm32g4xx_hal_tim_ex.c:3093:19:HAL_TIMEx_EnableEncoderIndex	16	static
stm32g4xx_hal_tim_ex.c:3107:19:HAL_TIMEx_DisableEncoderIndex	16	static
stm32g4xx_hal_tim_ex.c:3121:19:HAL_TIMEx_EnableEncoderFirstIndex	16	static
stm32g4xx_hal_tim_ex.c:3135:19:HAL_TIMEx_DisableEncoderFirstIndex	16	static
stm32g4xx_hal_tim_ex.c:3169:13:HAL_TIMEx_CommutCallback	16	static
stm32g4xx_hal_tim_ex.c:3183:13:HAL_TIMEx_CommutHalfCpltCallback	16	static
stm32g4xx_hal_tim_ex.c:3198:13:HAL_TIMEx_BreakCallback	16	static
stm32g4xx_hal_tim_ex.c:3213:13:HAL_TIMEx_Break2Callback	16	static
stm32g4xx_hal_tim_ex.c:3228:13:HAL_TIMEx_EncoderIndexCallback	16	static
stm32g4xx_hal_tim_ex.c:3243:13:HAL_TIMEx_DirectionChangeCallback	16	static
stm32g4xx_hal_tim_ex.c:3258:13:HAL_TIMEx_IndexErrorCallback	16	static
stm32g4xx_hal_tim_ex.c:3273:13:HAL_TIMEx_TransitionErrorCallback	16	static
stm32g4xx_hal_tim_ex.c:3307:22:HAL_TIMEx_HallSensor_GetState	16	static
stm32g4xx_hal_tim_ex.c:3323:29:HAL_TIMEx_GetChannelNState	24	static
stm32g4xx_hal_tim_ex.c:3352:6:TIMEx_DMACommutationCplt	24	static
stm32g4xx_hal_tim_ex.c:3371:6:TIMEx_DMACommutationHalfCplt	24	static
stm32g4xx_hal_tim_ex.c:3391:13:TIM_DMADelayPulseNCplt	24	static
stm32g4xx_hal_tim_ex.c:3450:6:TIM_DMAErrorCCxN	24	static
stm32g4xx_hal_tim_ex.c:3496:13:TIM_CCxNChannelCmd	32	static
