stm32g4xx_ll_exti.h:1240:26:LL_EXTI_IsActiveFlag_0_31	16	static
stm32g4xx_ll_exti.h:1360:22:LL_EXTI_ClearFlag_0_31	16	static
stm32g4xx_it.c:102:6:NMI_Handler	4	static
stm32g4xx_it.c:115:6:HardFault_Handler	4	static
stm32g4xx_it.c:130:6:MemManage_Handler	4	static
stm32g4xx_it.c:145:6:BusFault_Handler	4	static
stm32g4xx_it.c:160:6:UsageFault_Handler	4	static
stm32g4xx_it.c:175:6:SVC_Handler	4	static
stm32g4xx_it.c:188:6:DebugMon_Handler	4	static
stm32g4xx_it.c:201:6:PendSV_Handler	4	static
stm32g4xx_it.c:214:6:SysTick_Handler	8	static
stm32g4xx_it.c:235:6:EXTI0_IRQHandler	8	static
stm32g4xx_it.c:261:6:EXTI1_IRQHandler	8	static
stm32g4xx_it.c:287:6:EXTI2_IRQHandler	8	static
stm32g4xx_it.c:312:6:DMA1_Channel1_IRQHandler	8	static
stm32g4xx_it.c:327:6:DMA1_Channel2_IRQHandler	8	static
stm32g4xx_it.c:341:6:DMA1_Channel3_IRQHandler	8	static
stm32g4xx_it.c:355:6:TIM1_BRK_TIM15_IRQHandler	8	static
stm32g4xx_it.c:370:6:TIM1_UP_TIM16_IRQHandler	8	static
stm32g4xx_it.c:385:6:TIM1_TRG_COM_TIM17_IRQHandler	8	static
stm32g4xx_it.c:410:6:TIM2_IRQHandler	8	static
stm32g4xx_it.c:424:6:EXTI15_10_IRQHandler	8	static
