stm32g4xx_ll_exti.h:1240:26:LL_EXTI_IsActiveFlag_0_31	16	static
stm32g4xx_ll_exti.h:1360:22:LL_EXTI_ClearFlag_0_31	16	static
stm32g4xx_it.c:111:6:NMI_Handler	4	static
stm32g4xx_it.c:124:6:HardFault_Handler	8	static
stm32g4xx_it.c:139:6:MemManage_Handler	8	static
stm32g4xx_it.c:154:6:BusFault_Handler	8	static
stm32g4xx_it.c:169:6:UsageFault_Handler	8	static
stm32g4xx_it.c:184:6:SVC_Handler	4	static
stm32g4xx_it.c:197:6:DebugMon_Handler	4	static
stm32g4xx_it.c:210:6:PendSV_Handler	4	static
stm32g4xx_it.c:223:6:SysTick_Handler	8	static
stm32g4xx_it.c:244:6:EXTI0_IRQHandler	8	static
stm32g4xx_it.c:266:6:EXTI1_IRQHandler	8	static
stm32g4xx_it.c:288:6:EXTI2_IRQHandler	8	static
stm32g4xx_it.c:310:6:DMA1_Channel1_IRQHandler	8	static
stm32g4xx_it.c:324:6:DMA1_Channel2_IRQHandler	8	static
stm32g4xx_it.c:338:6:DMA1_Channel3_IRQHandler	8	static
stm32g4xx_it.c:352:6:DMA1_Channel4_IRQHandler	8	static
stm32g4xx_it.c:366:6:TIM1_BRK_TIM15_IRQHandler	8	static
stm32g4xx_it.c:386:6:TIM1_TRG_COM_TIM17_IRQHandler	8	static
stm32g4xx_it.c:401:6:TIM3_IRQHandler	8	static
stm32g4xx_it.c:415:6:EXTI15_10_IRQHandler	8	static
stm32g4xx_it.c:445:6:TIM5_IRQHandler	8	static
stm32g4xx_it.c:459:6:COMP1_2_3_IRQHandler	8	static
