stm32g4xx_ll_exti.h:1240:26:LL_EXTI_IsActiveFlag_0_31	16	static
stm32g4xx_ll_exti.h:1360:22:LL_EXTI_ClearFlag_0_31	16	static
stm32g4xx_ll_rng.h:359:26:LL_RNG_ReadRandData32	16	static
stm32g4xx_it.c:63:6:update_tft	40	static
stm32g4xx_it.c:113:6:NMI_Handler	4	static
stm32g4xx_it.c:126:6:HardFault_Handler	4	static
stm32g4xx_it.c:141:6:MemManage_Handler	4	static
stm32g4xx_it.c:156:6:BusFault_Handler	4	static
stm32g4xx_it.c:171:6:UsageFault_Handler	4	static
stm32g4xx_it.c:186:6:SVC_Handler	4	static
stm32g4xx_it.c:199:6:DebugMon_Handler	4	static
stm32g4xx_it.c:212:6:PendSV_Handler	4	static
stm32g4xx_it.c:225:6:SysTick_Handler	8	static
stm32g4xx_it.c:246:6:EXTI0_IRQHandler	8	static
stm32g4xx_it.c:272:6:EXTI1_IRQHandler	8	static
stm32g4xx_it.c:298:6:EXTI2_IRQHandler	8	static
stm32g4xx_it.c:323:6:DMA1_Channel1_IRQHandler	8	static
stm32g4xx_it.c:338:6:DMA1_Channel2_IRQHandler	8	static
stm32g4xx_it.c:352:6:DMA1_Channel3_IRQHandler	8	static
stm32g4xx_it.c:366:6:DMA1_Channel4_IRQHandler	8	static
stm32g4xx_it.c:380:6:TIM1_BRK_TIM15_IRQHandler	8	static
stm32g4xx_it.c:395:6:TIM1_UP_TIM16_IRQHandler	8	static
stm32g4xx_it.c:410:6:TIM1_TRG_COM_TIM17_IRQHandler	8	static
stm32g4xx_it.c:435:6:TIM2_IRQHandler	8	static
stm32g4xx_it.c:449:6:EXTI15_10_IRQHandler	8	static
