stm32g4xx_ll_exti.h:1240:26:LL_EXTI_IsActiveFlag_0_31	16	static
stm32g4xx_ll_exti.h:1360:22:LL_EXTI_ClearFlag_0_31	16	static
stm32g4xx_it.c:103:6:NMI_Handler	4	static
stm32g4xx_it.c:116:6:HardFault_Handler	4	static
stm32g4xx_it.c:131:6:MemManage_Handler	4	static
stm32g4xx_it.c:146:6:BusFault_Handler	4	static
stm32g4xx_it.c:161:6:UsageFault_Handler	4	static
stm32g4xx_it.c:176:6:SVC_Handler	4	static
stm32g4xx_it.c:189:6:DebugMon_Handler	4	static
stm32g4xx_it.c:202:6:PendSV_Handler	4	static
stm32g4xx_it.c:215:6:SysTick_Handler	8	static
stm32g4xx_it.c:236:6:EXTI0_IRQHandler	8	static
stm32g4xx_it.c:262:6:EXTI1_IRQHandler	8	static
stm32g4xx_it.c:288:6:EXTI2_IRQHandler	8	static
stm32g4xx_it.c:313:6:DMA1_Channel1_IRQHandler	8	static
stm32g4xx_it.c:328:6:DMA1_Channel2_IRQHandler	8	static
stm32g4xx_it.c:342:6:DMA1_Channel3_IRQHandler	8	static
stm32g4xx_it.c:356:6:DMA1_Channel4_IRQHandler	8	static
stm32g4xx_it.c:370:6:TIM1_BRK_TIM15_IRQHandler	8	static
stm32g4xx_it.c:385:6:TIM1_UP_TIM16_IRQHandler	8	static
stm32g4xx_it.c:400:6:TIM1_TRG_COM_TIM17_IRQHandler	8	static
stm32g4xx_it.c:425:6:TIM2_IRQHandler	8	static
stm32g4xx_it.c:439:6:EXTI15_10_IRQHandler	8	static
