18:20:19 **** Incremental Build of configuration Debug for project FunctionGeneratorCortexM4_SW_V1 ****
make -j4 all 
arm-none-eabi-gcc "../Core/Src/SIgnalManager/BiasOutput.c" -mcpu=cortex-m4 -std=gnu11 -g3 -DUSE_ILI9341_SPIDMA -DUSE_HAL_DRIVER -DSTM32G474xx -DUSE_FULL_LL_DRIVER -DDEBUG -c -I"/home/chris/Projects/Embedded/FunctionGeneratorCortexM4_SW/FunctionGeneratorCortexM4_SW_V1/Core/Src/EventManager" -I"/home/chris/Projects/Embedded/FunctionGeneratorCortexM4_SW/LogSequenceGeneration" -I"/home/chris/Projects/Embedded/FunctionGeneratorCortexM4_SW/FunctionGeneratorCortexM4_SW_V1/Core/Src/InterruptManager" -I"/home/chris/Projects/Embedded/FunctionGeneratorCortexM4_SW/ILI9341" -I../Drivers/STM32G4xx_HAL_Driver/Inc/Legacy -I"/home/chris/Projects/Embedded/FunctionGeneratorCortexM4_SW/FunctionGeneratorCortexM4_SW_V1/Core/Src/DisplayManager" -I../Drivers/CMSIS/Include -I../Drivers/CMSIS/Device/ST/STM32G4xx/Include -I"/home/chris/Projects/Embedded/FunctionGeneratorCortexM4_SW/FunctionGeneratorCortexM4_SW_V1/Core/Src/SIgnalManager" -I../Core/Inc -I"/home/chris/Projects/Embedded/FunctionGeneratorCortexM4_SW/WaveTableGeneration" -I../Drivers/STM32G4xx_HAL_Driver/Inc -O0 -ffunction-sections -fdata-sections -Wall -fstack-usage -MMD -MP -MF"Core/Src/SIgnalManager/BiasOutput.d" -MT"Core/Src/SIgnalManager/BiasOutput.o" --specs=nano.specs -mfpu=fpv4-sp-d16 -mfloat-abi=hard -mthumb -o "Core/Src/SIgnalManager/BiasOutput.o"
arm-none-eabi-gcc "../Core/Src/SIgnalManager/DacTimerRegistry.c" -mcpu=cortex-m4 -std=gnu11 -g3 -DUSE_ILI9341_SPIDMA -DUSE_HAL_DRIVER -DSTM32G474xx -DUSE_FULL_LL_DRIVER -DDEBUG -c -I"/home/chris/Projects/Embedded/FunctionGeneratorCortexM4_SW/FunctionGeneratorCortexM4_SW_V1/Core/Src/EventManager" -I"/home/chris/Projects/Embedded/FunctionGeneratorCortexM4_SW/LogSequenceGeneration" -I"/home/chris/Projects/Embedded/FunctionGeneratorCortexM4_SW/FunctionGeneratorCortexM4_SW_V1/Core/Src/InterruptManager" -I"/home/chris/Projects/Embedded/FunctionGeneratorCortexM4_SW/ILI9341" -I../Drivers/STM32G4xx_HAL_Driver/Inc/Legacy -I"/home/chris/Projects/Embedded/FunctionGeneratorCortexM4_SW/FunctionGeneratorCortexM4_SW_V1/Core/Src/DisplayManager" -I../Drivers/CMSIS/Include -I../Drivers/CMSIS/Device/ST/STM32G4xx/Include -I"/home/chris/Projects/Embedded/FunctionGeneratorCortexM4_SW/FunctionGeneratorCortexM4_SW_V1/Core/Src/SIgnalManager" -I../Core/Inc -I"/home/chris/Projects/Embedded/FunctionGeneratorCortexM4_SW/WaveTableGeneration" -I../Drivers/STM32G4xx_HAL_Driver/Inc -O0 -ffunction-sections -fdata-sections -Wall -fstack-usage -MMD -MP -MF"Core/Src/SIgnalManager/DacTimerRegistry.d" -MT"Core/Src/SIgnalManager/DacTimerRegistry.o" --specs=nano.specs -mfpu=fpv4-sp-d16 -mfloat-abi=hard -mthumb -o "Core/Src/SIgnalManager/DacTimerRegistry.o"
arm-none-eabi-gcc "../Core/Src/SIgnalManager/FreqOutput.c" -mcpu=cortex-m4 -std=gnu11 -g3 -DUSE_ILI9341_SPIDMA -DUSE_HAL_DRIVER -DSTM32G474xx -DUSE_FULL_LL_DRIVER -DDEBUG -c -I"/home/chris/Projects/Embedded/FunctionGeneratorCortexM4_SW/FunctionGeneratorCortexM4_SW_V1/Core/Src/EventManager" -I"/home/chris/Projects/Embedded/FunctionGeneratorCortexM4_SW/LogSequenceGeneration" -I"/home/chris/Projects/Embedded/FunctionGeneratorCortexM4_SW/FunctionGeneratorCortexM4_SW_V1/Core/Src/InterruptManager" -I"/home/chris/Projects/Embedded/FunctionGeneratorCortexM4_SW/ILI9341" -I../Drivers/STM32G4xx_HAL_Driver/Inc/Legacy -I"/home/chris/Projects/Embedded/FunctionGeneratorCortexM4_SW/FunctionGeneratorCortexM4_SW_V1/Core/Src/DisplayManager" -I../Drivers/CMSIS/Include -I../Drivers/CMSIS/Device/ST/STM32G4xx/Include -I"/home/chris/Projects/Embedded/FunctionGeneratorCortexM4_SW/FunctionGeneratorCortexM4_SW_V1/Core/Src/SIgnalManager" -I../Core/Inc -I"/home/chris/Projects/Embedded/FunctionGeneratorCortexM4_SW/WaveTableGeneration" -I../Drivers/STM32G4xx_HAL_Driver/Inc -O0 -ffunction-sections -fdata-sections -Wall -fstack-usage -MMD -MP -MF"Core/Src/SIgnalManager/FreqOutput.d" -MT"Core/Src/SIgnalManager/FreqOutput.o" --specs=nano.specs -mfpu=fpv4-sp-d16 -mfloat-abi=hard -mthumb -o "Core/Src/SIgnalManager/FreqOutput.o"
arm-none-eabi-gcc "../Core/Src/SIgnalManager/FunctionOutput.c" -mcpu=cortex-m4 -std=gnu11 -g3 -DUSE_ILI9341_SPIDMA -DUSE_HAL_DRIVER -DSTM32G474xx -DUSE_FULL_LL_DRIVER -DDEBUG -c -I"/home/chris/Projects/Embedded/FunctionGeneratorCortexM4_SW/FunctionGeneratorCortexM4_SW_V1/Core/Src/EventManager" -I"/home/chris/Projects/Embedded/FunctionGeneratorCortexM4_SW/LogSequenceGeneration" -I"/home/chris/Projects/Embedded/FunctionGeneratorCortexM4_SW/FunctionGeneratorCortexM4_SW_V1/Core/Src/InterruptManager" -I"/home/chris/Projects/Embedded/FunctionGeneratorCortexM4_SW/ILI9341" -I../Drivers/STM32G4xx_HAL_Driver/Inc/Legacy -I"/home/chris/Projects/Embedded/FunctionGeneratorCortexM4_SW/FunctionGeneratorCortexM4_SW_V1/Core/Src/DisplayManager" -I../Drivers/CMSIS/Include -I../Drivers/CMSIS/Device/ST/STM32G4xx/Include -I"/home/chris/Projects/Embedded/FunctionGeneratorCortexM4_SW/FunctionGeneratorCortexM4_SW_V1/Core/Src/SIgnalManager" -I../Core/Inc -I"/home/chris/Projects/Embedded/FunctionGeneratorCortexM4_SW/WaveTableGeneration" -I../Drivers/STM32G4xx_HAL_Driver/Inc -O0 -ffunction-sections -fdata-sections -Wall -fstack-usage -MMD -MP -MF"Core/Src/SIgnalManager/FunctionOutput.d" -MT"Core/Src/SIgnalManager/FunctionOutput.o" --specs=nano.specs -mfpu=fpv4-sp-d16 -mfloat-abi=hard -mthumb -o "Core/Src/SIgnalManager/FunctionOutput.o"
arm-none-eabi-gcc "../Core/Src/SIgnalManager/GainOutput.c" -mcpu=cortex-m4 -std=gnu11 -g3 -DUSE_ILI9341_SPIDMA -DUSE_HAL_DRIVER -DSTM32G474xx -DUSE_FULL_LL_DRIVER -DDEBUG -c -I"/home/chris/Projects/Embedded/FunctionGeneratorCortexM4_SW/FunctionGeneratorCortexM4_SW_V1/Core/Src/EventManager" -I"/home/chris/Projects/Embedded/FunctionGeneratorCortexM4_SW/LogSequenceGeneration" -I"/home/chris/Projects/Embedded/FunctionGeneratorCortexM4_SW/FunctionGeneratorCortexM4_SW_V1/Core/Src/InterruptManager" -I"/home/chris/Projects/Embedded/FunctionGeneratorCortexM4_SW/ILI9341" -I../Drivers/STM32G4xx_HAL_Driver/Inc/Legacy -I"/home/chris/Projects/Embedded/FunctionGeneratorCortexM4_SW/FunctionGeneratorCortexM4_SW_V1/Core/Src/DisplayManager" -I../Drivers/CMSIS/Include -I../Drivers/CMSIS/Device/ST/STM32G4xx/Include -I"/home/chris/Projects/Embedded/FunctionGeneratorCortexM4_SW/FunctionGeneratorCortexM4_SW_V1/Core/Src/SIgnalManager" -I../Core/Inc -I"/home/chris/Projects/Embedded/FunctionGeneratorCortexM4_SW/WaveTableGeneration" -I../Drivers/STM32G4xx_HAL_Driver/Inc -O0 -ffunction-sections -fdata-sections -Wall -fstack-usage -MMD -MP -MF"Core/Src/SIgnalManager/GainOutput.d" -MT"Core/Src/SIgnalManager/GainOutput.o" --specs=nano.specs -mfpu=fpv4-sp-d16 -mfloat-abi=hard -mthumb -o "Core/Src/SIgnalManager/GainOutput.o"
arm-none-eabi-gcc "../Core/Src/SIgnalManager/SignalManager.c" -mcpu=cortex-m4 -std=gnu11 -g3 -DUSE_ILI9341_SPIDMA -DUSE_HAL_DRIVER -DSTM32G474xx -DUSE_FULL_LL_DRIVER -DDEBUG -c -I"/home/chris/Projects/Embedded/FunctionGeneratorCortexM4_SW/FunctionGeneratorCortexM4_SW_V1/Core/Src/EventManager" -I"/home/chris/Projects/Embedded/FunctionGeneratorCortexM4_SW/LogSequenceGeneration" -I"/home/chris/Projects/Embedded/FunctionGeneratorCortexM4_SW/FunctionGeneratorCortexM4_SW_V1/Core/Src/InterruptManager" -I"/home/chris/Projects/Embedded/FunctionGeneratorCortexM4_SW/ILI9341" -I../Drivers/STM32G4xx_HAL_Driver/Inc/Legacy -I"/home/chris/Projects/Embedded/FunctionGeneratorCortexM4_SW/FunctionGeneratorCortexM4_SW_V1/Core/Src/DisplayManager" -I../Drivers/CMSIS/Include -I../Drivers/CMSIS/Device/ST/STM32G4xx/Include -I"/home/chris/Projects/Embedded/FunctionGeneratorCortexM4_SW/FunctionGeneratorCortexM4_SW_V1/Core/Src/SIgnalManager" -I../Core/Inc -I"/home/chris/Projects/Embedded/FunctionGeneratorCortexM4_SW/WaveTableGeneration" -I../Drivers/STM32G4xx_HAL_Driver/Inc -O0 -ffunction-sections -fdata-sections -Wall -fstack-usage -MMD -MP -MF"Core/Src/SIgnalManager/SignalManager.d" -MT"Core/Src/SIgnalManager/SignalManager.o" --specs=nano.specs -mfpu=fpv4-sp-d16 -mfloat-abi=hard -mthumb -o "Core/Src/SIgnalManager/SignalManager.o"
arm-none-eabi-gcc "../Core/Src/SIgnalManager/VoltPeakPeakOutput.c" -mcpu=cortex-m4 -std=gnu11 -g3 -DUSE_ILI9341_SPIDMA -DUSE_HAL_DRIVER -DSTM32G474xx -DUSE_FULL_LL_DRIVER -DDEBUG -c -I"/home/chris/Projects/Embedded/FunctionGeneratorCortexM4_SW/FunctionGeneratorCortexM4_SW_V1/Core/Src/EventManager" -I"/home/chris/Projects/Embedded/FunctionGeneratorCortexM4_SW/LogSequenceGeneration" -I"/home/chris/Projects/Embedded/FunctionGeneratorCortexM4_SW/FunctionGeneratorCortexM4_SW_V1/Core/Src/InterruptManager" -I"/home/chris/Projects/Embedded/FunctionGeneratorCortexM4_SW/ILI9341" -I../Drivers/STM32G4xx_HAL_Driver/Inc/Legacy -I"/home/chris/Projects/Embedded/FunctionGeneratorCortexM4_SW/FunctionGeneratorCortexM4_SW_V1/Core/Src/DisplayManager" -I../Drivers/CMSIS/Include -I../Drivers/CMSIS/Device/ST/STM32G4xx/Include -I"/home/chris/Projects/Embedded/FunctionGeneratorCortexM4_SW/FunctionGeneratorCortexM4_SW_V1/Core/Src/SIgnalManager" -I../Core/Inc -I"/home/chris/Projects/Embedded/FunctionGeneratorCortexM4_SW/WaveTableGeneration" -I../Drivers/STM32G4xx_HAL_Driver/Inc -O0 -ffunction-sections -fdata-sections -Wall -fstack-usage -MMD -MP -MF"Core/Src/SIgnalManager/VoltPeakPeakOutput.d" -MT"Core/Src/SIgnalManager/VoltPeakPeakOutput.o" --specs=nano.specs -mfpu=fpv4-sp-d16 -mfloat-abi=hard -mthumb -o "Core/Src/SIgnalManager/VoltPeakPeakOutput.o"
arm-none-eabi-gcc "../Core/Src/EventManager/BiasMenuStateHandler.c" -mcpu=cortex-m4 -std=gnu11 -g3 -DUSE_ILI9341_SPIDMA -DUSE_HAL_DRIVER -DSTM32G474xx -DUSE_FULL_LL_DRIVER -DDEBUG -c -I"/home/chris/Projects/Embedded/FunctionGeneratorCortexM4_SW/FunctionGeneratorCortexM4_SW_V1/Core/Src/EventManager" -I"/home/chris/Projects/Embedded/FunctionGeneratorCortexM4_SW/LogSequenceGeneration" -I"/home/chris/Projects/Embedded/FunctionGeneratorCortexM4_SW/FunctionGeneratorCortexM4_SW_V1/Core/Src/InterruptManager" -I"/home/chris/Projects/Embedded/FunctionGeneratorCortexM4_SW/ILI9341" -I../Drivers/STM32G4xx_HAL_Driver/Inc/Legacy -I"/home/chris/Projects/Embedded/FunctionGeneratorCortexM4_SW/FunctionGeneratorCortexM4_SW_V1/Core/Src/DisplayManager" -I../Drivers/CMSIS/Include -I../Drivers/CMSIS/Device/ST/STM32G4xx/Include -I"/home/chris/Projects/Embedded/FunctionGeneratorCortexM4_SW/FunctionGeneratorCortexM4_SW_V1/Core/Src/SIgnalManager" -I../Core/Inc -I"/home/chris/Projects/Embedded/FunctionGeneratorCortexM4_SW/WaveTableGeneration" -I../Drivers/STM32G4xx_HAL_Driver/Inc -O0 -ffunction-sections -fdata-sections -Wall -fstack-usage -MMD -MP -MF"Core/Src/EventManager/BiasMenuStateHandler.d" -MT"Core/Src/EventManager/BiasMenuStateHandler.o" --specs=nano.specs -mfpu=fpv4-sp-d16 -mfloat-abi=hard -mthumb -o "Core/Src/EventManager/BiasMenuStateHandler.o"
arm-none-eabi-gcc "../Core/Src/EventManager/EventManager.c" -mcpu=cortex-m4 -std=gnu11 -g3 -DUSE_ILI9341_SPIDMA -DUSE_HAL_DRIVER -DSTM32G474xx -DUSE_FULL_LL_DRIVER -DDEBUG -c -I"/home/chris/Projects/Embedded/FunctionGeneratorCortexM4_SW/FunctionGeneratorCortexM4_SW_V1/Core/Src/EventManager" -I"/home/chris/Projects/Embedded/FunctionGeneratorCortexM4_SW/LogSequenceGeneration" -I"/home/chris/Projects/Embedded/FunctionGeneratorCortexM4_SW/FunctionGeneratorCortexM4_SW_V1/Core/Src/InterruptManager" -I"/home/chris/Projects/Embedded/FunctionGeneratorCortexM4_SW/ILI9341" -I../Drivers/STM32G4xx_HAL_Driver/Inc/Legacy -I"/home/chris/Projects/Embedded/FunctionGeneratorCortexM4_SW/FunctionGeneratorCortexM4_SW_V1/Core/Src/DisplayManager" -I../Drivers/CMSIS/Include -I../Drivers/CMSIS/Device/ST/STM32G4xx/Include -I"/home/chris/Projects/Embedded/FunctionGeneratorCortexM4_SW/FunctionGeneratorCortexM4_SW_V1/Core/Src/SIgnalManager" -I../Core/Inc -I"/home/chris/Projects/Embedded/FunctionGeneratorCortexM4_SW/WaveTableGeneration" -I../Drivers/STM32G4xx_HAL_Driver/Inc -O0 -ffunction-sections -fdata-sections -Wall -fstack-usage -MMD -MP -MF"Core/Src/EventManager/EventManager.d" -MT"Core/Src/EventManager/EventManager.o" --specs=nano.specs -mfpu=fpv4-sp-d16 -mfloat-abi=hard -mthumb -o "Core/Src/EventManager/EventManager.o"
arm-none-eabi-gcc "../Core/Src/EventManager/FreqMenuStateHandler.c" -mcpu=cortex-m4 -std=gnu11 -g3 -DUSE_ILI9341_SPIDMA -DUSE_HAL_DRIVER -DSTM32G474xx -DUSE_FULL_LL_DRIVER -DDEBUG -c -I"/home/chris/Projects/Embedded/FunctionGeneratorCortexM4_SW/FunctionGeneratorCortexM4_SW_V1/Core/Src/EventManager" -I"/home/chris/Projects/Embedded/FunctionGeneratorCortexM4_SW/LogSequenceGeneration" -I"/home/chris/Projects/Embedded/FunctionGeneratorCortexM4_SW/FunctionGeneratorCortexM4_SW_V1/Core/Src/InterruptManager" -I"/home/chris/Projects/Embedded/FunctionGeneratorCortexM4_SW/ILI9341" -I../Drivers/STM32G4xx_HAL_Driver/Inc/Legacy -I"/home/chris/Projects/Embedded/FunctionGeneratorCortexM4_SW/FunctionGeneratorCortexM4_SW_V1/Core/Src/DisplayManager" -I../Drivers/CMSIS/Include -I../Drivers/CMSIS/Device/ST/STM32G4xx/Include -I"/home/chris/Projects/Embedded/FunctionGeneratorCortexM4_SW/FunctionGeneratorCortexM4_SW_V1/Core/Src/SIgnalManager" -I../Core/Inc -I"/home/chris/Projects/Embedded/FunctionGeneratorCortexM4_SW/WaveTableGeneration" -I../Drivers/STM32G4xx_HAL_Driver/Inc -O0 -ffunction-sections -fdata-sections -Wall -fstack-usage -MMD -MP -MF"Core/Src/EventManager/FreqMenuStateHandler.d" -MT"Core/Src/EventManager/FreqMenuStateHandler.o" --specs=nano.specs -mfpu=fpv4-sp-d16 -mfloat-abi=hard -mthumb -o "Core/Src/EventManager/FreqMenuStateHandler.o"
arm-none-eabi-gcc "../Core/Src/EventManager/FuncMenuStateHandler.c" -mcpu=cortex-m4 -std=gnu11 -g3 -DUSE_ILI9341_SPIDMA -DUSE_HAL_DRIVER -DSTM32G474xx -DUSE_FULL_LL_DRIVER -DDEBUG -c -I"/home/chris/Projects/Embedded/FunctionGeneratorCortexM4_SW/FunctionGeneratorCortexM4_SW_V1/Core/Src/EventManager" -I"/home/chris/Projects/Embedded/FunctionGeneratorCortexM4_SW/LogSequenceGeneration" -I"/home/chris/Projects/Embedded/FunctionGeneratorCortexM4_SW/FunctionGeneratorCortexM4_SW_V1/Core/Src/InterruptManager" -I"/home/chris/Projects/Embedded/FunctionGeneratorCortexM4_SW/ILI9341" -I../Drivers/STM32G4xx_HAL_Driver/Inc/Legacy -I"/home/chris/Projects/Embedded/FunctionGeneratorCortexM4_SW/FunctionGeneratorCortexM4_SW_V1/Core/Src/DisplayManager" -I../Drivers/CMSIS/Include -I../Drivers/CMSIS/Device/ST/STM32G4xx/Include -I"/home/chris/Projects/Embedded/FunctionGeneratorCortexM4_SW/FunctionGeneratorCortexM4_SW_V1/Core/Src/SIgnalManager" -I../Core/Inc -I"/home/chris/Projects/Embedded/FunctionGeneratorCortexM4_SW/WaveTableGeneration" -I../Drivers/STM32G4xx_HAL_Driver/Inc -O0 -ffunction-sections -fdata-sections -Wall -fstack-usage -MMD -MP -MF"Core/Src/EventManager/FuncMenuStateHandler.d" -MT"Core/Src/EventManager/FuncMenuStateHandler.o" --specs=nano.specs -mfpu=fpv4-sp-d16 -mfloat-abi=hard -mthumb -o "Core/Src/EventManager/FuncMenuStateHandler.o"
arm-none-eabi-gcc "../Core/Src/EventManager/GainMenuStateHandler.c" -mcpu=cortex-m4 -std=gnu11 -g3 -DUSE_ILI9341_SPIDMA -DUSE_HAL_DRIVER -DSTM32G474xx -DUSE_FULL_LL_DRIVER -DDEBUG -c -I"/home/chris/Projects/Embedded/FunctionGeneratorCortexM4_SW/FunctionGeneratorCortexM4_SW_V1/Core/Src/EventManager" -I"/home/chris/Projects/Embedded/FunctionGeneratorCortexM4_SW/LogSequenceGeneration" -I"/home/chris/Projects/Embedded/FunctionGeneratorCortexM4_SW/FunctionGeneratorCortexM4_SW_V1/Core/Src/InterruptManager" -I"/home/chris/Projects/Embedded/FunctionGeneratorCortexM4_SW/ILI9341" -I../Drivers/STM32G4xx_HAL_Driver/Inc/Legacy -I"/home/chris/Projects/Embedded/FunctionGeneratorCortexM4_SW/FunctionGeneratorCortexM4_SW_V1/Core/Src/DisplayManager" -I../Drivers/CMSIS/Include -I../Drivers/CMSIS/Device/ST/STM32G4xx/Include -I"/home/chris/Projects/Embedded/FunctionGeneratorCortexM4_SW/FunctionGeneratorCortexM4_SW_V1/Core/Src/SIgnalManager" -I../Core/Inc -I"/home/chris/Projects/Embedded/FunctionGeneratorCortexM4_SW/WaveTableGeneration" -I../Drivers/STM32G4xx_HAL_Driver/Inc -O0 -ffunction-sections -fdata-sections -Wall -fstack-usage -MMD -MP -MF"Core/Src/EventManager/GainMenuStateHandler.d" -MT"Core/Src/EventManager/GainMenuStateHandler.o" --specs=nano.specs -mfpu=fpv4-sp-d16 -mfloat-abi=hard -mthumb -o "Core/Src/EventManager/GainMenuStateHandler.o"
arm-none-eabi-gcc "../Core/Src/DisplayManager/BiasMenus.c" -mcpu=cortex-m4 -std=gnu11 -g3 -DUSE_ILI9341_SPIDMA -DUSE_HAL_DRIVER -DSTM32G474xx -DUSE_FULL_LL_DRIVER -DDEBUG -c -I"/home/chris/Projects/Embedded/FunctionGeneratorCortexM4_SW/FunctionGeneratorCortexM4_SW_V1/Core/Src/EventManager" -I"/home/chris/Projects/Embedded/FunctionGeneratorCortexM4_SW/LogSequenceGeneration" -I"/home/chris/Projects/Embedded/FunctionGeneratorCortexM4_SW/FunctionGeneratorCortexM4_SW_V1/Core/Src/InterruptManager" -I"/home/chris/Projects/Embedded/FunctionGeneratorCortexM4_SW/ILI9341" -I../Drivers/STM32G4xx_HAL_Driver/Inc/Legacy -I"/home/chris/Projects/Embedded/FunctionGeneratorCortexM4_SW/FunctionGeneratorCortexM4_SW_V1/Core/Src/DisplayManager" -I../Drivers/CMSIS/Include -I../Drivers/CMSIS/Device/ST/STM32G4xx/Include -I"/home/chris/Projects/Embedded/FunctionGeneratorCortexM4_SW/FunctionGeneratorCortexM4_SW_V1/Core/Src/SIgnalManager" -I../Core/Inc -I"/home/chris/Projects/Embedded/FunctionGeneratorCortexM4_SW/WaveTableGeneration" -I../Drivers/STM32G4xx_HAL_Driver/Inc -O0 -ffunction-sections -fdata-sections -Wall -fstack-usage -MMD -MP -MF"Core/Src/DisplayManager/BiasMenus.d" -MT"Core/Src/DisplayManager/BiasMenus.o" --specs=nano.specs -mfpu=fpv4-sp-d16 -mfloat-abi=hard -mthumb -o "Core/Src/DisplayManager/BiasMenus.o"
arm-none-eabi-gcc "../Core/Src/DisplayManager/DisplayManager.c" -mcpu=cortex-m4 -std=gnu11 -g3 -DUSE_ILI9341_SPIDMA -DUSE_HAL_DRIVER -DSTM32G474xx -DUSE_FULL_LL_DRIVER -DDEBUG -c -I"/home/chris/Projects/Embedded/FunctionGeneratorCortexM4_SW/FunctionGeneratorCortexM4_SW_V1/Core/Src/EventManager" -I"/home/chris/Projects/Embedded/FunctionGeneratorCortexM4_SW/LogSequenceGeneration" -I"/home/chris/Projects/Embedded/FunctionGeneratorCortexM4_SW/FunctionGeneratorCortexM4_SW_V1/Core/Src/InterruptManager" -I"/home/chris/Projects/Embedded/FunctionGeneratorCortexM4_SW/ILI9341" -I../Drivers/STM32G4xx_HAL_Driver/Inc/Legacy -I"/home/chris/Projects/Embedded/FunctionGeneratorCortexM4_SW/FunctionGeneratorCortexM4_SW_V1/Core/Src/DisplayManager" -I../Drivers/CMSIS/Include -I../Drivers/CMSIS/Device/ST/STM32G4xx/Include -I"/home/chris/Projects/Embedded/FunctionGeneratorCortexM4_SW/FunctionGeneratorCortexM4_SW_V1/Core/Src/SIgnalManager" -I../Core/Inc -I"/home/chris/Projects/Embedded/FunctionGeneratorCortexM4_SW/WaveTableGeneration" -I../Drivers/STM32G4xx_HAL_Driver/Inc -O0 -ffunction-sections -fdata-sections -Wall -fstack-usage -MMD -MP -MF"Core/Src/DisplayManager/DisplayManager.d" -MT"Core/Src/DisplayManager/DisplayManager.o" --specs=nano.specs -mfpu=fpv4-sp-d16 -mfloat-abi=hard -mthumb -o "Core/Src/DisplayManager/DisplayManager.o"
arm-none-eabi-gcc "../Core/Src/DisplayManager/FreqMenus.c" -mcpu=cortex-m4 -std=gnu11 -g3 -DUSE_ILI9341_SPIDMA -DUSE_HAL_DRIVER -DSTM32G474xx -DUSE_FULL_LL_DRIVER -DDEBUG -c -I"/home/chris/Projects/Embedded/FunctionGeneratorCortexM4_SW/FunctionGeneratorCortexM4_SW_V1/Core/Src/EventManager" -I"/home/chris/Projects/Embedded/FunctionGeneratorCortexM4_SW/LogSequenceGeneration" -I"/home/chris/Projects/Embedded/FunctionGeneratorCortexM4_SW/FunctionGeneratorCortexM4_SW_V1/Core/Src/InterruptManager" -I"/home/chris/Projects/Embedded/FunctionGeneratorCortexM4_SW/ILI9341" -I../Drivers/STM32G4xx_HAL_Driver/Inc/Legacy -I"/home/chris/Projects/Embedded/FunctionGeneratorCortexM4_SW/FunctionGeneratorCortexM4_SW_V1/Core/Src/DisplayManager" -I../Drivers/CMSIS/Include -I../Drivers/CMSIS/Device/ST/STM32G4xx/Include -I"/home/chris/Projects/Embedded/FunctionGeneratorCortexM4_SW/FunctionGeneratorCortexM4_SW_V1/Core/Src/SIgnalManager" -I../Core/Inc -I"/home/chris/Projects/Embedded/FunctionGeneratorCortexM4_SW/WaveTableGeneration" -I../Drivers/STM32G4xx_HAL_Driver/Inc -O0 -ffunction-sections -fdata-sections -Wall -fstack-usage -MMD -MP -MF"Core/Src/DisplayManager/FreqMenus.d" -MT"Core/Src/DisplayManager/FreqMenus.o" --specs=nano.specs -mfpu=fpv4-sp-d16 -mfloat-abi=hard -mthumb -o "Core/Src/DisplayManager/FreqMenus.o"
arm-none-eabi-gcc "../Core/Src/DisplayManager/FuncMenus.c" -mcpu=cortex-m4 -std=gnu11 -g3 -DUSE_ILI9341_SPIDMA -DUSE_HAL_DRIVER -DSTM32G474xx -DUSE_FULL_LL_DRIVER -DDEBUG -c -I"/home/chris/Projects/Embedded/FunctionGeneratorCortexM4_SW/FunctionGeneratorCortexM4_SW_V1/Core/Src/EventManager" -I"/home/chris/Projects/Embedded/FunctionGeneratorCortexM4_SW/LogSequenceGeneration" -I"/home/chris/Projects/Embedded/FunctionGeneratorCortexM4_SW/FunctionGeneratorCortexM4_SW_V1/Core/Src/InterruptManager" -I"/home/chris/Projects/Embedded/FunctionGeneratorCortexM4_SW/ILI9341" -I../Drivers/STM32G4xx_HAL_Driver/Inc/Legacy -I"/home/chris/Projects/Embedded/FunctionGeneratorCortexM4_SW/FunctionGeneratorCortexM4_SW_V1/Core/Src/DisplayManager" -I../Drivers/CMSIS/Include -I../Drivers/CMSIS/Device/ST/STM32G4xx/Include -I"/home/chris/Projects/Embedded/FunctionGeneratorCortexM4_SW/FunctionGeneratorCortexM4_SW_V1/Core/Src/SIgnalManager" -I../Core/Inc -I"/home/chris/Projects/Embedded/FunctionGeneratorCortexM4_SW/WaveTableGeneration" -I../Drivers/STM32G4xx_HAL_Driver/Inc -O0 -ffunction-sections -fdata-sections -Wall -fstack-usage -MMD -MP -MF"Core/Src/DisplayManager/FuncMenus.d" -MT"Core/Src/DisplayManager/FuncMenus.o" --specs=nano.specs -mfpu=fpv4-sp-d16 -mfloat-abi=hard -mthumb -o "Core/Src/DisplayManager/FuncMenus.o"
arm-none-eabi-gcc "../Core/Src/DisplayManager/GainMenus.c" -mcpu=cortex-m4 -std=gnu11 -g3 -DUSE_ILI9341_SPIDMA -DUSE_HAL_DRIVER -DSTM32G474xx -DUSE_FULL_LL_DRIVER -DDEBUG -c -I"/home/chris/Projects/Embedded/FunctionGeneratorCortexM4_SW/FunctionGeneratorCortexM4_SW_V1/Core/Src/EventManager" -I"/home/chris/Projects/Embedded/FunctionGeneratorCortexM4_SW/LogSequenceGeneration" -I"/home/chris/Projects/Embedded/FunctionGeneratorCortexM4_SW/FunctionGeneratorCortexM4_SW_V1/Core/Src/InterruptManager" -I"/home/chris/Projects/Embedded/FunctionGeneratorCortexM4_SW/ILI9341" -I../Drivers/STM32G4xx_HAL_Driver/Inc/Legacy -I"/home/chris/Projects/Embedded/FunctionGeneratorCortexM4_SW/FunctionGeneratorCortexM4_SW_V1/Core/Src/DisplayManager" -I../Drivers/CMSIS/Include -I../Drivers/CMSIS/Device/ST/STM32G4xx/Include -I"/home/chris/Projects/Embedded/FunctionGeneratorCortexM4_SW/FunctionGeneratorCortexM4_SW_V1/Core/Src/SIgnalManager" -I../Core/Inc -I"/home/chris/Projects/Embedded/FunctionGeneratorCortexM4_SW/WaveTableGeneration" -I../Drivers/STM32G4xx_HAL_Driver/Inc -O0 -ffunction-sections -fdata-sections -Wall -fstack-usage -MMD -MP -MF"Core/Src/DisplayManager/GainMenus.d" -MT"Core/Src/DisplayManager/GainMenus.o" --specs=nano.specs -mfpu=fpv4-sp-d16 -mfloat-abi=hard -mthumb -o "Core/Src/DisplayManager/GainMenus.o"
arm-none-eabi-gcc "../Core/Src/main.c" -mcpu=cortex-m4 -std=gnu11 -g3 -DUSE_ILI9341_SPIDMA -DUSE_HAL_DRIVER -DSTM32G474xx -DUSE_FULL_LL_DRIVER -DDEBUG -c -I"/home/chris/Projects/Embedded/FunctionGeneratorCortexM4_SW/FunctionGeneratorCortexM4_SW_V1/Core/Src/EventManager" -I"/home/chris/Projects/Embedded/FunctionGeneratorCortexM4_SW/LogSequenceGeneration" -I"/home/chris/Projects/Embedded/FunctionGeneratorCortexM4_SW/FunctionGeneratorCortexM4_SW_V1/Core/Src/InterruptManager" -I"/home/chris/Projects/Embedded/FunctionGeneratorCortexM4_SW/ILI9341" -I../Drivers/STM32G4xx_HAL_Driver/Inc/Legacy -I"/home/chris/Projects/Embedded/FunctionGeneratorCortexM4_SW/FunctionGeneratorCortexM4_SW_V1/Core/Src/DisplayManager" -I../Drivers/CMSIS/Include -I../Drivers/CMSIS/Device/ST/STM32G4xx/Include -I"/home/chris/Projects/Embedded/FunctionGeneratorCortexM4_SW/FunctionGeneratorCortexM4_SW_V1/Core/Src/SIgnalManager" -I../Core/Inc -I"/home/chris/Projects/Embedded/FunctionGeneratorCortexM4_SW/WaveTableGeneration" -I../Drivers/STM32G4xx_HAL_Driver/Inc -O0 -ffunction-sections -fdata-sections -Wall -fstack-usage -MMD -MP -MF"Core/Src/main.d" -MT"Core/Src/main.o" --specs=nano.specs -mfpu=fpv4-sp-d16 -mfloat-abi=hard -mthumb -o "Core/Src/main.o"
arm-none-eabi-gcc "../Core/Src/stm32g4xx_it.c" -mcpu=cortex-m4 -std=gnu11 -g3 -DUSE_ILI9341_SPIDMA -DUSE_HAL_DRIVER -DSTM32G474xx -DUSE_FULL_LL_DRIVER -DDEBUG -c -I"/home/chris/Projects/Embedded/FunctionGeneratorCortexM4_SW/FunctionGeneratorCortexM4_SW_V1/Core/Src/EventManager" -I"/home/chris/Projects/Embedded/FunctionGeneratorCortexM4_SW/LogSequenceGeneration" -I"/home/chris/Projects/Embedded/FunctionGeneratorCortexM4_SW/FunctionGeneratorCortexM4_SW_V1/Core/Src/InterruptManager" -I"/home/chris/Projects/Embedded/FunctionGeneratorCortexM4_SW/ILI9341" -I../Drivers/STM32G4xx_HAL_Driver/Inc/Legacy -I"/home/chris/Projects/Embedded/FunctionGeneratorCortexM4_SW/FunctionGeneratorCortexM4_SW_V1/Core/Src/DisplayManager" -I../Drivers/CMSIS/Include -I../Drivers/CMSIS/Device/ST/STM32G4xx/Include -I"/home/chris/Projects/Embedded/FunctionGeneratorCortexM4_SW/FunctionGeneratorCortexM4_SW_V1/Core/Src/SIgnalManager" -I../Core/Inc -I"/home/chris/Projects/Embedded/FunctionGeneratorCortexM4_SW/WaveTableGeneration" -I../Drivers/STM32G4xx_HAL_Driver/Inc -O0 -ffunction-sections -fdata-sections -Wall -fstack-usage -MMD -MP -MF"Core/Src/stm32g4xx_it.d" -MT"Core/Src/stm32g4xx_it.o" --specs=nano.specs -mfpu=fpv4-sp-d16 -mfloat-abi=hard -mthumb -o "Core/Src/stm32g4xx_it.o"
arm-none-eabi-gcc -o "FunctionGeneratorCortexM4_SW_V1.elf" @"objects.list"   -mcpu=cortex-m4 -T"/home/chris/Projects/Embedded/FunctionGeneratorCortexM4_SW/FunctionGeneratorCortexM4_SW_V1/STM32G474RETX_FLASH.ld" --specs=nosys.specs -Wl,-Map="FunctionGeneratorCortexM4_SW_V1.map" -Wl,--gc-sections -static --specs=nano.specs -mfpu=fpv4-sp-d16 -mfloat-abi=hard -mthumb -u _printf_float -Wl,--start-group -lc -lm -Wl,--end-group
Finished building target: FunctionGeneratorCortexM4_SW_V1.elf
 
arm-none-eabi-objdump -h -S  FunctionGeneratorCortexM4_SW_V1.elf  > "FunctionGeneratorCortexM4_SW_V1.list"
arm-none-eabi-objcopy  -O binary  FunctionGeneratorCortexM4_SW_V1.elf  "FunctionGeneratorCortexM4_SW_V1.bin"
arm-none-eabi-size   FunctionGeneratorCortexM4_SW_V1.elf 
   text	   data	    bss	    dec	    hex	filename
  73488	   7896	   4248	  85632	  14e80	FunctionGeneratorCortexM4_SW_V1.elf
Finished building: default.size.stdout
Finished building: FunctionGeneratorCortexM4_SW_V1.bin
 
 
Finished building: FunctionGeneratorCortexM4_SW_V1.list
 

18:20:23 Build Finished. 0 errors, 0 warnings. (took 3s.351ms)

