21:31:32 **** Incremental Build of configuration Debug for project FunctionGeneratorCortexM4_SW_V1 ****
make -j4 all 
arm-none-eabi-gcc "../Core/Src/stm32g4xx_it.c" -mcpu=cortex-m4 -std=gnu11 -g3 -DUSE_HAL_DRIVER -DSTM32G474xx -DDEBUG -c -I../Drivers/STM32G4xx_HAL_Driver/Inc/Legacy -I../Drivers/CMSIS/Include -I../Drivers/CMSIS/Device/ST/STM32G4xx/Include -I../Core/Inc -I../Drivers/STM32G4xx_HAL_Driver/Inc -I"/home/chris/Projects/Embedded/FunctionGeneratorCortexM4_SW/ILI9341" -O0 -ffunction-sections -fdata-sections -Wall -fstack-usage -MMD -MP -MF"Core/Src/stm32g4xx_it.d" -MT"Core/Src/stm32g4xx_it.o" --specs=nano.specs -mfpu=fpv4-sp-d16 -mfloat-abi=hard -mthumb -o "Core/Src/stm32g4xx_it.o"
arm-none-eabi-gcc -o "FunctionGeneratorCortexM4_SW_V1.elf" @"objects.list"   -mcpu=cortex-m4 -T"/home/chris/Projects/Embedded/FunctionGeneratorCortexM4_SW/FunctionGeneratorCortexM4_SW_V1/STM32G474RETX_FLASH.ld" --specs=nosys.specs -Wl,-Map="FunctionGeneratorCortexM4_SW_V1.map" -Wl,--gc-sections -static --specs=nano.specs -mfpu=fpv4-sp-d16 -mfloat-abi=hard -mthumb -Wl,--start-group -lc -lm -Wl,--end-group
Finished building target: FunctionGeneratorCortexM4_SW_V1.elf
 
arm-none-eabi-objdump -h -S  FunctionGeneratorCortexM4_SW_V1.elf  > "FunctionGeneratorCortexM4_SW_V1.list"
arm-none-eabi-objcopy  -O binary  FunctionGeneratorCortexM4_SW_V1.elf  "FunctionGeneratorCortexM4_SW_V1.bin"
arm-none-eabi-size   FunctionGeneratorCortexM4_SW_V1.elf 
   text	   data	    bss	    dec	    hex	filename
  34220	    128	   2392	  36740	   8f84	FunctionGeneratorCortexM4_SW_V1.elf
Finished building: default.size.stdout
Finished building: FunctionGeneratorCortexM4_SW_V1.bin
 
 
Finished building: FunctionGeneratorCortexM4_SW_V1.list
 

21:31:33 Build Finished. 0 errors, 0 warnings. (took 1s.82ms)

