02:02:13 **** Incremental Build of configuration Debug for project FunctionGeneratorCortexM4_SW_V1 ****
make -j4 all 
arm-none-eabi-gcc "../Core/Src/SIgnalManager/InputTrigger.c" -mcpu=cortex-m4 -std=gnu11 -g3 -DUSE_ILI9341_SPIDMA -DUSE_HAL_DRIVER -DSTM32G474xx -DUSE_FULL_LL_DRIVER -DDEBUG -c -I"/home/chris/Projects/Embedded/FunctionGeneratorCortexM4_SW/FunctionGeneratorCortexM4_SW_V1/Core/Src/EventManager" -I"/home/chris/Projects/Embedded/FunctionGeneratorCortexM4_SW/WaveTableGeneration/icontables" -I"/home/chris/Projects/Embedded/FunctionGeneratorCortexM4_SW/LogSequenceGeneration" -I"/home/chris/Projects/Embedded/FunctionGeneratorCortexM4_SW/FunctionGeneratorCortexM4_SW_V1/Core/Src/InterruptManager" -I"/home/chris/Projects/Embedded/FunctionGeneratorCortexM4_SW/ILI9341" -I../Drivers/STM32G4xx_HAL_Driver/Inc/Legacy -I"/home/chris/Projects/Embedded/FunctionGeneratorCortexM4_SW/FunctionGeneratorCortexM4_SW_V1/Core/Src/DisplayManager" -I../Drivers/CMSIS/Include -I../Drivers/CMSIS/Device/ST/STM32G4xx/Include -I"/home/chris/Projects/Embedded/FunctionGeneratorCortexM4_SW/FunctionGeneratorCortexM4_SW_V1/Core/Src/SIgnalManager" -I../Core/Inc -I"/home/chris/Projects/Embedded/FunctionGeneratorCortexM4_SW/WaveTableGeneration" -I../Drivers/STM32G4xx_HAL_Driver/Inc -O0 -ffunction-sections -fdata-sections -Wall -fstack-usage -MMD -MP -MF"Core/Src/SIgnalManager/InputTrigger.d" -MT"Core/Src/SIgnalManager/InputTrigger.o" --specs=nano.specs -mfpu=fpv4-sp-d16 -mfloat-abi=hard -mthumb -o "Core/Src/SIgnalManager/InputTrigger.o"
../Core/Src/SIgnalManager/InputTrigger.c: In function 'HAL_ADC_ConvCpltCallback':
../Core/Src/SIgnalManager/InputTrigger.c:264:2: error: 'avg_adcsteps_measure' undeclared (first use in this function); did you mean 'avg_volt_measure'?
  avg_adcsteps_measure = 0;
  ^~~~~~~~~~~~~~~~~~~~
  avg_volt_measure
../Core/Src/SIgnalManager/InputTrigger.c:264:2: note: each undeclared identifier is reported only once for each function it appears in
make: *** [Core/Src/SIgnalManager/subdir.mk:49: Core/Src/SIgnalManager/InputTrigger.o] Error 1
"make -j4 all" terminated with exit code 2. Build might be incomplete.
02:03:11 **** Incremental Build of configuration Debug for project FunctionGeneratorCortexM4_SW_V1 ****
make -j4 all 
arm-none-eabi-gcc "../Core/Src/SIgnalManager/BiasOutput.c" -mcpu=cortex-m4 -std=gnu11 -g3 -DUSE_ILI9341_SPIDMA -DUSE_HAL_DRIVER -DSTM32G474xx -DUSE_FULL_LL_DRIVER -DDEBUG -c -I"/home/chris/Projects/Embedded/FunctionGeneratorCortexM4_SW/FunctionGeneratorCortexM4_SW_V1/Core/Src/EventManager" -I"/home/chris/Projects/Embedded/FunctionGeneratorCortexM4_SW/WaveTableGeneration/icontables" -I"/home/chris/Projects/Embedded/FunctionGeneratorCortexM4_SW/LogSequenceGeneration" -I"/home/chris/Projects/Embedded/FunctionGeneratorCortexM4_SW/FunctionGeneratorCortexM4_SW_V1/Core/Src/InterruptManager" -I"/home/chris/Projects/Embedded/FunctionGeneratorCortexM4_SW/ILI9341" -I../Drivers/STM32G4xx_HAL_Driver/Inc/Legacy -I"/home/chris/Projects/Embedded/FunctionGeneratorCortexM4_SW/FunctionGeneratorCortexM4_SW_V1/Core/Src/DisplayManager" -I../Drivers/CMSIS/Include -I../Drivers/CMSIS/Device/ST/STM32G4xx/Include -I"/home/chris/Projects/Embedded/FunctionGeneratorCortexM4_SW/FunctionGeneratorCortexM4_SW_V1/Core/Src/SIgnalManager" -I../Core/Inc -I"/home/chris/Projects/Embedded/FunctionGeneratorCortexM4_SW/WaveTableGeneration" -I../Drivers/STM32G4xx_HAL_Driver/Inc -O0 -ffunction-sections -fdata-sections -Wall -fstack-usage -MMD -MP -MF"Core/Src/SIgnalManager/BiasOutput.d" -MT"Core/Src/SIgnalManager/BiasOutput.o" --specs=nano.specs -mfpu=fpv4-sp-d16 -mfloat-abi=hard -mthumb -o "Core/Src/SIgnalManager/BiasOutput.o"
arm-none-eabi-gcc "../Core/Src/SIgnalManager/FreqOutput.c" -mcpu=cortex-m4 -std=gnu11 -g3 -DUSE_ILI9341_SPIDMA -DUSE_HAL_DRIVER -DSTM32G474xx -DUSE_FULL_LL_DRIVER -DDEBUG -c -I"/home/chris/Projects/Embedded/FunctionGeneratorCortexM4_SW/FunctionGeneratorCortexM4_SW_V1/Core/Src/EventManager" -I"/home/chris/Projects/Embedded/FunctionGeneratorCortexM4_SW/WaveTableGeneration/icontables" -I"/home/chris/Projects/Embedded/FunctionGeneratorCortexM4_SW/LogSequenceGeneration" -I"/home/chris/Projects/Embedded/FunctionGeneratorCortexM4_SW/FunctionGeneratorCortexM4_SW_V1/Core/Src/InterruptManager" -I"/home/chris/Projects/Embedded/FunctionGeneratorCortexM4_SW/ILI9341" -I../Drivers/STM32G4xx_HAL_Driver/Inc/Legacy -I"/home/chris/Projects/Embedded/FunctionGeneratorCortexM4_SW/FunctionGeneratorCortexM4_SW_V1/Core/Src/DisplayManager" -I../Drivers/CMSIS/Include -I../Drivers/CMSIS/Device/ST/STM32G4xx/Include -I"/home/chris/Projects/Embedded/FunctionGeneratorCortexM4_SW/FunctionGeneratorCortexM4_SW_V1/Core/Src/SIgnalManager" -I../Core/Inc -I"/home/chris/Projects/Embedded/FunctionGeneratorCortexM4_SW/WaveTableGeneration" -I../Drivers/STM32G4xx_HAL_Driver/Inc -O0 -ffunction-sections -fdata-sections -Wall -fstack-usage -MMD -MP -MF"Core/Src/SIgnalManager/FreqOutput.d" -MT"Core/Src/SIgnalManager/FreqOutput.o" --specs=nano.specs -mfpu=fpv4-sp-d16 -mfloat-abi=hard -mthumb -o "Core/Src/SIgnalManager/FreqOutput.o"
arm-none-eabi-gcc "../Core/Src/SIgnalManager/FreqSweep.c" -mcpu=cortex-m4 -std=gnu11 -g3 -DUSE_ILI9341_SPIDMA -DUSE_HAL_DRIVER -DSTM32G474xx -DUSE_FULL_LL_DRIVER -DDEBUG -c -I"/home/chris/Projects/Embedded/FunctionGeneratorCortexM4_SW/FunctionGeneratorCortexM4_SW_V1/Core/Src/EventManager" -I"/home/chris/Projects/Embedded/FunctionGeneratorCortexM4_SW/WaveTableGeneration/icontables" -I"/home/chris/Projects/Embedded/FunctionGeneratorCortexM4_SW/LogSequenceGeneration" -I"/home/chris/Projects/Embedded/FunctionGeneratorCortexM4_SW/FunctionGeneratorCortexM4_SW_V1/Core/Src/InterruptManager" -I"/home/chris/Projects/Embedded/FunctionGeneratorCortexM4_SW/ILI9341" -I../Drivers/STM32G4xx_HAL_Driver/Inc/Legacy -I"/home/chris/Projects/Embedded/FunctionGeneratorCortexM4_SW/FunctionGeneratorCortexM4_SW_V1/Core/Src/DisplayManager" -I../Drivers/CMSIS/Include -I../Drivers/CMSIS/Device/ST/STM32G4xx/Include -I"/home/chris/Projects/Embedded/FunctionGeneratorCortexM4_SW/FunctionGeneratorCortexM4_SW_V1/Core/Src/SIgnalManager" -I../Core/Inc -I"/home/chris/Projects/Embedded/FunctionGeneratorCortexM4_SW/WaveTableGeneration" -I../Drivers/STM32G4xx_HAL_Driver/Inc -O0 -ffunction-sections -fdata-sections -Wall -fstack-usage -MMD -MP -MF"Core/Src/SIgnalManager/FreqSweep.d" -MT"Core/Src/SIgnalManager/FreqSweep.o" --specs=nano.specs -mfpu=fpv4-sp-d16 -mfloat-abi=hard -mthumb -o "Core/Src/SIgnalManager/FreqSweep.o"
arm-none-eabi-gcc "../Core/Src/SIgnalManager/FunctionOutput.c" -mcpu=cortex-m4 -std=gnu11 -g3 -DUSE_ILI9341_SPIDMA -DUSE_HAL_DRIVER -DSTM32G474xx -DUSE_FULL_LL_DRIVER -DDEBUG -c -I"/home/chris/Projects/Embedded/FunctionGeneratorCortexM4_SW/FunctionGeneratorCortexM4_SW_V1/Core/Src/EventManager" -I"/home/chris/Projects/Embedded/FunctionGeneratorCortexM4_SW/WaveTableGeneration/icontables" -I"/home/chris/Projects/Embedded/FunctionGeneratorCortexM4_SW/LogSequenceGeneration" -I"/home/chris/Projects/Embedded/FunctionGeneratorCortexM4_SW/FunctionGeneratorCortexM4_SW_V1/Core/Src/InterruptManager" -I"/home/chris/Projects/Embedded/FunctionGeneratorCortexM4_SW/ILI9341" -I../Drivers/STM32G4xx_HAL_Driver/Inc/Legacy -I"/home/chris/Projects/Embedded/FunctionGeneratorCortexM4_SW/FunctionGeneratorCortexM4_SW_V1/Core/Src/DisplayManager" -I../Drivers/CMSIS/Include -I../Drivers/CMSIS/Device/ST/STM32G4xx/Include -I"/home/chris/Projects/Embedded/FunctionGeneratorCortexM4_SW/FunctionGeneratorCortexM4_SW_V1/Core/Src/SIgnalManager" -I../Core/Inc -I"/home/chris/Projects/Embedded/FunctionGeneratorCortexM4_SW/WaveTableGeneration" -I../Drivers/STM32G4xx_HAL_Driver/Inc -O0 -ffunction-sections -fdata-sections -Wall -fstack-usage -MMD -MP -MF"Core/Src/SIgnalManager/FunctionOutput.d" -MT"Core/Src/SIgnalManager/FunctionOutput.o" --specs=nano.specs -mfpu=fpv4-sp-d16 -mfloat-abi=hard -mthumb -o "Core/Src/SIgnalManager/FunctionOutput.o"
arm-none-eabi-gcc "../Core/Src/SIgnalManager/GainOutput.c" -mcpu=cortex-m4 -std=gnu11 -g3 -DUSE_ILI9341_SPIDMA -DUSE_HAL_DRIVER -DSTM32G474xx -DUSE_FULL_LL_DRIVER -DDEBUG -c -I"/home/chris/Projects/Embedded/FunctionGeneratorCortexM4_SW/FunctionGeneratorCortexM4_SW_V1/Core/Src/EventManager" -I"/home/chris/Projects/Embedded/FunctionGeneratorCortexM4_SW/WaveTableGeneration/icontables" -I"/home/chris/Projects/Embedded/FunctionGeneratorCortexM4_SW/LogSequenceGeneration" -I"/home/chris/Projects/Embedded/FunctionGeneratorCortexM4_SW/FunctionGeneratorCortexM4_SW_V1/Core/Src/InterruptManager" -I"/home/chris/Projects/Embedded/FunctionGeneratorCortexM4_SW/ILI9341" -I../Drivers/STM32G4xx_HAL_Driver/Inc/Legacy -I"/home/chris/Projects/Embedded/FunctionGeneratorCortexM4_SW/FunctionGeneratorCortexM4_SW_V1/Core/Src/DisplayManager" -I../Drivers/CMSIS/Include -I../Drivers/CMSIS/Device/ST/STM32G4xx/Include -I"/home/chris/Projects/Embedded/FunctionGeneratorCortexM4_SW/FunctionGeneratorCortexM4_SW_V1/Core/Src/SIgnalManager" -I../Core/Inc -I"/home/chris/Projects/Embedded/FunctionGeneratorCortexM4_SW/WaveTableGeneration" -I../Drivers/STM32G4xx_HAL_Driver/Inc -O0 -ffunction-sections -fdata-sections -Wall -fstack-usage -MMD -MP -MF"Core/Src/SIgnalManager/GainOutput.d" -MT"Core/Src/SIgnalManager/GainOutput.o" --specs=nano.specs -mfpu=fpv4-sp-d16 -mfloat-abi=hard -mthumb -o "Core/Src/SIgnalManager/GainOutput.o"
arm-none-eabi-gcc "../Core/Src/SIgnalManager/InputTrigger.c" -mcpu=cortex-m4 -std=gnu11 -g3 -DUSE_ILI9341_SPIDMA -DUSE_HAL_DRIVER -DSTM32G474xx -DUSE_FULL_LL_DRIVER -DDEBUG -c -I"/home/chris/Projects/Embedded/FunctionGeneratorCortexM4_SW/FunctionGeneratorCortexM4_SW_V1/Core/Src/EventManager" -I"/home/chris/Projects/Embedded/FunctionGeneratorCortexM4_SW/WaveTableGeneration/icontables" -I"/home/chris/Projects/Embedded/FunctionGeneratorCortexM4_SW/LogSequenceGeneration" -I"/home/chris/Projects/Embedded/FunctionGeneratorCortexM4_SW/FunctionGeneratorCortexM4_SW_V1/Core/Src/InterruptManager" -I"/home/chris/Projects/Embedded/FunctionGeneratorCortexM4_SW/ILI9341" -I../Drivers/STM32G4xx_HAL_Driver/Inc/Legacy -I"/home/chris/Projects/Embedded/FunctionGeneratorCortexM4_SW/FunctionGeneratorCortexM4_SW_V1/Core/Src/DisplayManager" -I../Drivers/CMSIS/Include -I../Drivers/CMSIS/Device/ST/STM32G4xx/Include -I"/home/chris/Projects/Embedded/FunctionGeneratorCortexM4_SW/FunctionGeneratorCortexM4_SW_V1/Core/Src/SIgnalManager" -I../Core/Inc -I"/home/chris/Projects/Embedded/FunctionGeneratorCortexM4_SW/WaveTableGeneration" -I../Drivers/STM32G4xx_HAL_Driver/Inc -O0 -ffunction-sections -fdata-sections -Wall -fstack-usage -MMD -MP -MF"Core/Src/SIgnalManager/InputTrigger.d" -MT"Core/Src/SIgnalManager/InputTrigger.o" --specs=nano.specs -mfpu=fpv4-sp-d16 -mfloat-abi=hard -mthumb -o "Core/Src/SIgnalManager/InputTrigger.o"
arm-none-eabi-gcc "../Core/Src/SIgnalManager/SignalManager.c" -mcpu=cortex-m4 -std=gnu11 -g3 -DUSE_ILI9341_SPIDMA -DUSE_HAL_DRIVER -DSTM32G474xx -DUSE_FULL_LL_DRIVER -DDEBUG -c -I"/home/chris/Projects/Embedded/FunctionGeneratorCortexM4_SW/FunctionGeneratorCortexM4_SW_V1/Core/Src/EventManager" -I"/home/chris/Projects/Embedded/FunctionGeneratorCortexM4_SW/WaveTableGeneration/icontables" -I"/home/chris/Projects/Embedded/FunctionGeneratorCortexM4_SW/LogSequenceGeneration" -I"/home/chris/Projects/Embedded/FunctionGeneratorCortexM4_SW/FunctionGeneratorCortexM4_SW_V1/Core/Src/InterruptManager" -I"/home/chris/Projects/Embedded/FunctionGeneratorCortexM4_SW/ILI9341" -I../Drivers/STM32G4xx_HAL_Driver/Inc/Legacy -I"/home/chris/Projects/Embedded/FunctionGeneratorCortexM4_SW/FunctionGeneratorCortexM4_SW_V1/Core/Src/DisplayManager" -I../Drivers/CMSIS/Include -I../Drivers/CMSIS/Device/ST/STM32G4xx/Include -I"/home/chris/Projects/Embedded/FunctionGeneratorCortexM4_SW/FunctionGeneratorCortexM4_SW_V1/Core/Src/SIgnalManager" -I../Core/Inc -I"/home/chris/Projects/Embedded/FunctionGeneratorCortexM4_SW/WaveTableGeneration" -I../Drivers/STM32G4xx_HAL_Driver/Inc -O0 -ffunction-sections -fdata-sections -Wall -fstack-usage -MMD -MP -MF"Core/Src/SIgnalManager/SignalManager.d" -MT"Core/Src/SIgnalManager/SignalManager.o" --specs=nano.specs -mfpu=fpv4-sp-d16 -mfloat-abi=hard -mthumb -o "Core/Src/SIgnalManager/SignalManager.o"
arm-none-eabi-gcc "../Core/Src/SIgnalManager/VoltPeakPeakOutput.c" -mcpu=cortex-m4 -std=gnu11 -g3 -DUSE_ILI9341_SPIDMA -DUSE_HAL_DRIVER -DSTM32G474xx -DUSE_FULL_LL_DRIVER -DDEBUG -c -I"/home/chris/Projects/Embedded/FunctionGeneratorCortexM4_SW/FunctionGeneratorCortexM4_SW_V1/Core/Src/EventManager" -I"/home/chris/Projects/Embedded/FunctionGeneratorCortexM4_SW/WaveTableGeneration/icontables" -I"/home/chris/Projects/Embedded/FunctionGeneratorCortexM4_SW/LogSequenceGeneration" -I"/home/chris/Projects/Embedded/FunctionGeneratorCortexM4_SW/FunctionGeneratorCortexM4_SW_V1/Core/Src/InterruptManager" -I"/home/chris/Projects/Embedded/FunctionGeneratorCortexM4_SW/ILI9341" -I../Drivers/STM32G4xx_HAL_Driver/Inc/Legacy -I"/home/chris/Projects/Embedded/FunctionGeneratorCortexM4_SW/FunctionGeneratorCortexM4_SW_V1/Core/Src/DisplayManager" -I../Drivers/CMSIS/Include -I../Drivers/CMSIS/Device/ST/STM32G4xx/Include -I"/home/chris/Projects/Embedded/FunctionGeneratorCortexM4_SW/FunctionGeneratorCortexM4_SW_V1/Core/Src/SIgnalManager" -I../Core/Inc -I"/home/chris/Projects/Embedded/FunctionGeneratorCortexM4_SW/WaveTableGeneration" -I../Drivers/STM32G4xx_HAL_Driver/Inc -O0 -ffunction-sections -fdata-sections -Wall -fstack-usage -MMD -MP -MF"Core/Src/SIgnalManager/VoltPeakPeakOutput.d" -MT"Core/Src/SIgnalManager/VoltPeakPeakOutput.o" --specs=nano.specs -mfpu=fpv4-sp-d16 -mfloat-abi=hard -mthumb -o "Core/Src/SIgnalManager/VoltPeakPeakOutput.o"
../Core/Src/SIgnalManager/InputTrigger.c: In function 'IT_ArbitrateInputTrigger':
../Core/Src/SIgnalManager/InputTrigger.c:111:23: error: 'DISABLE_volt_measure_store' undeclared (first use in this function); did you mean 'volt_measure_store'?
   IT_SetTriggerStatus(DISABLE_volt_measure_store);
                       ^~~~~~~~~~~~~~~~~~~~~~~~~~
                       volt_measure_store
../Core/Src/SIgnalManager/InputTrigger.c:111:23: note: each undeclared identifier is reported only once for each function it appears in
../Core/Src/SIgnalManager/InputTrigger.c:200:23: error: 'ENABLE_volt_measure_store' undeclared (first use in this function); did you mean 'DISABLE_volt_measure_store'?
   IT_SetTriggerStatus(ENABLE_volt_measure_store);
                       ^~~~~~~~~~~~~~~~~~~~~~~~~
                       DISABLE_volt_measure_store
make: *** [Core/Src/SIgnalManager/subdir.mk:49: Core/Src/SIgnalManager/InputTrigger.o] Error 1
make: *** Waiting for unfinished jobs....
"make -j4 all" terminated with exit code 2. Build might be incomplete.
02:03:24 **** Incremental Build of configuration Debug for project FunctionGeneratorCortexM4_SW_V1 ****
make -j4 all 
arm-none-eabi-gcc "../Core/Src/SIgnalManager/InputTrigger.c" -mcpu=cortex-m4 -std=gnu11 -g3 -DUSE_ILI9341_SPIDMA -DUSE_HAL_DRIVER -DSTM32G474xx -DUSE_FULL_LL_DRIVER -DDEBUG -c -I"/home/chris/Projects/Embedded/FunctionGeneratorCortexM4_SW/FunctionGeneratorCortexM4_SW_V1/Core/Src/EventManager" -I"/home/chris/Projects/Embedded/FunctionGeneratorCortexM4_SW/WaveTableGeneration/icontables" -I"/home/chris/Projects/Embedded/FunctionGeneratorCortexM4_SW/LogSequenceGeneration" -I"/home/chris/Projects/Embedded/FunctionGeneratorCortexM4_SW/FunctionGeneratorCortexM4_SW_V1/Core/Src/InterruptManager" -I"/home/chris/Projects/Embedded/FunctionGeneratorCortexM4_SW/ILI9341" -I../Drivers/STM32G4xx_HAL_Driver/Inc/Legacy -I"/home/chris/Projects/Embedded/FunctionGeneratorCortexM4_SW/FunctionGeneratorCortexM4_SW_V1/Core/Src/DisplayManager" -I../Drivers/CMSIS/Include -I../Drivers/CMSIS/Device/ST/STM32G4xx/Include -I"/home/chris/Projects/Embedded/FunctionGeneratorCortexM4_SW/FunctionGeneratorCortexM4_SW_V1/Core/Src/SIgnalManager" -I../Core/Inc -I"/home/chris/Projects/Embedded/FunctionGeneratorCortexM4_SW/WaveTableGeneration" -I../Drivers/STM32G4xx_HAL_Driver/Inc -O0 -ffunction-sections -fdata-sections -Wall -fstack-usage -MMD -MP -MF"Core/Src/SIgnalManager/InputTrigger.d" -MT"Core/Src/SIgnalManager/InputTrigger.o" --specs=nano.specs -mfpu=fpv4-sp-d16 -mfloat-abi=hard -mthumb -o "Core/Src/SIgnalManager/InputTrigger.o"
arm-none-eabi-gcc "../Core/Src/InterruptManager/InterruptManager.c" -mcpu=cortex-m4 -std=gnu11 -g3 -DUSE_ILI9341_SPIDMA -DUSE_HAL_DRIVER -DSTM32G474xx -DUSE_FULL_LL_DRIVER -DDEBUG -c -I"/home/chris/Projects/Embedded/FunctionGeneratorCortexM4_SW/FunctionGeneratorCortexM4_SW_V1/Core/Src/EventManager" -I"/home/chris/Projects/Embedded/FunctionGeneratorCortexM4_SW/WaveTableGeneration/icontables" -I"/home/chris/Projects/Embedded/FunctionGeneratorCortexM4_SW/LogSequenceGeneration" -I"/home/chris/Projects/Embedded/FunctionGeneratorCortexM4_SW/FunctionGeneratorCortexM4_SW_V1/Core/Src/InterruptManager" -I"/home/chris/Projects/Embedded/FunctionGeneratorCortexM4_SW/ILI9341" -I../Drivers/STM32G4xx_HAL_Driver/Inc/Legacy -I"/home/chris/Projects/Embedded/FunctionGeneratorCortexM4_SW/FunctionGeneratorCortexM4_SW_V1/Core/Src/DisplayManager" -I../Drivers/CMSIS/Include -I../Drivers/CMSIS/Device/ST/STM32G4xx/Include -I"/home/chris/Projects/Embedded/FunctionGeneratorCortexM4_SW/FunctionGeneratorCortexM4_SW_V1/Core/Src/SIgnalManager" -I../Core/Inc -I"/home/chris/Projects/Embedded/FunctionGeneratorCortexM4_SW/WaveTableGeneration" -I../Drivers/STM32G4xx_HAL_Driver/Inc -O0 -ffunction-sections -fdata-sections -Wall -fstack-usage -MMD -MP -MF"Core/Src/InterruptManager/InterruptManager.d" -MT"Core/Src/InterruptManager/InterruptManager.o" --specs=nano.specs -mfpu=fpv4-sp-d16 -mfloat-abi=hard -mthumb -o "Core/Src/InterruptManager/InterruptManager.o"
arm-none-eabi-gcc "../Core/Src/EventManager/BiasMenuStateHandler.c" -mcpu=cortex-m4 -std=gnu11 -g3 -DUSE_ILI9341_SPIDMA -DUSE_HAL_DRIVER -DSTM32G474xx -DUSE_FULL_LL_DRIVER -DDEBUG -c -I"/home/chris/Projects/Embedded/FunctionGeneratorCortexM4_SW/FunctionGeneratorCortexM4_SW_V1/Core/Src/EventManager" -I"/home/chris/Projects/Embedded/FunctionGeneratorCortexM4_SW/WaveTableGeneration/icontables" -I"/home/chris/Projects/Embedded/FunctionGeneratorCortexM4_SW/LogSequenceGeneration" -I"/home/chris/Projects/Embedded/FunctionGeneratorCortexM4_SW/FunctionGeneratorCortexM4_SW_V1/Core/Src/InterruptManager" -I"/home/chris/Projects/Embedded/FunctionGeneratorCortexM4_SW/ILI9341" -I../Drivers/STM32G4xx_HAL_Driver/Inc/Legacy -I"/home/chris/Projects/Embedded/FunctionGeneratorCortexM4_SW/FunctionGeneratorCortexM4_SW_V1/Core/Src/DisplayManager" -I../Drivers/CMSIS/Include -I../Drivers/CMSIS/Device/ST/STM32G4xx/Include -I"/home/chris/Projects/Embedded/FunctionGeneratorCortexM4_SW/FunctionGeneratorCortexM4_SW_V1/Core/Src/SIgnalManager" -I../Core/Inc -I"/home/chris/Projects/Embedded/FunctionGeneratorCortexM4_SW/WaveTableGeneration" -I../Drivers/STM32G4xx_HAL_Driver/Inc -O0 -ffunction-sections -fdata-sections -Wall -fstack-usage -MMD -MP -MF"Core/Src/EventManager/BiasMenuStateHandler.d" -MT"Core/Src/EventManager/BiasMenuStateHandler.o" --specs=nano.specs -mfpu=fpv4-sp-d16 -mfloat-abi=hard -mthumb -o "Core/Src/EventManager/BiasMenuStateHandler.o"
arm-none-eabi-gcc "../Core/Src/EventManager/EventManager.c" -mcpu=cortex-m4 -std=gnu11 -g3 -DUSE_ILI9341_SPIDMA -DUSE_HAL_DRIVER -DSTM32G474xx -DUSE_FULL_LL_DRIVER -DDEBUG -c -I"/home/chris/Projects/Embedded/FunctionGeneratorCortexM4_SW/FunctionGeneratorCortexM4_SW_V1/Core/Src/EventManager" -I"/home/chris/Projects/Embedded/FunctionGeneratorCortexM4_SW/WaveTableGeneration/icontables" -I"/home/chris/Projects/Embedded/FunctionGeneratorCortexM4_SW/LogSequenceGeneration" -I"/home/chris/Projects/Embedded/FunctionGeneratorCortexM4_SW/FunctionGeneratorCortexM4_SW_V1/Core/Src/InterruptManager" -I"/home/chris/Projects/Embedded/FunctionGeneratorCortexM4_SW/ILI9341" -I../Drivers/STM32G4xx_HAL_Driver/Inc/Legacy -I"/home/chris/Projects/Embedded/FunctionGeneratorCortexM4_SW/FunctionGeneratorCortexM4_SW_V1/Core/Src/DisplayManager" -I../Drivers/CMSIS/Include -I../Drivers/CMSIS/Device/ST/STM32G4xx/Include -I"/home/chris/Projects/Embedded/FunctionGeneratorCortexM4_SW/FunctionGeneratorCortexM4_SW_V1/Core/Src/SIgnalManager" -I../Core/Inc -I"/home/chris/Projects/Embedded/FunctionGeneratorCortexM4_SW/WaveTableGeneration" -I../Drivers/STM32G4xx_HAL_Driver/Inc -O0 -ffunction-sections -fdata-sections -Wall -fstack-usage -MMD -MP -MF"Core/Src/EventManager/EventManager.d" -MT"Core/Src/EventManager/EventManager.o" --specs=nano.specs -mfpu=fpv4-sp-d16 -mfloat-abi=hard -mthumb -o "Core/Src/EventManager/EventManager.o"
../Core/Src/SIgnalManager/InputTrigger.c: In function 'IT_ArbitrateInputTrigger':
../Core/Src/SIgnalManager/InputTrigger.c:111:23: error: 'DISABLE_volt_measure_store' undeclared (first use in this function); did you mean 'volt_measure_store'?
   IT_SetTriggerStatus(DISABLE_volt_measure_store);
                       ^~~~~~~~~~~~~~~~~~~~~~~~~~
                       volt_measure_store
../Core/Src/SIgnalManager/InputTrigger.c:111:23: note: each undeclared identifier is reported only once for each function it appears in
make: *** [Core/Src/SIgnalManager/subdir.mk:49: Core/Src/SIgnalManager/InputTrigger.o] Error 1
make: *** Waiting for unfinished jobs....
"make -j4 all" terminated with exit code 2. Build might be incomplete.
02:03:33 **** Incremental Build of configuration Debug for project FunctionGeneratorCortexM4_SW_V1 ****
make -j4 all 
arm-none-eabi-gcc "../Core/Src/SIgnalManager/InputTrigger.c" -mcpu=cortex-m4 -std=gnu11 -g3 -DUSE_ILI9341_SPIDMA -DUSE_HAL_DRIVER -DSTM32G474xx -DUSE_FULL_LL_DRIVER -DDEBUG -c -I"/home/chris/Projects/Embedded/FunctionGeneratorCortexM4_SW/FunctionGeneratorCortexM4_SW_V1/Core/Src/EventManager" -I"/home/chris/Projects/Embedded/FunctionGeneratorCortexM4_SW/WaveTableGeneration/icontables" -I"/home/chris/Projects/Embedded/FunctionGeneratorCortexM4_SW/LogSequenceGeneration" -I"/home/chris/Projects/Embedded/FunctionGeneratorCortexM4_SW/FunctionGeneratorCortexM4_SW_V1/Core/Src/InterruptManager" -I"/home/chris/Projects/Embedded/FunctionGeneratorCortexM4_SW/ILI9341" -I../Drivers/STM32G4xx_HAL_Driver/Inc/Legacy -I"/home/chris/Projects/Embedded/FunctionGeneratorCortexM4_SW/FunctionGeneratorCortexM4_SW_V1/Core/Src/DisplayManager" -I../Drivers/CMSIS/Include -I../Drivers/CMSIS/Device/ST/STM32G4xx/Include -I"/home/chris/Projects/Embedded/FunctionGeneratorCortexM4_SW/FunctionGeneratorCortexM4_SW_V1/Core/Src/SIgnalManager" -I../Core/Inc -I"/home/chris/Projects/Embedded/FunctionGeneratorCortexM4_SW/WaveTableGeneration" -I../Drivers/STM32G4xx_HAL_Driver/Inc -O0 -ffunction-sections -fdata-sections -Wall -fstack-usage -MMD -MP -MF"Core/Src/SIgnalManager/InputTrigger.d" -MT"Core/Src/SIgnalManager/InputTrigger.o" --specs=nano.specs -mfpu=fpv4-sp-d16 -mfloat-abi=hard -mthumb -o "Core/Src/SIgnalManager/InputTrigger.o"
arm-none-eabi-gcc "../Core/Src/EventManager/FreqMenuStateHandler.c" -mcpu=cortex-m4 -std=gnu11 -g3 -DUSE_ILI9341_SPIDMA -DUSE_HAL_DRIVER -DSTM32G474xx -DUSE_FULL_LL_DRIVER -DDEBUG -c -I"/home/chris/Projects/Embedded/FunctionGeneratorCortexM4_SW/FunctionGeneratorCortexM4_SW_V1/Core/Src/EventManager" -I"/home/chris/Projects/Embedded/FunctionGeneratorCortexM4_SW/WaveTableGeneration/icontables" -I"/home/chris/Projects/Embedded/FunctionGeneratorCortexM4_SW/LogSequenceGeneration" -I"/home/chris/Projects/Embedded/FunctionGeneratorCortexM4_SW/FunctionGeneratorCortexM4_SW_V1/Core/Src/InterruptManager" -I"/home/chris/Projects/Embedded/FunctionGeneratorCortexM4_SW/ILI9341" -I../Drivers/STM32G4xx_HAL_Driver/Inc/Legacy -I"/home/chris/Projects/Embedded/FunctionGeneratorCortexM4_SW/FunctionGeneratorCortexM4_SW_V1/Core/Src/DisplayManager" -I../Drivers/CMSIS/Include -I../Drivers/CMSIS/Device/ST/STM32G4xx/Include -I"/home/chris/Projects/Embedded/FunctionGeneratorCortexM4_SW/FunctionGeneratorCortexM4_SW_V1/Core/Src/SIgnalManager" -I../Core/Inc -I"/home/chris/Projects/Embedded/FunctionGeneratorCortexM4_SW/WaveTableGeneration" -I../Drivers/STM32G4xx_HAL_Driver/Inc -O0 -ffunction-sections -fdata-sections -Wall -fstack-usage -MMD -MP -MF"Core/Src/EventManager/FreqMenuStateHandler.d" -MT"Core/Src/EventManager/FreqMenuStateHandler.o" --specs=nano.specs -mfpu=fpv4-sp-d16 -mfloat-abi=hard -mthumb -o "Core/Src/EventManager/FreqMenuStateHandler.o"
arm-none-eabi-gcc "../Core/Src/EventManager/FuncMenuStateHandler.c" -mcpu=cortex-m4 -std=gnu11 -g3 -DUSE_ILI9341_SPIDMA -DUSE_HAL_DRIVER -DSTM32G474xx -DUSE_FULL_LL_DRIVER -DDEBUG -c -I"/home/chris/Projects/Embedded/FunctionGeneratorCortexM4_SW/FunctionGeneratorCortexM4_SW_V1/Core/Src/EventManager" -I"/home/chris/Projects/Embedded/FunctionGeneratorCortexM4_SW/WaveTableGeneration/icontables" -I"/home/chris/Projects/Embedded/FunctionGeneratorCortexM4_SW/LogSequenceGeneration" -I"/home/chris/Projects/Embedded/FunctionGeneratorCortexM4_SW/FunctionGeneratorCortexM4_SW_V1/Core/Src/InterruptManager" -I"/home/chris/Projects/Embedded/FunctionGeneratorCortexM4_SW/ILI9341" -I../Drivers/STM32G4xx_HAL_Driver/Inc/Legacy -I"/home/chris/Projects/Embedded/FunctionGeneratorCortexM4_SW/FunctionGeneratorCortexM4_SW_V1/Core/Src/DisplayManager" -I../Drivers/CMSIS/Include -I../Drivers/CMSIS/Device/ST/STM32G4xx/Include -I"/home/chris/Projects/Embedded/FunctionGeneratorCortexM4_SW/FunctionGeneratorCortexM4_SW_V1/Core/Src/SIgnalManager" -I../Core/Inc -I"/home/chris/Projects/Embedded/FunctionGeneratorCortexM4_SW/WaveTableGeneration" -I../Drivers/STM32G4xx_HAL_Driver/Inc -O0 -ffunction-sections -fdata-sections -Wall -fstack-usage -MMD -MP -MF"Core/Src/EventManager/FuncMenuStateHandler.d" -MT"Core/Src/EventManager/FuncMenuStateHandler.o" --specs=nano.specs -mfpu=fpv4-sp-d16 -mfloat-abi=hard -mthumb -o "Core/Src/EventManager/FuncMenuStateHandler.o"
arm-none-eabi-gcc "../Core/Src/EventManager/GainMenuStateHandler.c" -mcpu=cortex-m4 -std=gnu11 -g3 -DUSE_ILI9341_SPIDMA -DUSE_HAL_DRIVER -DSTM32G474xx -DUSE_FULL_LL_DRIVER -DDEBUG -c -I"/home/chris/Projects/Embedded/FunctionGeneratorCortexM4_SW/FunctionGeneratorCortexM4_SW_V1/Core/Src/EventManager" -I"/home/chris/Projects/Embedded/FunctionGeneratorCortexM4_SW/WaveTableGeneration/icontables" -I"/home/chris/Projects/Embedded/FunctionGeneratorCortexM4_SW/LogSequenceGeneration" -I"/home/chris/Projects/Embedded/FunctionGeneratorCortexM4_SW/FunctionGeneratorCortexM4_SW_V1/Core/Src/InterruptManager" -I"/home/chris/Projects/Embedded/FunctionGeneratorCortexM4_SW/ILI9341" -I../Drivers/STM32G4xx_HAL_Driver/Inc/Legacy -I"/home/chris/Projects/Embedded/FunctionGeneratorCortexM4_SW/FunctionGeneratorCortexM4_SW_V1/Core/Src/DisplayManager" -I../Drivers/CMSIS/Include -I../Drivers/CMSIS/Device/ST/STM32G4xx/Include -I"/home/chris/Projects/Embedded/FunctionGeneratorCortexM4_SW/FunctionGeneratorCortexM4_SW_V1/Core/Src/SIgnalManager" -I../Core/Inc -I"/home/chris/Projects/Embedded/FunctionGeneratorCortexM4_SW/WaveTableGeneration" -I../Drivers/STM32G4xx_HAL_Driver/Inc -O0 -ffunction-sections -fdata-sections -Wall -fstack-usage -MMD -MP -MF"Core/Src/EventManager/GainMenuStateHandler.d" -MT"Core/Src/EventManager/GainMenuStateHandler.o" --specs=nano.specs -mfpu=fpv4-sp-d16 -mfloat-abi=hard -mthumb -o "Core/Src/EventManager/GainMenuStateHandler.o"
arm-none-eabi-gcc "../Core/Src/EventManager/ToplevelMenuStateHandler.c" -mcpu=cortex-m4 -std=gnu11 -g3 -DUSE_ILI9341_SPIDMA -DUSE_HAL_DRIVER -DSTM32G474xx -DUSE_FULL_LL_DRIVER -DDEBUG -c -I"/home/chris/Projects/Embedded/FunctionGeneratorCortexM4_SW/FunctionGeneratorCortexM4_SW_V1/Core/Src/EventManager" -I"/home/chris/Projects/Embedded/FunctionGeneratorCortexM4_SW/WaveTableGeneration/icontables" -I"/home/chris/Projects/Embedded/FunctionGeneratorCortexM4_SW/LogSequenceGeneration" -I"/home/chris/Projects/Embedded/FunctionGeneratorCortexM4_SW/FunctionGeneratorCortexM4_SW_V1/Core/Src/InterruptManager" -I"/home/chris/Projects/Embedded/FunctionGeneratorCortexM4_SW/ILI9341" -I../Drivers/STM32G4xx_HAL_Driver/Inc/Legacy -I"/home/chris/Projects/Embedded/FunctionGeneratorCortexM4_SW/FunctionGeneratorCortexM4_SW_V1/Core/Src/DisplayManager" -I../Drivers/CMSIS/Include -I../Drivers/CMSIS/Device/ST/STM32G4xx/Include -I"/home/chris/Projects/Embedded/FunctionGeneratorCortexM4_SW/FunctionGeneratorCortexM4_SW_V1/Core/Src/SIgnalManager" -I../Core/Inc -I"/home/chris/Projects/Embedded/FunctionGeneratorCortexM4_SW/WaveTableGeneration" -I../Drivers/STM32G4xx_HAL_Driver/Inc -O0 -ffunction-sections -fdata-sections -Wall -fstack-usage -MMD -MP -MF"Core/Src/EventManager/ToplevelMenuStateHandler.d" -MT"Core/Src/EventManager/ToplevelMenuStateHandler.o" --specs=nano.specs -mfpu=fpv4-sp-d16 -mfloat-abi=hard -mthumb -o "Core/Src/EventManager/ToplevelMenuStateHandler.o"
arm-none-eabi-gcc "../Core/Src/DisplayManager/BiasMenus.c" -mcpu=cortex-m4 -std=gnu11 -g3 -DUSE_ILI9341_SPIDMA -DUSE_HAL_DRIVER -DSTM32G474xx -DUSE_FULL_LL_DRIVER -DDEBUG -c -I"/home/chris/Projects/Embedded/FunctionGeneratorCortexM4_SW/FunctionGeneratorCortexM4_SW_V1/Core/Src/EventManager" -I"/home/chris/Projects/Embedded/FunctionGeneratorCortexM4_SW/WaveTableGeneration/icontables" -I"/home/chris/Projects/Embedded/FunctionGeneratorCortexM4_SW/LogSequenceGeneration" -I"/home/chris/Projects/Embedded/FunctionGeneratorCortexM4_SW/FunctionGeneratorCortexM4_SW_V1/Core/Src/InterruptManager" -I"/home/chris/Projects/Embedded/FunctionGeneratorCortexM4_SW/ILI9341" -I../Drivers/STM32G4xx_HAL_Driver/Inc/Legacy -I"/home/chris/Projects/Embedded/FunctionGeneratorCortexM4_SW/FunctionGeneratorCortexM4_SW_V1/Core/Src/DisplayManager" -I../Drivers/CMSIS/Include -I../Drivers/CMSIS/Device/ST/STM32G4xx/Include -I"/home/chris/Projects/Embedded/FunctionGeneratorCortexM4_SW/FunctionGeneratorCortexM4_SW_V1/Core/Src/SIgnalManager" -I../Core/Inc -I"/home/chris/Projects/Embedded/FunctionGeneratorCortexM4_SW/WaveTableGeneration" -I../Drivers/STM32G4xx_HAL_Driver/Inc -O0 -ffunction-sections -fdata-sections -Wall -fstack-usage -MMD -MP -MF"Core/Src/DisplayManager/BiasMenus.d" -MT"Core/Src/DisplayManager/BiasMenus.o" --specs=nano.specs -mfpu=fpv4-sp-d16 -mfloat-abi=hard -mthumb -o "Core/Src/DisplayManager/BiasMenus.o"
arm-none-eabi-gcc "../Core/Src/DisplayManager/DisplayManager.c" -mcpu=cortex-m4 -std=gnu11 -g3 -DUSE_ILI9341_SPIDMA -DUSE_HAL_DRIVER -DSTM32G474xx -DUSE_FULL_LL_DRIVER -DDEBUG -c -I"/home/chris/Projects/Embedded/FunctionGeneratorCortexM4_SW/FunctionGeneratorCortexM4_SW_V1/Core/Src/EventManager" -I"/home/chris/Projects/Embedded/FunctionGeneratorCortexM4_SW/WaveTableGeneration/icontables" -I"/home/chris/Projects/Embedded/FunctionGeneratorCortexM4_SW/LogSequenceGeneration" -I"/home/chris/Projects/Embedded/FunctionGeneratorCortexM4_SW/FunctionGeneratorCortexM4_SW_V1/Core/Src/InterruptManager" -I"/home/chris/Projects/Embedded/FunctionGeneratorCortexM4_SW/ILI9341" -I../Drivers/STM32G4xx_HAL_Driver/Inc/Legacy -I"/home/chris/Projects/Embedded/FunctionGeneratorCortexM4_SW/FunctionGeneratorCortexM4_SW_V1/Core/Src/DisplayManager" -I../Drivers/CMSIS/Include -I../Drivers/CMSIS/Device/ST/STM32G4xx/Include -I"/home/chris/Projects/Embedded/FunctionGeneratorCortexM4_SW/FunctionGeneratorCortexM4_SW_V1/Core/Src/SIgnalManager" -I../Core/Inc -I"/home/chris/Projects/Embedded/FunctionGeneratorCortexM4_SW/WaveTableGeneration" -I../Drivers/STM32G4xx_HAL_Driver/Inc -O0 -ffunction-sections -fdata-sections -Wall -fstack-usage -MMD -MP -MF"Core/Src/DisplayManager/DisplayManager.d" -MT"Core/Src/DisplayManager/DisplayManager.o" --specs=nano.specs -mfpu=fpv4-sp-d16 -mfloat-abi=hard -mthumb -o "Core/Src/DisplayManager/DisplayManager.o"
arm-none-eabi-gcc "../Core/Src/DisplayManager/FreqMenus.c" -mcpu=cortex-m4 -std=gnu11 -g3 -DUSE_ILI9341_SPIDMA -DUSE_HAL_DRIVER -DSTM32G474xx -DUSE_FULL_LL_DRIVER -DDEBUG -c -I"/home/chris/Projects/Embedded/FunctionGeneratorCortexM4_SW/FunctionGeneratorCortexM4_SW_V1/Core/Src/EventManager" -I"/home/chris/Projects/Embedded/FunctionGeneratorCortexM4_SW/WaveTableGeneration/icontables" -I"/home/chris/Projects/Embedded/FunctionGeneratorCortexM4_SW/LogSequenceGeneration" -I"/home/chris/Projects/Embedded/FunctionGeneratorCortexM4_SW/FunctionGeneratorCortexM4_SW_V1/Core/Src/InterruptManager" -I"/home/chris/Projects/Embedded/FunctionGeneratorCortexM4_SW/ILI9341" -I../Drivers/STM32G4xx_HAL_Driver/Inc/Legacy -I"/home/chris/Projects/Embedded/FunctionGeneratorCortexM4_SW/FunctionGeneratorCortexM4_SW_V1/Core/Src/DisplayManager" -I../Drivers/CMSIS/Include -I../Drivers/CMSIS/Device/ST/STM32G4xx/Include -I"/home/chris/Projects/Embedded/FunctionGeneratorCortexM4_SW/FunctionGeneratorCortexM4_SW_V1/Core/Src/SIgnalManager" -I../Core/Inc -I"/home/chris/Projects/Embedded/FunctionGeneratorCortexM4_SW/WaveTableGeneration" -I../Drivers/STM32G4xx_HAL_Driver/Inc -O0 -ffunction-sections -fdata-sections -Wall -fstack-usage -MMD -MP -MF"Core/Src/DisplayManager/FreqMenus.d" -MT"Core/Src/DisplayManager/FreqMenus.o" --specs=nano.specs -mfpu=fpv4-sp-d16 -mfloat-abi=hard -mthumb -o "Core/Src/DisplayManager/FreqMenus.o"
arm-none-eabi-gcc "../Core/Src/DisplayManager/FuncMenus.c" -mcpu=cortex-m4 -std=gnu11 -g3 -DUSE_ILI9341_SPIDMA -DUSE_HAL_DRIVER -DSTM32G474xx -DUSE_FULL_LL_DRIVER -DDEBUG -c -I"/home/chris/Projects/Embedded/FunctionGeneratorCortexM4_SW/FunctionGeneratorCortexM4_SW_V1/Core/Src/EventManager" -I"/home/chris/Projects/Embedded/FunctionGeneratorCortexM4_SW/WaveTableGeneration/icontables" -I"/home/chris/Projects/Embedded/FunctionGeneratorCortexM4_SW/LogSequenceGeneration" -I"/home/chris/Projects/Embedded/FunctionGeneratorCortexM4_SW/FunctionGeneratorCortexM4_SW_V1/Core/Src/InterruptManager" -I"/home/chris/Projects/Embedded/FunctionGeneratorCortexM4_SW/ILI9341" -I../Drivers/STM32G4xx_HAL_Driver/Inc/Legacy -I"/home/chris/Projects/Embedded/FunctionGeneratorCortexM4_SW/FunctionGeneratorCortexM4_SW_V1/Core/Src/DisplayManager" -I../Drivers/CMSIS/Include -I../Drivers/CMSIS/Device/ST/STM32G4xx/Include -I"/home/chris/Projects/Embedded/FunctionGeneratorCortexM4_SW/FunctionGeneratorCortexM4_SW_V1/Core/Src/SIgnalManager" -I../Core/Inc -I"/home/chris/Projects/Embedded/FunctionGeneratorCortexM4_SW/WaveTableGeneration" -I../Drivers/STM32G4xx_HAL_Driver/Inc -O0 -ffunction-sections -fdata-sections -Wall -fstack-usage -MMD -MP -MF"Core/Src/DisplayManager/FuncMenus.d" -MT"Core/Src/DisplayManager/FuncMenus.o" --specs=nano.specs -mfpu=fpv4-sp-d16 -mfloat-abi=hard -mthumb -o "Core/Src/DisplayManager/FuncMenus.o"
arm-none-eabi-gcc "../Core/Src/DisplayManager/GainMenus.c" -mcpu=cortex-m4 -std=gnu11 -g3 -DUSE_ILI9341_SPIDMA -DUSE_HAL_DRIVER -DSTM32G474xx -DUSE_FULL_LL_DRIVER -DDEBUG -c -I"/home/chris/Projects/Embedded/FunctionGeneratorCortexM4_SW/FunctionGeneratorCortexM4_SW_V1/Core/Src/EventManager" -I"/home/chris/Projects/Embedded/FunctionGeneratorCortexM4_SW/WaveTableGeneration/icontables" -I"/home/chris/Projects/Embedded/FunctionGeneratorCortexM4_SW/LogSequenceGeneration" -I"/home/chris/Projects/Embedded/FunctionGeneratorCortexM4_SW/FunctionGeneratorCortexM4_SW_V1/Core/Src/InterruptManager" -I"/home/chris/Projects/Embedded/FunctionGeneratorCortexM4_SW/ILI9341" -I../Drivers/STM32G4xx_HAL_Driver/Inc/Legacy -I"/home/chris/Projects/Embedded/FunctionGeneratorCortexM4_SW/FunctionGeneratorCortexM4_SW_V1/Core/Src/DisplayManager" -I../Drivers/CMSIS/Include -I../Drivers/CMSIS/Device/ST/STM32G4xx/Include -I"/home/chris/Projects/Embedded/FunctionGeneratorCortexM4_SW/FunctionGeneratorCortexM4_SW_V1/Core/Src/SIgnalManager" -I../Core/Inc -I"/home/chris/Projects/Embedded/FunctionGeneratorCortexM4_SW/WaveTableGeneration" -I../Drivers/STM32G4xx_HAL_Driver/Inc -O0 -ffunction-sections -fdata-sections -Wall -fstack-usage -MMD -MP -MF"Core/Src/DisplayManager/GainMenus.d" -MT"Core/Src/DisplayManager/GainMenus.o" --specs=nano.specs -mfpu=fpv4-sp-d16 -mfloat-abi=hard -mthumb -o "Core/Src/DisplayManager/GainMenus.o"
arm-none-eabi-gcc "../Core/Src/DisplayManager/ToplevelMenus.c" -mcpu=cortex-m4 -std=gnu11 -g3 -DUSE_ILI9341_SPIDMA -DUSE_HAL_DRIVER -DSTM32G474xx -DUSE_FULL_LL_DRIVER -DDEBUG -c -I"/home/chris/Projects/Embedded/FunctionGeneratorCortexM4_SW/FunctionGeneratorCortexM4_SW_V1/Core/Src/EventManager" -I"/home/chris/Projects/Embedded/FunctionGeneratorCortexM4_SW/WaveTableGeneration/icontables" -I"/home/chris/Projects/Embedded/FunctionGeneratorCortexM4_SW/LogSequenceGeneration" -I"/home/chris/Projects/Embedded/FunctionGeneratorCortexM4_SW/FunctionGeneratorCortexM4_SW_V1/Core/Src/InterruptManager" -I"/home/chris/Projects/Embedded/FunctionGeneratorCortexM4_SW/ILI9341" -I../Drivers/STM32G4xx_HAL_Driver/Inc/Legacy -I"/home/chris/Projects/Embedded/FunctionGeneratorCortexM4_SW/FunctionGeneratorCortexM4_SW_V1/Core/Src/DisplayManager" -I../Drivers/CMSIS/Include -I../Drivers/CMSIS/Device/ST/STM32G4xx/Include -I"/home/chris/Projects/Embedded/FunctionGeneratorCortexM4_SW/FunctionGeneratorCortexM4_SW_V1/Core/Src/SIgnalManager" -I../Core/Inc -I"/home/chris/Projects/Embedded/FunctionGeneratorCortexM4_SW/WaveTableGeneration" -I../Drivers/STM32G4xx_HAL_Driver/Inc -O0 -ffunction-sections -fdata-sections -Wall -fstack-usage -MMD -MP -MF"Core/Src/DisplayManager/ToplevelMenus.d" -MT"Core/Src/DisplayManager/ToplevelMenus.o" --specs=nano.specs -mfpu=fpv4-sp-d16 -mfloat-abi=hard -mthumb -o "Core/Src/DisplayManager/ToplevelMenus.o"
arm-none-eabi-gcc "../Core/Src/main.c" -mcpu=cortex-m4 -std=gnu11 -g3 -DUSE_ILI9341_SPIDMA -DUSE_HAL_DRIVER -DSTM32G474xx -DUSE_FULL_LL_DRIVER -DDEBUG -c -I"/home/chris/Projects/Embedded/FunctionGeneratorCortexM4_SW/FunctionGeneratorCortexM4_SW_V1/Core/Src/EventManager" -I"/home/chris/Projects/Embedded/FunctionGeneratorCortexM4_SW/WaveTableGeneration/icontables" -I"/home/chris/Projects/Embedded/FunctionGeneratorCortexM4_SW/LogSequenceGeneration" -I"/home/chris/Projects/Embedded/FunctionGeneratorCortexM4_SW/FunctionGeneratorCortexM4_SW_V1/Core/Src/InterruptManager" -I"/home/chris/Projects/Embedded/FunctionGeneratorCortexM4_SW/ILI9341" -I../Drivers/STM32G4xx_HAL_Driver/Inc/Legacy -I"/home/chris/Projects/Embedded/FunctionGeneratorCortexM4_SW/FunctionGeneratorCortexM4_SW_V1/Core/Src/DisplayManager" -I../Drivers/CMSIS/Include -I../Drivers/CMSIS/Device/ST/STM32G4xx/Include -I"/home/chris/Projects/Embedded/FunctionGeneratorCortexM4_SW/FunctionGeneratorCortexM4_SW_V1/Core/Src/SIgnalManager" -I../Core/Inc -I"/home/chris/Projects/Embedded/FunctionGeneratorCortexM4_SW/WaveTableGeneration" -I../Drivers/STM32G4xx_HAL_Driver/Inc -O0 -ffunction-sections -fdata-sections -Wall -fstack-usage -MMD -MP -MF"Core/Src/main.d" -MT"Core/Src/main.o" --specs=nano.specs -mfpu=fpv4-sp-d16 -mfloat-abi=hard -mthumb -o "Core/Src/main.o"
arm-none-eabi-gcc "../Core/Src/stm32g4xx_it.c" -mcpu=cortex-m4 -std=gnu11 -g3 -DUSE_ILI9341_SPIDMA -DUSE_HAL_DRIVER -DSTM32G474xx -DUSE_FULL_LL_DRIVER -DDEBUG -c -I"/home/chris/Projects/Embedded/FunctionGeneratorCortexM4_SW/FunctionGeneratorCortexM4_SW_V1/Core/Src/EventManager" -I"/home/chris/Projects/Embedded/FunctionGeneratorCortexM4_SW/WaveTableGeneration/icontables" -I"/home/chris/Projects/Embedded/FunctionGeneratorCortexM4_SW/LogSequenceGeneration" -I"/home/chris/Projects/Embedded/FunctionGeneratorCortexM4_SW/FunctionGeneratorCortexM4_SW_V1/Core/Src/InterruptManager" -I"/home/chris/Projects/Embedded/FunctionGeneratorCortexM4_SW/ILI9341" -I../Drivers/STM32G4xx_HAL_Driver/Inc/Legacy -I"/home/chris/Projects/Embedded/FunctionGeneratorCortexM4_SW/FunctionGeneratorCortexM4_SW_V1/Core/Src/DisplayManager" -I../Drivers/CMSIS/Include -I../Drivers/CMSIS/Device/ST/STM32G4xx/Include -I"/home/chris/Projects/Embedded/FunctionGeneratorCortexM4_SW/FunctionGeneratorCortexM4_SW_V1/Core/Src/SIgnalManager" -I../Core/Inc -I"/home/chris/Projects/Embedded/FunctionGeneratorCortexM4_SW/WaveTableGeneration" -I../Drivers/STM32G4xx_HAL_Driver/Inc -O0 -ffunction-sections -fdata-sections -Wall -fstack-usage -MMD -MP -MF"Core/Src/stm32g4xx_it.d" -MT"Core/Src/stm32g4xx_it.o" --specs=nano.specs -mfpu=fpv4-sp-d16 -mfloat-abi=hard -mthumb -o "Core/Src/stm32g4xx_it.o"
arm-none-eabi-gcc -o "FunctionGeneratorCortexM4_SW_V1.elf" @"objects.list"   -mcpu=cortex-m4 -T"/home/chris/Projects/Embedded/FunctionGeneratorCortexM4_SW/FunctionGeneratorCortexM4_SW_V1/STM32G474RETX_FLASH.ld" --specs=nosys.specs -Wl,-Map="FunctionGeneratorCortexM4_SW_V1.map" -Wl,--gc-sections -static --specs=nano.specs -mfpu=fpv4-sp-d16 -mfloat-abi=hard -mthumb -u _printf_float -Wl,--start-group -lc -lm -Wl,--end-group
Finished building target: FunctionGeneratorCortexM4_SW_V1.elf
 
arm-none-eabi-objdump -h -S  FunctionGeneratorCortexM4_SW_V1.elf  > "FunctionGeneratorCortexM4_SW_V1.list"
arm-none-eabi-objcopy  -O binary  FunctionGeneratorCortexM4_SW_V1.elf  "FunctionGeneratorCortexM4_SW_V1.bin"
arm-none-eabi-size   FunctionGeneratorCortexM4_SW_V1.elf 
   text	   data	    bss	    dec	    hex	filename
  94052	   8180	   4604	 106836	  1a154	FunctionGeneratorCortexM4_SW_V1.elf
Finished building: default.size.stdout
 
Finished building: FunctionGeneratorCortexM4_SW_V1.bin
 
Finished building: FunctionGeneratorCortexM4_SW_V1.list
 
02:04:14 **** Incremental Build of configuration Debug for project FunctionGeneratorCortexM4_SW_V1 ****
make -j4 all 
arm-none-eabi-gcc "../Core/Src/SIgnalManager/InputTrigger.c" -mcpu=cortex-m4 -std=gnu11 -g3 -DUSE_ILI9341_SPIDMA -DUSE_HAL_DRIVER -DSTM32G474xx -DUSE_FULL_LL_DRIVER -DDEBUG -c -I"/home/chris/Projects/Embedded/FunctionGeneratorCortexM4_SW/FunctionGeneratorCortexM4_SW_V1/Core/Src/EventManager" -I"/home/chris/Projects/Embedded/FunctionGeneratorCortexM4_SW/WaveTableGeneration/icontables" -I"/home/chris/Projects/Embedded/FunctionGeneratorCortexM4_SW/LogSequenceGeneration" -I"/home/chris/Projects/Embedded/FunctionGeneratorCortexM4_SW/FunctionGeneratorCortexM4_SW_V1/Core/Src/InterruptManager" -I"/home/chris/Projects/Embedded/FunctionGeneratorCortexM4_SW/ILI9341" -I../Drivers/STM32G4xx_HAL_Driver/Inc/Legacy -I"/home/chris/Projects/Embedded/FunctionGeneratorCortexM4_SW/FunctionGeneratorCortexM4_SW_V1/Core/Src/DisplayManager" -I../Drivers/CMSIS/Include -I../Drivers/CMSIS/Device/ST/STM32G4xx/Include -I"/home/chris/Projects/Embedded/FunctionGeneratorCortexM4_SW/FunctionGeneratorCortexM4_SW_V1/Core/Src/SIgnalManager" -I../Core/Inc -I"/home/chris/Projects/Embedded/FunctionGeneratorCortexM4_SW/WaveTableGeneration" -I../Drivers/STM32G4xx_HAL_Driver/Inc -O0 -ffunction-sections -fdata-sections -Wall -fstack-usage -MMD -MP -MF"Core/Src/SIgnalManager/InputTrigger.d" -MT"Core/Src/SIgnalManager/InputTrigger.o" --specs=nano.specs -mfpu=fpv4-sp-d16 -mfloat-abi=hard -mthumb -o "Core/Src/SIgnalManager/InputTrigger.o"
../Core/Src/SIgnalManager/InputTrigger.c:23:36: error: 'MAX_VOLT_MEASURE_STORE' undeclared here (not in a function); did you mean 'MAX_ADCSTEPS_MEASURE_STORE'?
 uint32_t    adcsteps_measure_store[MAX_VOLT_MEASURE_STORE] = {};
                                    ^~~~~~~~~~~~~~~~~~~~~~
                                    MAX_ADCSTEPS_MEASURE_STORE
../Core/Src/SIgnalManager/InputTrigger.c:23:62: error: empty scalar initializer
 uint32_t    adcsteps_measure_store[MAX_VOLT_MEASURE_STORE] = {};
                                                              ^
../Core/Src/SIgnalManager/InputTrigger.c:23:62: note: (near initialization for 'adcsteps_measure_store')
../Core/Src/SIgnalManager/InputTrigger.c: In function 'IT_ArbitrateInputTrigger':
../Core/Src/SIgnalManager/InputTrigger.c:176:31: error: 'volt_measure_store' undeclared (first use in this function); did you mean 'adcsteps_measure_store'?
     HAL_ADC_Start_DMA(&hadc1, volt_measure_store, MAX_VOLT_MEASURE_STORE);
                               ^~~~~~~~~~~~~~~~~~
                               adcsteps_measure_store
../Core/Src/SIgnalManager/InputTrigger.c:176:31: note: each undeclared identifier is reported only once for each function it appears in
../Core/Src/SIgnalManager/InputTrigger.c: In function 'HAL_ADC_ConvCpltCallback':
../Core/Src/SIgnalManager/InputTrigger.c:267:27: error: 'volt_measure_store' undeclared (first use in this function); did you mean 'adcsteps_measure_store'?
   avg_adcsteps_measure += volt_measure_store[x];
                           ^~~~~~~~~~~~~~~~~~
                           adcsteps_measure_store
make: *** [Core/Src/SIgnalManager/subdir.mk:49: Core/Src/SIgnalManager/InputTrigger.o] Error 1
"make -j4 all" terminated with exit code 2. Build might be incomplete.
02:04:37 **** Incremental Build of configuration Debug for project FunctionGeneratorCortexM4_SW_V1 ****
make -j4 all 
arm-none-eabi-gcc "../Core/Src/SIgnalManager/InputTrigger.c" -mcpu=cortex-m4 -std=gnu11 -g3 -DUSE_ILI9341_SPIDMA -DUSE_HAL_DRIVER -DSTM32G474xx -DUSE_FULL_LL_DRIVER -DDEBUG -c -I"/home/chris/Projects/Embedded/FunctionGeneratorCortexM4_SW/FunctionGeneratorCortexM4_SW_V1/Core/Src/EventManager" -I"/home/chris/Projects/Embedded/FunctionGeneratorCortexM4_SW/WaveTableGeneration/icontables" -I"/home/chris/Projects/Embedded/FunctionGeneratorCortexM4_SW/LogSequenceGeneration" -I"/home/chris/Projects/Embedded/FunctionGeneratorCortexM4_SW/FunctionGeneratorCortexM4_SW_V1/Core/Src/InterruptManager" -I"/home/chris/Projects/Embedded/FunctionGeneratorCortexM4_SW/ILI9341" -I../Drivers/STM32G4xx_HAL_Driver/Inc/Legacy -I"/home/chris/Projects/Embedded/FunctionGeneratorCortexM4_SW/FunctionGeneratorCortexM4_SW_V1/Core/Src/DisplayManager" -I../Drivers/CMSIS/Include -I../Drivers/CMSIS/Device/ST/STM32G4xx/Include -I"/home/chris/Projects/Embedded/FunctionGeneratorCortexM4_SW/FunctionGeneratorCortexM4_SW_V1/Core/Src/SIgnalManager" -I../Core/Inc -I"/home/chris/Projects/Embedded/FunctionGeneratorCortexM4_SW/WaveTableGeneration" -I../Drivers/STM32G4xx_HAL_Driver/Inc -O0 -ffunction-sections -fdata-sections -Wall -fstack-usage -MMD -MP -MF"Core/Src/SIgnalManager/InputTrigger.d" -MT"Core/Src/SIgnalManager/InputTrigger.o" --specs=nano.specs -mfpu=fpv4-sp-d16 -mfloat-abi=hard -mthumb -o "Core/Src/SIgnalManager/InputTrigger.o"
../Core/Src/SIgnalManager/InputTrigger.c: In function 'IT_ArbitrateInputTrigger':
../Core/Src/SIgnalManager/InputTrigger.c:176:31: error: 'volt_measure_store' undeclared (first use in this function); did you mean 'adcsteps_measure_store'?
     HAL_ADC_Start_DMA(&hadc1, volt_measure_store, MAX_ADCSTEPS_MEASURE_STORE);
                               ^~~~~~~~~~~~~~~~~~
                               adcsteps_measure_store
../Core/Src/SIgnalManager/InputTrigger.c:176:31: note: each undeclared identifier is reported only once for each function it appears in
../Core/Src/SIgnalManager/InputTrigger.c:184:67: error: 'MAX_VOLT_MEASURE_STORE' undeclared (first use in this function); did you mean 'MAX_ADCSTEPS_MEASURE_STORE'?
     HAL_DAC_Start_DMA(&hdac1, DAC1_CHANNEL_1, volt_measure_store, MAX_VOLT_MEASURE_STORE, DAC_ALIGN_12B_R);
                                                                   ^~~~~~~~~~~~~~~~~~~~~~
                                                                   MAX_ADCSTEPS_MEASURE_STORE
../Core/Src/SIgnalManager/InputTrigger.c: In function 'HAL_ADC_ConvCpltCallback':
../Core/Src/SIgnalManager/InputTrigger.c:267:27: error: 'volt_measure_store' undeclared (first use in this function); did you mean 'adcsteps_measure_store'?
   avg_adcsteps_measure += volt_measure_store[x];
                           ^~~~~~~~~~~~~~~~~~
                           adcsteps_measure_store
make: *** [Core/Src/SIgnalManager/subdir.mk:49: Core/Src/SIgnalManager/InputTrigger.o] Error 1
"make -j4 all" terminated with exit code 2. Build might be incomplete.
02:04:48 **** Incremental Build of configuration Debug for project FunctionGeneratorCortexM4_SW_V1 ****
make -j4 all 
arm-none-eabi-gcc "../Core/Src/SIgnalManager/InputTrigger.c" -mcpu=cortex-m4 -std=gnu11 -g3 -DUSE_ILI9341_SPIDMA -DUSE_HAL_DRIVER -DSTM32G474xx -DUSE_FULL_LL_DRIVER -DDEBUG -c -I"/home/chris/Projects/Embedded/FunctionGeneratorCortexM4_SW/FunctionGeneratorCortexM4_SW_V1/Core/Src/EventManager" -I"/home/chris/Projects/Embedded/FunctionGeneratorCortexM4_SW/WaveTableGeneration/icontables" -I"/home/chris/Projects/Embedded/FunctionGeneratorCortexM4_SW/LogSequenceGeneration" -I"/home/chris/Projects/Embedded/FunctionGeneratorCortexM4_SW/FunctionGeneratorCortexM4_SW_V1/Core/Src/InterruptManager" -I"/home/chris/Projects/Embedded/FunctionGeneratorCortexM4_SW/ILI9341" -I../Drivers/STM32G4xx_HAL_Driver/Inc/Legacy -I"/home/chris/Projects/Embedded/FunctionGeneratorCortexM4_SW/FunctionGeneratorCortexM4_SW_V1/Core/Src/DisplayManager" -I../Drivers/CMSIS/Include -I../Drivers/CMSIS/Device/ST/STM32G4xx/Include -I"/home/chris/Projects/Embedded/FunctionGeneratorCortexM4_SW/FunctionGeneratorCortexM4_SW_V1/Core/Src/SIgnalManager" -I../Core/Inc -I"/home/chris/Projects/Embedded/FunctionGeneratorCortexM4_SW/WaveTableGeneration" -I../Drivers/STM32G4xx_HAL_Driver/Inc -O0 -ffunction-sections -fdata-sections -Wall -fstack-usage -MMD -MP -MF"Core/Src/SIgnalManager/InputTrigger.d" -MT"Core/Src/SIgnalManager/InputTrigger.o" --specs=nano.specs -mfpu=fpv4-sp-d16 -mfloat-abi=hard -mthumb -o "Core/Src/SIgnalManager/InputTrigger.o"
../Core/Src/SIgnalManager/InputTrigger.c: In function 'IT_ArbitrateInputTrigger':
../Core/Src/SIgnalManager/InputTrigger.c:176:31: error: 'volt_measure_store' undeclared (first use in this function); did you mean 'adcsteps_measure_store'?
     HAL_ADC_Start_DMA(&hadc1, volt_measure_store, MAX_ADCSTEPS_MEASURE_STORE);
                               ^~~~~~~~~~~~~~~~~~
                               adcsteps_measure_store
../Core/Src/SIgnalManager/InputTrigger.c:176:31: note: each undeclared identifier is reported only once for each function it appears in
../Core/Src/SIgnalManager/InputTrigger.c:184:67: error: 'MAX_VOLT_MEASURE_STORE' undeclared (first use in this function); did you mean 'MAX_ADCSTEPS_MEASURE_STORE'?
     HAL_DAC_Start_DMA(&hdac1, DAC1_CHANNEL_1, volt_measure_store, MAX_VOLT_MEASURE_STORE, DAC_ALIGN_12B_R);
                                                                   ^~~~~~~~~~~~~~~~~~~~~~
                                                                   MAX_ADCSTEPS_MEASURE_STORE
make: *** [Core/Src/SIgnalManager/subdir.mk:49: Core/Src/SIgnalManager/InputTrigger.o] Error 1
"make -j4 all" terminated with exit code 2. Build might be incomplete.
02:05:05 **** Incremental Build of configuration Debug for project FunctionGeneratorCortexM4_SW_V1 ****
make -j4 all 
arm-none-eabi-gcc "../Core/Src/SIgnalManager/InputTrigger.c" -mcpu=cortex-m4 -std=gnu11 -g3 -DUSE_ILI9341_SPIDMA -DUSE_HAL_DRIVER -DSTM32G474xx -DUSE_FULL_LL_DRIVER -DDEBUG -c -I"/home/chris/Projects/Embedded/FunctionGeneratorCortexM4_SW/FunctionGeneratorCortexM4_SW_V1/Core/Src/EventManager" -I"/home/chris/Projects/Embedded/FunctionGeneratorCortexM4_SW/WaveTableGeneration/icontables" -I"/home/chris/Projects/Embedded/FunctionGeneratorCortexM4_SW/LogSequenceGeneration" -I"/home/chris/Projects/Embedded/FunctionGeneratorCortexM4_SW/FunctionGeneratorCortexM4_SW_V1/Core/Src/InterruptManager" -I"/home/chris/Projects/Embedded/FunctionGeneratorCortexM4_SW/ILI9341" -I../Drivers/STM32G4xx_HAL_Driver/Inc/Legacy -I"/home/chris/Projects/Embedded/FunctionGeneratorCortexM4_SW/FunctionGeneratorCortexM4_SW_V1/Core/Src/DisplayManager" -I../Drivers/CMSIS/Include -I../Drivers/CMSIS/Device/ST/STM32G4xx/Include -I"/home/chris/Projects/Embedded/FunctionGeneratorCortexM4_SW/FunctionGeneratorCortexM4_SW_V1/Core/Src/SIgnalManager" -I../Core/Inc -I"/home/chris/Projects/Embedded/FunctionGeneratorCortexM4_SW/WaveTableGeneration" -I../Drivers/STM32G4xx_HAL_Driver/Inc -O0 -ffunction-sections -fdata-sections -Wall -fstack-usage -MMD -MP -MF"Core/Src/SIgnalManager/InputTrigger.d" -MT"Core/Src/SIgnalManager/InputTrigger.o" --specs=nano.specs -mfpu=fpv4-sp-d16 -mfloat-abi=hard -mthumb -o "Core/Src/SIgnalManager/InputTrigger.o"
../Core/Src/SIgnalManager/InputTrigger.c: In function 'IT_ArbitrateInputTrigger':
../Core/Src/SIgnalManager/InputTrigger.c:184:71: error: 'MAX_VOLT_MEASURE_STORE' undeclared (first use in this function); did you mean 'MAX_ADCSTEPS_MEASURE_STORE'?
     HAL_DAC_Start_DMA(&hdac1, DAC1_CHANNEL_1, adcsteps_measure_store, MAX_VOLT_MEASURE_STORE, DAC_ALIGN_12B_R);
                                                                       ^~~~~~~~~~~~~~~~~~~~~~
                                                                       MAX_ADCSTEPS_MEASURE_STORE
../Core/Src/SIgnalManager/InputTrigger.c:184:71: note: each undeclared identifier is reported only once for each function it appears in
make: *** [Core/Src/SIgnalManager/subdir.mk:49: Core/Src/SIgnalManager/InputTrigger.o] Error 1
"make -j4 all" terminated with exit code 2. Build might be incomplete.
02:05:15 **** Incremental Build of configuration Debug for project FunctionGeneratorCortexM4_SW_V1 ****
make -j4 all 
arm-none-eabi-gcc "../Core/Src/SIgnalManager/InputTrigger.c" -mcpu=cortex-m4 -std=gnu11 -g3 -DUSE_ILI9341_SPIDMA -DUSE_HAL_DRIVER -DSTM32G474xx -DUSE_FULL_LL_DRIVER -DDEBUG -c -I"/home/chris/Projects/Embedded/FunctionGeneratorCortexM4_SW/FunctionGeneratorCortexM4_SW_V1/Core/Src/EventManager" -I"/home/chris/Projects/Embedded/FunctionGeneratorCortexM4_SW/WaveTableGeneration/icontables" -I"/home/chris/Projects/Embedded/FunctionGeneratorCortexM4_SW/LogSequenceGeneration" -I"/home/chris/Projects/Embedded/FunctionGeneratorCortexM4_SW/FunctionGeneratorCortexM4_SW_V1/Core/Src/InterruptManager" -I"/home/chris/Projects/Embedded/FunctionGeneratorCortexM4_SW/ILI9341" -I../Drivers/STM32G4xx_HAL_Driver/Inc/Legacy -I"/home/chris/Projects/Embedded/FunctionGeneratorCortexM4_SW/FunctionGeneratorCortexM4_SW_V1/Core/Src/DisplayManager" -I../Drivers/CMSIS/Include -I../Drivers/CMSIS/Device/ST/STM32G4xx/Include -I"/home/chris/Projects/Embedded/FunctionGeneratorCortexM4_SW/FunctionGeneratorCortexM4_SW_V1/Core/Src/SIgnalManager" -I../Core/Inc -I"/home/chris/Projects/Embedded/FunctionGeneratorCortexM4_SW/WaveTableGeneration" -I../Drivers/STM32G4xx_HAL_Driver/Inc -O0 -ffunction-sections -fdata-sections -Wall -fstack-usage -MMD -MP -MF"Core/Src/SIgnalManager/InputTrigger.d" -MT"Core/Src/SIgnalManager/InputTrigger.o" --specs=nano.specs -mfpu=fpv4-sp-d16 -mfloat-abi=hard -mthumb -o "Core/Src/SIgnalManager/InputTrigger.o"
arm-none-eabi-gcc -o "FunctionGeneratorCortexM4_SW_V1.elf" @"objects.list"   -mcpu=cortex-m4 -T"/home/chris/Projects/Embedded/FunctionGeneratorCortexM4_SW/FunctionGeneratorCortexM4_SW_V1/STM32G474RETX_FLASH.ld" --specs=nosys.specs -Wl,-Map="FunctionGeneratorCortexM4_SW_V1.map" -Wl,--gc-sections -static --specs=nano.specs -mfpu=fpv4-sp-d16 -mfloat-abi=hard -mthumb -u _printf_float -Wl,--start-group -lc -lm -Wl,--end-group
Finished building target: FunctionGeneratorCortexM4_SW_V1.elf
 
arm-none-eabi-objdump -h -S  FunctionGeneratorCortexM4_SW_V1.elf  > "FunctionGeneratorCortexM4_SW_V1.list"
arm-none-eabi-objcopy  -O binary  FunctionGeneratorCortexM4_SW_V1.elf  "FunctionGeneratorCortexM4_SW_V1.bin"
arm-none-eabi-size   FunctionGeneratorCortexM4_SW_V1.elf 
   text	   data	    bss	    dec	    hex	filename
  94052	   8180	   4604	 106836	  1a154	FunctionGeneratorCortexM4_SW_V1.elf
Finished building: default.size.stdout
 
Finished building: FunctionGeneratorCortexM4_SW_V1.bin
 
Finished building: FunctionGeneratorCortexM4_SW_V1.list
 
02:06:08 **** Incremental Build of configuration Debug for project FunctionGeneratorCortexM4_SW_V1 ****
make -j4 all 
arm-none-eabi-gcc "../Core/Src/SIgnalManager/InputTrigger.c" -mcpu=cortex-m4 -std=gnu11 -g3 -DUSE_ILI9341_SPIDMA -DUSE_HAL_DRIVER -DSTM32G474xx -DUSE_FULL_LL_DRIVER -DDEBUG -c -I"/home/chris/Projects/Embedded/FunctionGeneratorCortexM4_SW/FunctionGeneratorCortexM4_SW_V1/Core/Src/EventManager" -I"/home/chris/Projects/Embedded/FunctionGeneratorCortexM4_SW/WaveTableGeneration/icontables" -I"/home/chris/Projects/Embedded/FunctionGeneratorCortexM4_SW/LogSequenceGeneration" -I"/home/chris/Projects/Embedded/FunctionGeneratorCortexM4_SW/FunctionGeneratorCortexM4_SW_V1/Core/Src/InterruptManager" -I"/home/chris/Projects/Embedded/FunctionGeneratorCortexM4_SW/ILI9341" -I../Drivers/STM32G4xx_HAL_Driver/Inc/Legacy -I"/home/chris/Projects/Embedded/FunctionGeneratorCortexM4_SW/FunctionGeneratorCortexM4_SW_V1/Core/Src/DisplayManager" -I../Drivers/CMSIS/Include -I../Drivers/CMSIS/Device/ST/STM32G4xx/Include -I"/home/chris/Projects/Embedded/FunctionGeneratorCortexM4_SW/FunctionGeneratorCortexM4_SW_V1/Core/Src/SIgnalManager" -I../Core/Inc -I"/home/chris/Projects/Embedded/FunctionGeneratorCortexM4_SW/WaveTableGeneration" -I../Drivers/STM32G4xx_HAL_Driver/Inc -O0 -ffunction-sections -fdata-sections -Wall -fstack-usage -MMD -MP -MF"Core/Src/SIgnalManager/InputTrigger.d" -MT"Core/Src/SIgnalManager/InputTrigger.o" --specs=nano.specs -mfpu=fpv4-sp-d16 -mfloat-abi=hard -mthumb -o "Core/Src/SIgnalManager/InputTrigger.o"
arm-none-eabi-gcc -o "FunctionGeneratorCortexM4_SW_V1.elf" @"objects.list"   -mcpu=cortex-m4 -T"/home/chris/Projects/Embedded/FunctionGeneratorCortexM4_SW/FunctionGeneratorCortexM4_SW_V1/STM32G474RETX_FLASH.ld" --specs=nosys.specs -Wl,-Map="FunctionGeneratorCortexM4_SW_V1.map" -Wl,--gc-sections -static --specs=nano.specs -mfpu=fpv4-sp-d16 -mfloat-abi=hard -mthumb -u _printf_float -Wl,--start-group -lc -lm -Wl,--end-group
Finished building target: FunctionGeneratorCortexM4_SW_V1.elf
 
arm-none-eabi-objdump -h -S  FunctionGeneratorCortexM4_SW_V1.elf  > "FunctionGeneratorCortexM4_SW_V1.list"
arm-none-eabi-objcopy  -O binary  FunctionGeneratorCortexM4_SW_V1.elf  "FunctionGeneratorCortexM4_SW_V1.bin"
arm-none-eabi-size   FunctionGeneratorCortexM4_SW_V1.elf 
   text	   data	    bss	    dec	    hex	filename
  94052	   8180	   4604	 106836	  1a154	FunctionGeneratorCortexM4_SW_V1.elf
Finished building: default.size.stdout
Finished building: FunctionGeneratorCortexM4_SW_V1.bin
 
 
Finished building: FunctionGeneratorCortexM4_SW_V1.list
 
02:11:00 **** Incremental Build of configuration Debug for project FunctionGeneratorCortexM4_SW_V1 ****
make -j4 all 
arm-none-eabi-gcc "../Core/Src/SIgnalManager/InputTrigger.c" -mcpu=cortex-m4 -std=gnu11 -g3 -DUSE_ILI9341_SPIDMA -DUSE_HAL_DRIVER -DSTM32G474xx -DUSE_FULL_LL_DRIVER -DDEBUG -c -I"/home/chris/Projects/Embedded/FunctionGeneratorCortexM4_SW/FunctionGeneratorCortexM4_SW_V1/Core/Src/EventManager" -I"/home/chris/Projects/Embedded/FunctionGeneratorCortexM4_SW/WaveTableGeneration/icontables" -I"/home/chris/Projects/Embedded/FunctionGeneratorCortexM4_SW/LogSequenceGeneration" -I"/home/chris/Projects/Embedded/FunctionGeneratorCortexM4_SW/FunctionGeneratorCortexM4_SW_V1/Core/Src/InterruptManager" -I"/home/chris/Projects/Embedded/FunctionGeneratorCortexM4_SW/ILI9341" -I../Drivers/STM32G4xx_HAL_Driver/Inc/Legacy -I"/home/chris/Projects/Embedded/FunctionGeneratorCortexM4_SW/FunctionGeneratorCortexM4_SW_V1/Core/Src/DisplayManager" -I../Drivers/CMSIS/Include -I../Drivers/CMSIS/Device/ST/STM32G4xx/Include -I"/home/chris/Projects/Embedded/FunctionGeneratorCortexM4_SW/FunctionGeneratorCortexM4_SW_V1/Core/Src/SIgnalManager" -I../Core/Inc -I"/home/chris/Projects/Embedded/FunctionGeneratorCortexM4_SW/WaveTableGeneration" -I../Drivers/STM32G4xx_HAL_Driver/Inc -O0 -ffunction-sections -fdata-sections -Wall -fstack-usage -MMD -MP -MF"Core/Src/SIgnalManager/InputTrigger.d" -MT"Core/Src/SIgnalManager/InputTrigger.o" --specs=nano.specs -mfpu=fpv4-sp-d16 -mfloat-abi=hard -mthumb -o "Core/Src/SIgnalManager/InputTrigger.o"
arm-none-eabi-gcc -o "FunctionGeneratorCortexM4_SW_V1.elf" @"objects.list"   -mcpu=cortex-m4 -T"/home/chris/Projects/Embedded/FunctionGeneratorCortexM4_SW/FunctionGeneratorCortexM4_SW_V1/STM32G474RETX_FLASH.ld" --specs=nosys.specs -Wl,-Map="FunctionGeneratorCortexM4_SW_V1.map" -Wl,--gc-sections -static --specs=nano.specs -mfpu=fpv4-sp-d16 -mfloat-abi=hard -mthumb -u _printf_float -Wl,--start-group -lc -lm -Wl,--end-group
Finished building target: FunctionGeneratorCortexM4_SW_V1.elf
 
arm-none-eabi-objdump -h -S  FunctionGeneratorCortexM4_SW_V1.elf  > "FunctionGeneratorCortexM4_SW_V1.list"
arm-none-eabi-objcopy  -O binary  FunctionGeneratorCortexM4_SW_V1.elf  "FunctionGeneratorCortexM4_SW_V1.bin"
arm-none-eabi-size   FunctionGeneratorCortexM4_SW_V1.elf 
   text	   data	    bss	    dec	    hex	filename
  94052	   8180	   4604	 106836	  1a154	FunctionGeneratorCortexM4_SW_V1.elf
Finished building: FunctionGeneratorCortexM4_SW_V1.bin
 
Finished building: default.size.stdout
 
Finished building: FunctionGeneratorCortexM4_SW_V1.list
 
02:16:50 **** Incremental Build of configuration Debug for project FunctionGeneratorCortexM4_SW_V1 ****
make -j4 all 
arm-none-eabi-gcc "../Core/Src/SIgnalManager/InputTrigger.c" -mcpu=cortex-m4 -std=gnu11 -g3 -DUSE_ILI9341_SPIDMA -DUSE_HAL_DRIVER -DSTM32G474xx -DUSE_FULL_LL_DRIVER -DDEBUG -c -I"/home/chris/Projects/Embedded/FunctionGeneratorCortexM4_SW/FunctionGeneratorCortexM4_SW_V1/Core/Src/EventManager" -I"/home/chris/Projects/Embedded/FunctionGeneratorCortexM4_SW/WaveTableGeneration/icontables" -I"/home/chris/Projects/Embedded/FunctionGeneratorCortexM4_SW/LogSequenceGeneration" -I"/home/chris/Projects/Embedded/FunctionGeneratorCortexM4_SW/FunctionGeneratorCortexM4_SW_V1/Core/Src/InterruptManager" -I"/home/chris/Projects/Embedded/FunctionGeneratorCortexM4_SW/ILI9341" -I../Drivers/STM32G4xx_HAL_Driver/Inc/Legacy -I"/home/chris/Projects/Embedded/FunctionGeneratorCortexM4_SW/FunctionGeneratorCortexM4_SW_V1/Core/Src/DisplayManager" -I../Drivers/CMSIS/Include -I../Drivers/CMSIS/Device/ST/STM32G4xx/Include -I"/home/chris/Projects/Embedded/FunctionGeneratorCortexM4_SW/FunctionGeneratorCortexM4_SW_V1/Core/Src/SIgnalManager" -I../Core/Inc -I"/home/chris/Projects/Embedded/FunctionGeneratorCortexM4_SW/WaveTableGeneration" -I../Drivers/STM32G4xx_HAL_Driver/Inc -O0 -ffunction-sections -fdata-sections -Wall -fstack-usage -MMD -MP -MF"Core/Src/SIgnalManager/InputTrigger.d" -MT"Core/Src/SIgnalManager/InputTrigger.o" --specs=nano.specs -mfpu=fpv4-sp-d16 -mfloat-abi=hard -mthumb -o "Core/Src/SIgnalManager/InputTrigger.o"
arm-none-eabi-gcc -o "FunctionGeneratorCortexM4_SW_V1.elf" @"objects.list"   -mcpu=cortex-m4 -T"/home/chris/Projects/Embedded/FunctionGeneratorCortexM4_SW/FunctionGeneratorCortexM4_SW_V1/STM32G474RETX_FLASH.ld" --specs=nosys.specs -Wl,-Map="FunctionGeneratorCortexM4_SW_V1.map" -Wl,--gc-sections -static --specs=nano.specs -mfpu=fpv4-sp-d16 -mfloat-abi=hard -mthumb -u _printf_float -Wl,--start-group -lc -lm -Wl,--end-group
Finished building target: FunctionGeneratorCortexM4_SW_V1.elf
 
arm-none-eabi-objdump -h -S  FunctionGeneratorCortexM4_SW_V1.elf  > "FunctionGeneratorCortexM4_SW_V1.list"
arm-none-eabi-objcopy  -O binary  FunctionGeneratorCortexM4_SW_V1.elf  "FunctionGeneratorCortexM4_SW_V1.bin"
arm-none-eabi-size   FunctionGeneratorCortexM4_SW_V1.elf 
   text	   data	    bss	    dec	    hex	filename
  94068	   8180	   4604	 106852	  1a164	FunctionGeneratorCortexM4_SW_V1.elf
Finished building: default.size.stdout
 
Finished building: FunctionGeneratorCortexM4_SW_V1.bin
 
Finished building: FunctionGeneratorCortexM4_SW_V1.list
 
02:18:58 **** Incremental Build of configuration Debug for project FunctionGeneratorCortexM4_SW_V1 ****
make -j4 all 
arm-none-eabi-gcc "../Core/Src/SIgnalManager/InputTrigger.c" -mcpu=cortex-m4 -std=gnu11 -g3 -DUSE_ILI9341_SPIDMA -DUSE_HAL_DRIVER -DSTM32G474xx -DUSE_FULL_LL_DRIVER -DDEBUG -c -I"/home/chris/Projects/Embedded/FunctionGeneratorCortexM4_SW/FunctionGeneratorCortexM4_SW_V1/Core/Src/EventManager" -I"/home/chris/Projects/Embedded/FunctionGeneratorCortexM4_SW/WaveTableGeneration/icontables" -I"/home/chris/Projects/Embedded/FunctionGeneratorCortexM4_SW/LogSequenceGeneration" -I"/home/chris/Projects/Embedded/FunctionGeneratorCortexM4_SW/FunctionGeneratorCortexM4_SW_V1/Core/Src/InterruptManager" -I"/home/chris/Projects/Embedded/FunctionGeneratorCortexM4_SW/ILI9341" -I../Drivers/STM32G4xx_HAL_Driver/Inc/Legacy -I"/home/chris/Projects/Embedded/FunctionGeneratorCortexM4_SW/FunctionGeneratorCortexM4_SW_V1/Core/Src/DisplayManager" -I../Drivers/CMSIS/Include -I../Drivers/CMSIS/Device/ST/STM32G4xx/Include -I"/home/chris/Projects/Embedded/FunctionGeneratorCortexM4_SW/FunctionGeneratorCortexM4_SW_V1/Core/Src/SIgnalManager" -I../Core/Inc -I"/home/chris/Projects/Embedded/FunctionGeneratorCortexM4_SW/WaveTableGeneration" -I../Drivers/STM32G4xx_HAL_Driver/Inc -O0 -ffunction-sections -fdata-sections -Wall -fstack-usage -MMD -MP -MF"Core/Src/SIgnalManager/InputTrigger.d" -MT"Core/Src/SIgnalManager/InputTrigger.o" --specs=nano.specs -mfpu=fpv4-sp-d16 -mfloat-abi=hard -mthumb -o "Core/Src/SIgnalManager/InputTrigger.o"
arm-none-eabi-gcc -o "FunctionGeneratorCortexM4_SW_V1.elf" @"objects.list"   -mcpu=cortex-m4 -T"/home/chris/Projects/Embedded/FunctionGeneratorCortexM4_SW/FunctionGeneratorCortexM4_SW_V1/STM32G474RETX_FLASH.ld" --specs=nosys.specs -Wl,-Map="FunctionGeneratorCortexM4_SW_V1.map" -Wl,--gc-sections -static --specs=nano.specs -mfpu=fpv4-sp-d16 -mfloat-abi=hard -mthumb -u _printf_float -Wl,--start-group -lc -lm -Wl,--end-group
Finished building target: FunctionGeneratorCortexM4_SW_V1.elf
 
arm-none-eabi-objdump -h -S  FunctionGeneratorCortexM4_SW_V1.elf  > "FunctionGeneratorCortexM4_SW_V1.list"
arm-none-eabi-objcopy  -O binary  FunctionGeneratorCortexM4_SW_V1.elf  "FunctionGeneratorCortexM4_SW_V1.bin"
arm-none-eabi-size   FunctionGeneratorCortexM4_SW_V1.elf 
   text	   data	    bss	    dec	    hex	filename
  94124	   8180	   4604	 106908	  1a19c	FunctionGeneratorCortexM4_SW_V1.elf
Finished building: default.size.stdout
 
Finished building: FunctionGeneratorCortexM4_SW_V1.bin
 
Finished building: FunctionGeneratorCortexM4_SW_V1.list
 
02:25:34 **** Incremental Build of configuration Debug for project FunctionGeneratorCortexM4_SW_V1 ****
make -j4 all 
arm-none-eabi-gcc "../Core/Src/SIgnalManager/InputTrigger.c" -mcpu=cortex-m4 -std=gnu11 -g3 -DUSE_ILI9341_SPIDMA -DUSE_HAL_DRIVER -DSTM32G474xx -DUSE_FULL_LL_DRIVER -DDEBUG -c -I"/home/chris/Projects/Embedded/FunctionGeneratorCortexM4_SW/FunctionGeneratorCortexM4_SW_V1/Core/Src/EventManager" -I"/home/chris/Projects/Embedded/FunctionGeneratorCortexM4_SW/WaveTableGeneration/icontables" -I"/home/chris/Projects/Embedded/FunctionGeneratorCortexM4_SW/LogSequenceGeneration" -I"/home/chris/Projects/Embedded/FunctionGeneratorCortexM4_SW/FunctionGeneratorCortexM4_SW_V1/Core/Src/InterruptManager" -I"/home/chris/Projects/Embedded/FunctionGeneratorCortexM4_SW/ILI9341" -I../Drivers/STM32G4xx_HAL_Driver/Inc/Legacy -I"/home/chris/Projects/Embedded/FunctionGeneratorCortexM4_SW/FunctionGeneratorCortexM4_SW_V1/Core/Src/DisplayManager" -I../Drivers/CMSIS/Include -I../Drivers/CMSIS/Device/ST/STM32G4xx/Include -I"/home/chris/Projects/Embedded/FunctionGeneratorCortexM4_SW/FunctionGeneratorCortexM4_SW_V1/Core/Src/SIgnalManager" -I../Core/Inc -I"/home/chris/Projects/Embedded/FunctionGeneratorCortexM4_SW/WaveTableGeneration" -I../Drivers/STM32G4xx_HAL_Driver/Inc -O0 -ffunction-sections -fdata-sections -Wall -fstack-usage -MMD -MP -MF"Core/Src/SIgnalManager/InputTrigger.d" -MT"Core/Src/SIgnalManager/InputTrigger.o" --specs=nano.specs -mfpu=fpv4-sp-d16 -mfloat-abi=hard -mthumb -o "Core/Src/SIgnalManager/InputTrigger.o"
arm-none-eabi-gcc -o "FunctionGeneratorCortexM4_SW_V1.elf" @"objects.list"   -mcpu=cortex-m4 -T"/home/chris/Projects/Embedded/FunctionGeneratorCortexM4_SW/FunctionGeneratorCortexM4_SW_V1/STM32G474RETX_FLASH.ld" --specs=nosys.specs -Wl,-Map="FunctionGeneratorCortexM4_SW_V1.map" -Wl,--gc-sections -static --specs=nano.specs -mfpu=fpv4-sp-d16 -mfloat-abi=hard -mthumb -u _printf_float -Wl,--start-group -lc -lm -Wl,--end-group
Finished building target: FunctionGeneratorCortexM4_SW_V1.elf
 
arm-none-eabi-objdump -h -S  FunctionGeneratorCortexM4_SW_V1.elf  > "FunctionGeneratorCortexM4_SW_V1.list"
arm-none-eabi-objcopy  -O binary  FunctionGeneratorCortexM4_SW_V1.elf  "FunctionGeneratorCortexM4_SW_V1.bin"
arm-none-eabi-size   FunctionGeneratorCortexM4_SW_V1.elf 
   text	   data	    bss	    dec	    hex	filename
  94044	   8180	   4604	 106828	  1a14c	FunctionGeneratorCortexM4_SW_V1.elf
Finished building: default.size.stdout
 
Finished building: FunctionGeneratorCortexM4_SW_V1.bin
 
Finished building: FunctionGeneratorCortexM4_SW_V1.list
 
02:25:50 **** Incremental Build of configuration Debug for project FunctionGeneratorCortexM4_SW_V1 ****
make -j4 all 
arm-none-eabi-size   FunctionGeneratorCortexM4_SW_V1.elf 
   text	   data	    bss	    dec	    hex	filename
  94044	   8180	   4604	 106828	  1a14c	FunctionGeneratorCortexM4_SW_V1.elf
Finished building: default.size.stdout
 
02:27:00 **** Incremental Build of configuration Debug for project FunctionGeneratorCortexM4_SW_V1 ****
make -j4 all 
arm-none-eabi-gcc "../Core/Src/SIgnalManager/InputTrigger.c" -mcpu=cortex-m4 -std=gnu11 -g3 -DUSE_ILI9341_SPIDMA -DUSE_HAL_DRIVER -DSTM32G474xx -DUSE_FULL_LL_DRIVER -DDEBUG -c -I"/home/chris/Projects/Embedded/FunctionGeneratorCortexM4_SW/FunctionGeneratorCortexM4_SW_V1/Core/Src/EventManager" -I"/home/chris/Projects/Embedded/FunctionGeneratorCortexM4_SW/WaveTableGeneration/icontables" -I"/home/chris/Projects/Embedded/FunctionGeneratorCortexM4_SW/LogSequenceGeneration" -I"/home/chris/Projects/Embedded/FunctionGeneratorCortexM4_SW/FunctionGeneratorCortexM4_SW_V1/Core/Src/InterruptManager" -I"/home/chris/Projects/Embedded/FunctionGeneratorCortexM4_SW/ILI9341" -I../Drivers/STM32G4xx_HAL_Driver/Inc/Legacy -I"/home/chris/Projects/Embedded/FunctionGeneratorCortexM4_SW/FunctionGeneratorCortexM4_SW_V1/Core/Src/DisplayManager" -I../Drivers/CMSIS/Include -I../Drivers/CMSIS/Device/ST/STM32G4xx/Include -I"/home/chris/Projects/Embedded/FunctionGeneratorCortexM4_SW/FunctionGeneratorCortexM4_SW_V1/Core/Src/SIgnalManager" -I../Core/Inc -I"/home/chris/Projects/Embedded/FunctionGeneratorCortexM4_SW/WaveTableGeneration" -I../Drivers/STM32G4xx_HAL_Driver/Inc -O0 -ffunction-sections -fdata-sections -Wall -fstack-usage -MMD -MP -MF"Core/Src/SIgnalManager/InputTrigger.d" -MT"Core/Src/SIgnalManager/InputTrigger.o" --specs=nano.specs -mfpu=fpv4-sp-d16 -mfloat-abi=hard -mthumb -o "Core/Src/SIgnalManager/InputTrigger.o"
../Core/Src/SIgnalManager/InputTrigger.c: In function 'HAL_ADC_ConvCpltCallback':
../Core/Src/SIgnalManager/InputTrigger.c:278:32: warning: large integer implicitly truncated to unsigned type [-Woverflow]
   uint16_t new_output_period = 65536;
                                ^~~~~
arm-none-eabi-gcc -o "FunctionGeneratorCortexM4_SW_V1.elf" @"objects.list"   -mcpu=cortex-m4 -T"/home/chris/Projects/Embedded/FunctionGeneratorCortexM4_SW/FunctionGeneratorCortexM4_SW_V1/STM32G474RETX_FLASH.ld" --specs=nosys.specs -Wl,-Map="FunctionGeneratorCortexM4_SW_V1.map" -Wl,--gc-sections -static --specs=nano.specs -mfpu=fpv4-sp-d16 -mfloat-abi=hard -mthumb -u _printf_float -Wl,--start-group -lc -lm -Wl,--end-group
Finished building target: FunctionGeneratorCortexM4_SW_V1.elf
 
arm-none-eabi-objdump -h -S  FunctionGeneratorCortexM4_SW_V1.elf  > "FunctionGeneratorCortexM4_SW_V1.list"
arm-none-eabi-objcopy  -O binary  FunctionGeneratorCortexM4_SW_V1.elf  "FunctionGeneratorCortexM4_SW_V1.bin"
arm-none-eabi-size   FunctionGeneratorCortexM4_SW_V1.elf 
Finished building: FunctionGeneratorCortexM4_SW_V1.bin
   text	   data	    bss	    dec	    hex	filename
  94044	   8180	   4604	 106828	  1a14c	FunctionGeneratorCortexM4_SW_V1.elf
Finished building: default.size.stdout
 
 
Finished building: FunctionGeneratorCortexM4_SW_V1.list
 
02:27:27 **** Incremental Build of configuration Debug for project FunctionGeneratorCortexM4_SW_V1 ****
make -j4 all 
arm-none-eabi-gcc "../Core/Src/SIgnalManager/InputTrigger.c" -mcpu=cortex-m4 -std=gnu11 -g3 -DUSE_ILI9341_SPIDMA -DUSE_HAL_DRIVER -DSTM32G474xx -DUSE_FULL_LL_DRIVER -DDEBUG -c -I"/home/chris/Projects/Embedded/FunctionGeneratorCortexM4_SW/FunctionGeneratorCortexM4_SW_V1/Core/Src/EventManager" -I"/home/chris/Projects/Embedded/FunctionGeneratorCortexM4_SW/WaveTableGeneration/icontables" -I"/home/chris/Projects/Embedded/FunctionGeneratorCortexM4_SW/LogSequenceGeneration" -I"/home/chris/Projects/Embedded/FunctionGeneratorCortexM4_SW/FunctionGeneratorCortexM4_SW_V1/Core/Src/InterruptManager" -I"/home/chris/Projects/Embedded/FunctionGeneratorCortexM4_SW/ILI9341" -I../Drivers/STM32G4xx_HAL_Driver/Inc/Legacy -I"/home/chris/Projects/Embedded/FunctionGeneratorCortexM4_SW/FunctionGeneratorCortexM4_SW_V1/Core/Src/DisplayManager" -I../Drivers/CMSIS/Include -I../Drivers/CMSIS/Device/ST/STM32G4xx/Include -I"/home/chris/Projects/Embedded/FunctionGeneratorCortexM4_SW/FunctionGeneratorCortexM4_SW_V1/Core/Src/SIgnalManager" -I../Core/Inc -I"/home/chris/Projects/Embedded/FunctionGeneratorCortexM4_SW/WaveTableGeneration" -I../Drivers/STM32G4xx_HAL_Driver/Inc -O0 -ffunction-sections -fdata-sections -Wall -fstack-usage -MMD -MP -MF"Core/Src/SIgnalManager/InputTrigger.d" -MT"Core/Src/SIgnalManager/InputTrigger.o" --specs=nano.specs -mfpu=fpv4-sp-d16 -mfloat-abi=hard -mthumb -o "Core/Src/SIgnalManager/InputTrigger.o"
arm-none-eabi-gcc -o "FunctionGeneratorCortexM4_SW_V1.elf" @"objects.list"   -mcpu=cortex-m4 -T"/home/chris/Projects/Embedded/FunctionGeneratorCortexM4_SW/FunctionGeneratorCortexM4_SW_V1/STM32G474RETX_FLASH.ld" --specs=nosys.specs -Wl,-Map="FunctionGeneratorCortexM4_SW_V1.map" -Wl,--gc-sections -static --specs=nano.specs -mfpu=fpv4-sp-d16 -mfloat-abi=hard -mthumb -u _printf_float -Wl,--start-group -lc -lm -Wl,--end-group
Finished building target: FunctionGeneratorCortexM4_SW_V1.elf
 
arm-none-eabi-objdump -h -S  FunctionGeneratorCortexM4_SW_V1.elf  > "FunctionGeneratorCortexM4_SW_V1.list"
arm-none-eabi-objcopy  -O binary  FunctionGeneratorCortexM4_SW_V1.elf  "FunctionGeneratorCortexM4_SW_V1.bin"
arm-none-eabi-size   FunctionGeneratorCortexM4_SW_V1.elf 
   text	   data	    bss	    dec	    hex	filename
  94100	   8180	   4604	 106884	  1a184	FunctionGeneratorCortexM4_SW_V1.elf
Finished building: default.size.stdout
 
Finished building: FunctionGeneratorCortexM4_SW_V1.bin
 
Finished building: FunctionGeneratorCortexM4_SW_V1.list
 
02:27:31 **** Incremental Build of configuration Debug for project FunctionGeneratorCortexM4_SW_V1 ****
make -j4 all 
arm-none-eabi-size   FunctionGeneratorCortexM4_SW_V1.elf 
   text	   data	    bss	    dec	    hex	filename
  94100	   8180	   4604	 106884	  1a184	FunctionGeneratorCortexM4_SW_V1.elf
Finished building: default.size.stdout
 
02:27:39 **** Incremental Build of configuration Debug for project FunctionGeneratorCortexM4_SW_V1 ****
make -j4 all 
arm-none-eabi-size   FunctionGeneratorCortexM4_SW_V1.elf 
   text	   data	    bss	    dec	    hex	filename
  94100	   8180	   4604	 106884	  1a184	FunctionGeneratorCortexM4_SW_V1.elf
Finished building: default.size.stdout
 
02:30:44 **** Incremental Build of configuration Debug for project FunctionGeneratorCortexM4_SW_V1 ****
make -j4 all 
arm-none-eabi-gcc "../Core/Src/SIgnalManager/InputTrigger.c" -mcpu=cortex-m4 -std=gnu11 -g3 -DUSE_ILI9341_SPIDMA -DUSE_HAL_DRIVER -DSTM32G474xx -DUSE_FULL_LL_DRIVER -DDEBUG -c -I"/home/chris/Projects/Embedded/FunctionGeneratorCortexM4_SW/FunctionGeneratorCortexM4_SW_V1/Core/Src/EventManager" -I"/home/chris/Projects/Embedded/FunctionGeneratorCortexM4_SW/WaveTableGeneration/icontables" -I"/home/chris/Projects/Embedded/FunctionGeneratorCortexM4_SW/LogSequenceGeneration" -I"/home/chris/Projects/Embedded/FunctionGeneratorCortexM4_SW/FunctionGeneratorCortexM4_SW_V1/Core/Src/InterruptManager" -I"/home/chris/Projects/Embedded/FunctionGeneratorCortexM4_SW/ILI9341" -I../Drivers/STM32G4xx_HAL_Driver/Inc/Legacy -I"/home/chris/Projects/Embedded/FunctionGeneratorCortexM4_SW/FunctionGeneratorCortexM4_SW_V1/Core/Src/DisplayManager" -I../Drivers/CMSIS/Include -I../Drivers/CMSIS/Device/ST/STM32G4xx/Include -I"/home/chris/Projects/Embedded/FunctionGeneratorCortexM4_SW/FunctionGeneratorCortexM4_SW_V1/Core/Src/SIgnalManager" -I../Core/Inc -I"/home/chris/Projects/Embedded/FunctionGeneratorCortexM4_SW/WaveTableGeneration" -I../Drivers/STM32G4xx_HAL_Driver/Inc -O0 -ffunction-sections -fdata-sections -Wall -fstack-usage -MMD -MP -MF"Core/Src/SIgnalManager/InputTrigger.d" -MT"Core/Src/SIgnalManager/InputTrigger.o" --specs=nano.specs -mfpu=fpv4-sp-d16 -mfloat-abi=hard -mthumb -o "Core/Src/SIgnalManager/InputTrigger.o"
arm-none-eabi-gcc -o "FunctionGeneratorCortexM4_SW_V1.elf" @"objects.list"   -mcpu=cortex-m4 -T"/home/chris/Projects/Embedded/FunctionGeneratorCortexM4_SW/FunctionGeneratorCortexM4_SW_V1/STM32G474RETX_FLASH.ld" --specs=nosys.specs -Wl,-Map="FunctionGeneratorCortexM4_SW_V1.map" -Wl,--gc-sections -static --specs=nano.specs -mfpu=fpv4-sp-d16 -mfloat-abi=hard -mthumb -u _printf_float -Wl,--start-group -lc -lm -Wl,--end-group
Finished building target: FunctionGeneratorCortexM4_SW_V1.elf
 
arm-none-eabi-objdump -h -S  FunctionGeneratorCortexM4_SW_V1.elf  > "FunctionGeneratorCortexM4_SW_V1.list"
arm-none-eabi-objcopy  -O binary  FunctionGeneratorCortexM4_SW_V1.elf  "FunctionGeneratorCortexM4_SW_V1.bin"
arm-none-eabi-size   FunctionGeneratorCortexM4_SW_V1.elf 
   text	   data	    bss	    dec	    hex	filename
  94100	   8180	   4604	 106884	  1a184	FunctionGeneratorCortexM4_SW_V1.elf
Finished building: default.size.stdout
 
Finished building: FunctionGeneratorCortexM4_SW_V1.bin
 
Finished building: FunctionGeneratorCortexM4_SW_V1.list
 
02:31:55 **** Incremental Build of configuration Debug for project FunctionGeneratorCortexM4_SW_V1 ****
make -j4 all 
arm-none-eabi-gcc "../Core/Src/SIgnalManager/InputTrigger.c" -mcpu=cortex-m4 -std=gnu11 -g3 -DUSE_ILI9341_SPIDMA -DUSE_HAL_DRIVER -DSTM32G474xx -DUSE_FULL_LL_DRIVER -DDEBUG -c -I"/home/chris/Projects/Embedded/FunctionGeneratorCortexM4_SW/FunctionGeneratorCortexM4_SW_V1/Core/Src/EventManager" -I"/home/chris/Projects/Embedded/FunctionGeneratorCortexM4_SW/WaveTableGeneration/icontables" -I"/home/chris/Projects/Embedded/FunctionGeneratorCortexM4_SW/LogSequenceGeneration" -I"/home/chris/Projects/Embedded/FunctionGeneratorCortexM4_SW/FunctionGeneratorCortexM4_SW_V1/Core/Src/InterruptManager" -I"/home/chris/Projects/Embedded/FunctionGeneratorCortexM4_SW/ILI9341" -I../Drivers/STM32G4xx_HAL_Driver/Inc/Legacy -I"/home/chris/Projects/Embedded/FunctionGeneratorCortexM4_SW/FunctionGeneratorCortexM4_SW_V1/Core/Src/DisplayManager" -I../Drivers/CMSIS/Include -I../Drivers/CMSIS/Device/ST/STM32G4xx/Include -I"/home/chris/Projects/Embedded/FunctionGeneratorCortexM4_SW/FunctionGeneratorCortexM4_SW_V1/Core/Src/SIgnalManager" -I../Core/Inc -I"/home/chris/Projects/Embedded/FunctionGeneratorCortexM4_SW/WaveTableGeneration" -I../Drivers/STM32G4xx_HAL_Driver/Inc -O0 -ffunction-sections -fdata-sections -Wall -fstack-usage -MMD -MP -MF"Core/Src/SIgnalManager/InputTrigger.d" -MT"Core/Src/SIgnalManager/InputTrigger.o" --specs=nano.specs -mfpu=fpv4-sp-d16 -mfloat-abi=hard -mthumb -o "Core/Src/SIgnalManager/InputTrigger.o"
arm-none-eabi-gcc -o "FunctionGeneratorCortexM4_SW_V1.elf" @"objects.list"   -mcpu=cortex-m4 -T"/home/chris/Projects/Embedded/FunctionGeneratorCortexM4_SW/FunctionGeneratorCortexM4_SW_V1/STM32G474RETX_FLASH.ld" --specs=nosys.specs -Wl,-Map="FunctionGeneratorCortexM4_SW_V1.map" -Wl,--gc-sections -static --specs=nano.specs -mfpu=fpv4-sp-d16 -mfloat-abi=hard -mthumb -u _printf_float -Wl,--start-group -lc -lm -Wl,--end-group
Finished building target: FunctionGeneratorCortexM4_SW_V1.elf
 
arm-none-eabi-objdump -h -S  FunctionGeneratorCortexM4_SW_V1.elf  > "FunctionGeneratorCortexM4_SW_V1.list"
arm-none-eabi-objcopy  -O binary  FunctionGeneratorCortexM4_SW_V1.elf  "FunctionGeneratorCortexM4_SW_V1.bin"
arm-none-eabi-size   FunctionGeneratorCortexM4_SW_V1.elf 
   text	   data	    bss	    dec	    hex	filename
  94100	   8180	   4604	 106884	  1a184	FunctionGeneratorCortexM4_SW_V1.elf
Finished building: default.size.stdout
Finished building: FunctionGeneratorCortexM4_SW_V1.bin
 
 
Finished building: FunctionGeneratorCortexM4_SW_V1.list
 
02:42:50 **** Incremental Build of configuration Debug for project FunctionGeneratorCortexM4_SW_V1 ****
make -j4 all 
[...]
arm-none-eabi-gcc "../Core/Src/DisplayManager/GainMenus.c" -mcpu=cortex-m4 -std=gnu11 -g3 -DUSE_ILI9341_SPIDMA -DUSE_HAL_DRIVER -DSTM32G474xx -DUSE_FULL_LL_DRIVER -DDEBUG -c -I"/home/chris/Projects/Embedded/FunctionGeneratorCortexM4_SW/FunctionGeneratorCortexM4_SW_V1/Core/Src/EventManager" -I"/home/chris/Projects/Embedded/FunctionGeneratorCortexM4_SW/WaveTableGeneration/icontables" -I"/home/chris/Projects/Embedded/FunctionGeneratorCortexM4_SW/LogSequenceGeneration" -I"/home/chris/Projects/Embedded/FunctionGeneratorCortexM4_SW/FunctionGeneratorCortexM4_SW_V1/Core/Src/InterruptManager" -I"/home/chris/Projects/Embedded/FunctionGeneratorCortexM4_SW/ILI9341" -I../Drivers/STM32G4xx_HAL_Driver/Inc/Legacy -I"/home/chris/Projects/Embedded/FunctionGeneratorCortexM4_SW/FunctionGeneratorCortexM4_SW_V1/Core/Src/DisplayManager" -I../Drivers/CMSIS/Include -I../Drivers/CMSIS/Device/ST/STM32G4xx/Include -I"/home/chris/Projects/Embedded/FunctionGeneratorCortexM4_SW/FunctionGeneratorCortexM4_SW_V1/Core/Src/SIgnalManager" -I../Core/Inc -I"/home/chris/Projects/Embedded/FunctionGeneratorCortexM4_SW/WaveTableGeneration" -I../Drivers/STM32G4xx_HAL_Driver/Inc -O0 -ffunction-sections -fdata-sections -Wall -fstack-usage -MMD -MP -MF"Core/Src/DisplayManager/GainMenus.d" -MT"Core/Src/DisplayManager/GainMenus.o" --specs=nano.specs -mfpu=fpv4-sp-d16 -mfloat-abi=hard -mthumb -o "Core/Src/DisplayManager/GainMenus.o"
arm-none-eabi-gcc "../Core/Src/DisplayManager/ToplevelMenus.c" -mcpu=cortex-m4 -std=gnu11 -g3 -DUSE_ILI9341_SPIDMA -DUSE_HAL_DRIVER -DSTM32G474xx -DUSE_FULL_LL_DRIVER -DDEBUG -c -I"/home/chris/Projects/Embedded/FunctionGeneratorCortexM4_SW/FunctionGeneratorCortexM4_SW_V1/Core/Src/EventManager" -I"/home/chris/Projects/Embedded/FunctionGeneratorCortexM4_SW/WaveTableGeneration/icontables" -I"/home/chris/Projects/Embedded/FunctionGeneratorCortexM4_SW/LogSequenceGeneration" -I"/home/chris/Projects/Embedded/FunctionGeneratorCortexM4_SW/FunctionGeneratorCortexM4_SW_V1/Core/Src/InterruptManager" -I"/home/chris/Projects/Embedded/FunctionGeneratorCortexM4_SW/ILI9341" -I../Drivers/STM32G4xx_HAL_Driver/Inc/Legacy -I"/home/chris/Projects/Embedded/FunctionGeneratorCortexM4_SW/FunctionGeneratorCortexM4_SW_V1/Core/Src/DisplayManager" -I../Drivers/CMSIS/Include -I../Drivers/CMSIS/Device/ST/STM32G4xx/Include -I"/home/chris/Projects/Embedded/FunctionGeneratorCortexM4_SW/FunctionGeneratorCortexM4_SW_V1/Core/Src/SIgnalManager" -I../Core/Inc -I"/home/chris/Projects/Embedded/FunctionGeneratorCortexM4_SW/WaveTableGeneration" -I../Drivers/STM32G4xx_HAL_Driver/Inc -O0 -ffunction-sections -fdata-sections -Wall -fstack-usage -MMD -MP -MF"Core/Src/DisplayManager/ToplevelMenus.d" -MT"Core/Src/DisplayManager/ToplevelMenus.o" --specs=nano.specs -mfpu=fpv4-sp-d16 -mfloat-abi=hard -mthumb -o "Core/Src/DisplayManager/ToplevelMenus.o"
arm-none-eabi-gcc "../Core/Src/adc.c" -mcpu=cortex-m4 -std=gnu11 -g3 -DUSE_ILI9341_SPIDMA -DUSE_HAL_DRIVER -DSTM32G474xx -DUSE_FULL_LL_DRIVER -DDEBUG -c -I"/home/chris/Projects/Embedded/FunctionGeneratorCortexM4_SW/FunctionGeneratorCortexM4_SW_V1/Core/Src/EventManager" -I"/home/chris/Projects/Embedded/FunctionGeneratorCortexM4_SW/WaveTableGeneration/icontables" -I"/home/chris/Projects/Embedded/FunctionGeneratorCortexM4_SW/LogSequenceGeneration" -I"/home/chris/Projects/Embedded/FunctionGeneratorCortexM4_SW/FunctionGeneratorCortexM4_SW_V1/Core/Src/InterruptManager" -I"/home/chris/Projects/Embedded/FunctionGeneratorCortexM4_SW/ILI9341" -I../Drivers/STM32G4xx_HAL_Driver/Inc/Legacy -I"/home/chris/Projects/Embedded/FunctionGeneratorCortexM4_SW/FunctionGeneratorCortexM4_SW_V1/Core/Src/DisplayManager" -I../Drivers/CMSIS/Include -I../Drivers/CMSIS/Device/ST/STM32G4xx/Include -I"/home/chris/Projects/Embedded/FunctionGeneratorCortexM4_SW/FunctionGeneratorCortexM4_SW_V1/Core/Src/SIgnalManager" -I../Core/Inc -I"/home/chris/Projects/Embedded/FunctionGeneratorCortexM4_SW/WaveTableGeneration" -I../Drivers/STM32G4xx_HAL_Driver/Inc -O0 -ffunction-sections -fdata-sections -Wall -fstack-usage -MMD -MP -MF"Core/Src/adc.d" -MT"Core/Src/adc.o" --specs=nano.specs -mfpu=fpv4-sp-d16 -mfloat-abi=hard -mthumb -o "Core/Src/adc.o"
arm-none-eabi-gcc "../Core/Src/comp.c" -mcpu=cortex-m4 -std=gnu11 -g3 -DUSE_ILI9341_SPIDMA -DUSE_HAL_DRIVER -DSTM32G474xx -DUSE_FULL_LL_DRIVER -DDEBUG -c -I"/home/chris/Projects/Embedded/FunctionGeneratorCortexM4_SW/FunctionGeneratorCortexM4_SW_V1/Core/Src/EventManager" -I"/home/chris/Projects/Embedded/FunctionGeneratorCortexM4_SW/WaveTableGeneration/icontables" -I"/home/chris/Projects/Embedded/FunctionGeneratorCortexM4_SW/LogSequenceGeneration" -I"/home/chris/Projects/Embedded/FunctionGeneratorCortexM4_SW/FunctionGeneratorCortexM4_SW_V1/Core/Src/InterruptManager" -I"/home/chris/Projects/Embedded/FunctionGeneratorCortexM4_SW/ILI9341" -I../Drivers/STM32G4xx_HAL_Driver/Inc/Legacy -I"/home/chris/Projects/Embedded/FunctionGeneratorCortexM4_SW/FunctionGeneratorCortexM4_SW_V1/Core/Src/DisplayManager" -I../Drivers/CMSIS/Include -I../Drivers/CMSIS/Device/ST/STM32G4xx/Include -I"/home/chris/Projects/Embedded/FunctionGeneratorCortexM4_SW/FunctionGeneratorCortexM4_SW_V1/Core/Src/SIgnalManager" -I../Core/Inc -I"/home/chris/Projects/Embedded/FunctionGeneratorCortexM4_SW/WaveTableGeneration" -I../Drivers/STM32G4xx_HAL_Driver/Inc -O0 -ffunction-sections -fdata-sections -Wall -fstack-usage -MMD -MP -MF"Core/Src/comp.d" -MT"Core/Src/comp.o" --specs=nano.specs -mfpu=fpv4-sp-d16 -mfloat-abi=hard -mthumb -o "Core/Src/comp.o"
arm-none-eabi-gcc "../Core/Src/dac.c" -mcpu=cortex-m4 -std=gnu11 -g3 -DUSE_ILI9341_SPIDMA -DUSE_HAL_DRIVER -DSTM32G474xx -DUSE_FULL_LL_DRIVER -DDEBUG -c -I"/home/chris/Projects/Embedded/FunctionGeneratorCortexM4_SW/FunctionGeneratorCortexM4_SW_V1/Core/Src/EventManager" -I"/home/chris/Projects/Embedded/FunctionGeneratorCortexM4_SW/WaveTableGeneration/icontables" -I"/home/chris/Projects/Embedded/FunctionGeneratorCortexM4_SW/LogSequenceGeneration" -I"/home/chris/Projects/Embedded/FunctionGeneratorCortexM4_SW/FunctionGeneratorCortexM4_SW_V1/Core/Src/InterruptManager" -I"/home/chris/Projects/Embedded/FunctionGeneratorCortexM4_SW/ILI9341" -I../Drivers/STM32G4xx_HAL_Driver/Inc/Legacy -I"/home/chris/Projects/Embedded/FunctionGeneratorCortexM4_SW/FunctionGeneratorCortexM4_SW_V1/Core/Src/DisplayManager" -I../Drivers/CMSIS/Include -I../Drivers/CMSIS/Device/ST/STM32G4xx/Include -I"/home/chris/Projects/Embedded/FunctionGeneratorCortexM4_SW/FunctionGeneratorCortexM4_SW_V1/Core/Src/SIgnalManager" -I../Core/Inc -I"/home/chris/Projects/Embedded/FunctionGeneratorCortexM4_SW/WaveTableGeneration" -I../Drivers/STM32G4xx_HAL_Driver/Inc -O0 -ffunction-sections -fdata-sections -Wall -fstack-usage -MMD -MP -MF"Core/Src/dac.d" -MT"Core/Src/dac.o" --specs=nano.specs -mfpu=fpv4-sp-d16 -mfloat-abi=hard -mthumb -o "Core/Src/dac.o"
arm-none-eabi-gcc "../Core/Src/dma.c" -mcpu=cortex-m4 -std=gnu11 -g3 -DUSE_ILI9341_SPIDMA -DUSE_HAL_DRIVER -DSTM32G474xx -DUSE_FULL_LL_DRIVER -DDEBUG -c -I"/home/chris/Projects/Embedded/FunctionGeneratorCortexM4_SW/FunctionGeneratorCortexM4_SW_V1/Core/Src/EventManager" -I"/home/chris/Projects/Embedded/FunctionGeneratorCortexM4_SW/WaveTableGeneration/icontables" -I"/home/chris/Projects/Embedded/FunctionGeneratorCortexM4_SW/LogSequenceGeneration" -I"/home/chris/Projects/Embedded/FunctionGeneratorCortexM4_SW/FunctionGeneratorCortexM4_SW_V1/Core/Src/InterruptManager" -I"/home/chris/Projects/Embedded/FunctionGeneratorCortexM4_SW/ILI9341" -I../Drivers/STM32G4xx_HAL_Driver/Inc/Legacy -I"/home/chris/Projects/Embedded/FunctionGeneratorCortexM4_SW/FunctionGeneratorCortexM4_SW_V1/Core/Src/DisplayManager" -I../Drivers/CMSIS/Include -I../Drivers/CMSIS/Device/ST/STM32G4xx/Include -I"/home/chris/Projects/Embedded/FunctionGeneratorCortexM4_SW/FunctionGeneratorCortexM4_SW_V1/Core/Src/SIgnalManager" -I../Core/Inc -I"/home/chris/Projects/Embedded/FunctionGeneratorCortexM4_SW/WaveTableGeneration" -I../Drivers/STM32G4xx_HAL_Driver/Inc -O0 -ffunction-sections -fdata-sections -Wall -fstack-usage -MMD -MP -MF"Core/Src/dma.d" -MT"Core/Src/dma.o" --specs=nano.specs -mfpu=fpv4-sp-d16 -mfloat-abi=hard -mthumb -o "Core/Src/dma.o"
arm-none-eabi-gcc "../Core/Src/gpio.c" -mcpu=cortex-m4 -std=gnu11 -g3 -DUSE_ILI9341_SPIDMA -DUSE_HAL_DRIVER -DSTM32G474xx -DUSE_FULL_LL_DRIVER -DDEBUG -c -I"/home/chris/Projects/Embedded/FunctionGeneratorCortexM4_SW/FunctionGeneratorCortexM4_SW_V1/Core/Src/EventManager" -I"/home/chris/Projects/Embedded/FunctionGeneratorCortexM4_SW/WaveTableGeneration/icontables" -I"/home/chris/Projects/Embedded/FunctionGeneratorCortexM4_SW/LogSequenceGeneration" -I"/home/chris/Projects/Embedded/FunctionGeneratorCortexM4_SW/FunctionGeneratorCortexM4_SW_V1/Core/Src/InterruptManager" -I"/home/chris/Projects/Embedded/FunctionGeneratorCortexM4_SW/ILI9341" -I../Drivers/STM32G4xx_HAL_Driver/Inc/Legacy -I"/home/chris/Projects/Embedded/FunctionGeneratorCortexM4_SW/FunctionGeneratorCortexM4_SW_V1/Core/Src/DisplayManager" -I../Drivers/CMSIS/Include -I../Drivers/CMSIS/Device/ST/STM32G4xx/Include -I"/home/chris/Projects/Embedded/FunctionGeneratorCortexM4_SW/FunctionGeneratorCortexM4_SW_V1/Core/Src/SIgnalManager" -I../Core/Inc -I"/home/chris/Projects/Embedded/FunctionGeneratorCortexM4_SW/WaveTableGeneration" -I../Drivers/STM32G4xx_HAL_Driver/Inc -O0 -ffunction-sections -fdata-sections -Wall -fstack-usage -MMD -MP -MF"Core/Src/gpio.d" -MT"Core/Src/gpio.o" --specs=nano.specs -mfpu=fpv4-sp-d16 -mfloat-abi=hard -mthumb -o "Core/Src/gpio.o"
arm-none-eabi-gcc "../Core/Src/main.c" -mcpu=cortex-m4 -std=gnu11 -g3 -DUSE_ILI9341_SPIDMA -DUSE_HAL_DRIVER -DSTM32G474xx -DUSE_FULL_LL_DRIVER -DDEBUG -c -I"/home/chris/Projects/Embedded/FunctionGeneratorCortexM4_SW/FunctionGeneratorCortexM4_SW_V1/Core/Src/EventManager" -I"/home/chris/Projects/Embedded/FunctionGeneratorCortexM4_SW/WaveTableGeneration/icontables" -I"/home/chris/Projects/Embedded/FunctionGeneratorCortexM4_SW/LogSequenceGeneration" -I"/home/chris/Projects/Embedded/FunctionGeneratorCortexM4_SW/FunctionGeneratorCortexM4_SW_V1/Core/Src/InterruptManager" -I"/home/chris/Projects/Embedded/FunctionGeneratorCortexM4_SW/ILI9341" -I../Drivers/STM32G4xx_HAL_Driver/Inc/Legacy -I"/home/chris/Projects/Embedded/FunctionGeneratorCortexM4_SW/FunctionGeneratorCortexM4_SW_V1/Core/Src/DisplayManager" -I../Drivers/CMSIS/Include -I../Drivers/CMSIS/Device/ST/STM32G4xx/Include -I"/home/chris/Projects/Embedded/FunctionGeneratorCortexM4_SW/FunctionGeneratorCortexM4_SW_V1/Core/Src/SIgnalManager" -I../Core/Inc -I"/home/chris/Projects/Embedded/FunctionGeneratorCortexM4_SW/WaveTableGeneration" -I../Drivers/STM32G4xx_HAL_Driver/Inc -O0 -ffunction-sections -fdata-sections -Wall -fstack-usage -MMD -MP -MF"Core/Src/main.d" -MT"Core/Src/main.o" --specs=nano.specs -mfpu=fpv4-sp-d16 -mfloat-abi=hard -mthumb -o "Core/Src/main.o"
arm-none-eabi-gcc "../Core/Src/rng.c" -mcpu=cortex-m4 -std=gnu11 -g3 -DUSE_ILI9341_SPIDMA -DUSE_HAL_DRIVER -DSTM32G474xx -DUSE_FULL_LL_DRIVER -DDEBUG -c -I"/home/chris/Projects/Embedded/FunctionGeneratorCortexM4_SW/FunctionGeneratorCortexM4_SW_V1/Core/Src/EventManager" -I"/home/chris/Projects/Embedded/FunctionGeneratorCortexM4_SW/WaveTableGeneration/icontables" -I"/home/chris/Projects/Embedded/FunctionGeneratorCortexM4_SW/LogSequenceGeneration" -I"/home/chris/Projects/Embedded/FunctionGeneratorCortexM4_SW/FunctionGeneratorCortexM4_SW_V1/Core/Src/InterruptManager" -I"/home/chris/Projects/Embedded/FunctionGeneratorCortexM4_SW/ILI9341" -I../Drivers/STM32G4xx_HAL_Driver/Inc/Legacy -I"/home/chris/Projects/Embedded/FunctionGeneratorCortexM4_SW/FunctionGeneratorCortexM4_SW_V1/Core/Src/DisplayManager" -I../Drivers/CMSIS/Include -I../Drivers/CMSIS/Device/ST/STM32G4xx/Include -I"/home/chris/Projects/Embedded/FunctionGeneratorCortexM4_SW/FunctionGeneratorCortexM4_SW_V1/Core/Src/SIgnalManager" -I../Core/Inc -I"/home/chris/Projects/Embedded/FunctionGeneratorCortexM4_SW/WaveTableGeneration" -I../Drivers/STM32G4xx_HAL_Driver/Inc -O0 -ffunction-sections -fdata-sections -Wall -fstack-usage -MMD -MP -MF"Core/Src/rng.d" -MT"Core/Src/rng.o" --specs=nano.specs -mfpu=fpv4-sp-d16 -mfloat-abi=hard -mthumb -o "Core/Src/rng.o"
arm-none-eabi-gcc "../Core/Src/spi.c" -mcpu=cortex-m4 -std=gnu11 -g3 -DUSE_ILI9341_SPIDMA -DUSE_HAL_DRIVER -DSTM32G474xx -DUSE_FULL_LL_DRIVER -DDEBUG -c -I"/home/chris/Projects/Embedded/FunctionGeneratorCortexM4_SW/FunctionGeneratorCortexM4_SW_V1/Core/Src/EventManager" -I"/home/chris/Projects/Embedded/FunctionGeneratorCortexM4_SW/WaveTableGeneration/icontables" -I"/home/chris/Projects/Embedded/FunctionGeneratorCortexM4_SW/LogSequenceGeneration" -I"/home/chris/Projects/Embedded/FunctionGeneratorCortexM4_SW/FunctionGeneratorCortexM4_SW_V1/Core/Src/InterruptManager" -I"/home/chris/Projects/Embedded/FunctionGeneratorCortexM4_SW/ILI9341" -I../Drivers/STM32G4xx_HAL_Driver/Inc/Legacy -I"/home/chris/Projects/Embedded/FunctionGeneratorCortexM4_SW/FunctionGeneratorCortexM4_SW_V1/Core/Src/DisplayManager" -I../Drivers/CMSIS/Include -I../Drivers/CMSIS/Device/ST/STM32G4xx/Include -I"/home/chris/Projects/Embedded/FunctionGeneratorCortexM4_SW/FunctionGeneratorCortexM4_SW_V1/Core/Src/SIgnalManager" -I../Core/Inc -I"/home/chris/Projects/Embedded/FunctionGeneratorCortexM4_SW/WaveTableGeneration" -I../Drivers/STM32G4xx_HAL_Driver/Inc -O0 -ffunction-sections -fdata-sections -Wall -fstack-usage -MMD -MP -MF"Core/Src/spi.d" -MT"Core/Src/spi.o" --specs=nano.specs -mfpu=fpv4-sp-d16 -mfloat-abi=hard -mthumb -o "Core/Src/spi.o"
arm-none-eabi-gcc "../Core/Src/stm32g4xx_hal_msp.c" -mcpu=cortex-m4 -std=gnu11 -g3 -DUSE_ILI9341_SPIDMA -DUSE_HAL_DRIVER -DSTM32G474xx -DUSE_FULL_LL_DRIVER -DDEBUG -c -I"/home/chris/Projects/Embedded/FunctionGeneratorCortexM4_SW/FunctionGeneratorCortexM4_SW_V1/Core/Src/EventManager" -I"/home/chris/Projects/Embedded/FunctionGeneratorCortexM4_SW/WaveTableGeneration/icontables" -I"/home/chris/Projects/Embedded/FunctionGeneratorCortexM4_SW/LogSequenceGeneration" -I"/home/chris/Projects/Embedded/FunctionGeneratorCortexM4_SW/FunctionGeneratorCortexM4_SW_V1/Core/Src/InterruptManager" -I"/home/chris/Projects/Embedded/FunctionGeneratorCortexM4_SW/ILI9341" -I../Drivers/STM32G4xx_HAL_Driver/Inc/Legacy -I"/home/chris/Projects/Embedded/FunctionGeneratorCortexM4_SW/FunctionGeneratorCortexM4_SW_V1/Core/Src/DisplayManager" -I../Drivers/CMSIS/Include -I../Drivers/CMSIS/Device/ST/STM32G4xx/Include -I"/home/chris/Projects/Embedded/FunctionGeneratorCortexM4_SW/FunctionGeneratorCortexM4_SW_V1/Core/Src/SIgnalManager" -I../Core/Inc -I"/home/chris/Projects/Embedded/FunctionGeneratorCortexM4_SW/WaveTableGeneration" -I../Drivers/STM32G4xx_HAL_Driver/Inc -O0 -ffunction-sections -fdata-sections -Wall -fstack-usage -MMD -MP -MF"Core/Src/stm32g4xx_hal_msp.d" -MT"Core/Src/stm32g4xx_hal_msp.o" --specs=nano.specs -mfpu=fpv4-sp-d16 -mfloat-abi=hard -mthumb -o "Core/Src/stm32g4xx_hal_msp.o"
arm-none-eabi-gcc "../Core/Src/stm32g4xx_it.c" -mcpu=cortex-m4 -std=gnu11 -g3 -DUSE_ILI9341_SPIDMA -DUSE_HAL_DRIVER -DSTM32G474xx -DUSE_FULL_LL_DRIVER -DDEBUG -c -I"/home/chris/Projects/Embedded/FunctionGeneratorCortexM4_SW/FunctionGeneratorCortexM4_SW_V1/Core/Src/EventManager" -I"/home/chris/Projects/Embedded/FunctionGeneratorCortexM4_SW/WaveTableGeneration/icontables" -I"/home/chris/Projects/Embedded/FunctionGeneratorCortexM4_SW/LogSequenceGeneration" -I"/home/chris/Projects/Embedded/FunctionGeneratorCortexM4_SW/FunctionGeneratorCortexM4_SW_V1/Core/Src/InterruptManager" -I"/home/chris/Projects/Embedded/FunctionGeneratorCortexM4_SW/ILI9341" -I../Drivers/STM32G4xx_HAL_Driver/Inc/Legacy -I"/home/chris/Projects/Embedded/FunctionGeneratorCortexM4_SW/FunctionGeneratorCortexM4_SW_V1/Core/Src/DisplayManager" -I../Drivers/CMSIS/Include -I../Drivers/CMSIS/Device/ST/STM32G4xx/Include -I"/home/chris/Projects/Embedded/FunctionGeneratorCortexM4_SW/FunctionGeneratorCortexM4_SW_V1/Core/Src/SIgnalManager" -I../Core/Inc -I"/home/chris/Projects/Embedded/FunctionGeneratorCortexM4_SW/WaveTableGeneration" -I../Drivers/STM32G4xx_HAL_Driver/Inc -O0 -ffunction-sections -fdata-sections -Wall -fstack-usage -MMD -MP -MF"Core/Src/stm32g4xx_it.d" -MT"Core/Src/stm32g4xx_it.o" --specs=nano.specs -mfpu=fpv4-sp-d16 -mfloat-abi=hard -mthumb -o "Core/Src/stm32g4xx_it.o"
arm-none-eabi-gcc "../Core/Src/system_stm32g4xx.c" -mcpu=cortex-m4 -std=gnu11 -g3 -DUSE_ILI9341_SPIDMA -DUSE_HAL_DRIVER -DSTM32G474xx -DUSE_FULL_LL_DRIVER -DDEBUG -c -I"/home/chris/Projects/Embedded/FunctionGeneratorCortexM4_SW/FunctionGeneratorCortexM4_SW_V1/Core/Src/EventManager" -I"/home/chris/Projects/Embedded/FunctionGeneratorCortexM4_SW/WaveTableGeneration/icontables" -I"/home/chris/Projects/Embedded/FunctionGeneratorCortexM4_SW/LogSequenceGeneration" -I"/home/chris/Projects/Embedded/FunctionGeneratorCortexM4_SW/FunctionGeneratorCortexM4_SW_V1/Core/Src/InterruptManager" -I"/home/chris/Projects/Embedded/FunctionGeneratorCortexM4_SW/ILI9341" -I../Drivers/STM32G4xx_HAL_Driver/Inc/Legacy -I"/home/chris/Projects/Embedded/FunctionGeneratorCortexM4_SW/FunctionGeneratorCortexM4_SW_V1/Core/Src/DisplayManager" -I../Drivers/CMSIS/Include -I../Drivers/CMSIS/Device/ST/STM32G4xx/Include -I"/home/chris/Projects/Embedded/FunctionGeneratorCortexM4_SW/FunctionGeneratorCortexM4_SW_V1/Core/Src/SIgnalManager" -I../Core/Inc -I"/home/chris/Projects/Embedded/FunctionGeneratorCortexM4_SW/WaveTableGeneration" -I../Drivers/STM32G4xx_HAL_Driver/Inc -O0 -ffunction-sections -fdata-sections -Wall -fstack-usage -MMD -MP -MF"Core/Src/system_stm32g4xx.d" -MT"Core/Src/system_stm32g4xx.o" --specs=nano.specs -mfpu=fpv4-sp-d16 -mfloat-abi=hard -mthumb -o "Core/Src/system_stm32g4xx.o"
arm-none-eabi-gcc "../Core/Src/tim.c" -mcpu=cortex-m4 -std=gnu11 -g3 -DUSE_ILI9341_SPIDMA -DUSE_HAL_DRIVER -DSTM32G474xx -DUSE_FULL_LL_DRIVER -DDEBUG -c -I"/home/chris/Projects/Embedded/FunctionGeneratorCortexM4_SW/FunctionGeneratorCortexM4_SW_V1/Core/Src/EventManager" -I"/home/chris/Projects/Embedded/FunctionGeneratorCortexM4_SW/WaveTableGeneration/icontables" -I"/home/chris/Projects/Embedded/FunctionGeneratorCortexM4_SW/LogSequenceGeneration" -I"/home/chris/Projects/Embedded/FunctionGeneratorCortexM4_SW/FunctionGeneratorCortexM4_SW_V1/Core/Src/InterruptManager" -I"/home/chris/Projects/Embedded/FunctionGeneratorCortexM4_SW/ILI9341" -I../Drivers/STM32G4xx_HAL_Driver/Inc/Legacy -I"/home/chris/Projects/Embedded/FunctionGeneratorCortexM4_SW/FunctionGeneratorCortexM4_SW_V1/Core/Src/DisplayManager" -I../Drivers/CMSIS/Include -I../Drivers/CMSIS/Device/ST/STM32G4xx/Include -I"/home/chris/Projects/Embedded/FunctionGeneratorCortexM4_SW/FunctionGeneratorCortexM4_SW_V1/Core/Src/SIgnalManager" -I../Core/Inc -I"/home/chris/Projects/Embedded/FunctionGeneratorCortexM4_SW/WaveTableGeneration" -I../Drivers/STM32G4xx_HAL_Driver/Inc -O0 -ffunction-sections -fdata-sections -Wall -fstack-usage -MMD -MP -MF"Core/Src/tim.d" -MT"Core/Src/tim.o" --specs=nano.specs -mfpu=fpv4-sp-d16 -mfloat-abi=hard -mthumb -o "Core/Src/tim.o"
arm-none-eabi-gcc -o "FunctionGeneratorCortexM4_SW_V1.elf" @"objects.list"   -mcpu=cortex-m4 -T"/home/chris/Projects/Embedded/FunctionGeneratorCortexM4_SW/FunctionGeneratorCortexM4_SW_V1/STM32G474RETX_FLASH.ld" --specs=nosys.specs -Wl,-Map="FunctionGeneratorCortexM4_SW_V1.map" -Wl,--gc-sections -static --specs=nano.specs -mfpu=fpv4-sp-d16 -mfloat-abi=hard -mthumb -u _printf_float -Wl,--start-group -lc -lm -Wl,--end-group
Finished building target: FunctionGeneratorCortexM4_SW_V1.elf
 
arm-none-eabi-objdump -h -S  FunctionGeneratorCortexM4_SW_V1.elf  > "FunctionGeneratorCortexM4_SW_V1.list"
arm-none-eabi-objcopy  -O binary  FunctionGeneratorCortexM4_SW_V1.elf  "FunctionGeneratorCortexM4_SW_V1.bin"
arm-none-eabi-size   FunctionGeneratorCortexM4_SW_V1.elf 
   text	   data	    bss	    dec	    hex	filename
  93148	   8336	   4600	 106084	  19e64	FunctionGeneratorCortexM4_SW_V1.elf
Finished building: default.size.stdout
 
Finished building: FunctionGeneratorCortexM4_SW_V1.bin
 
Finished building: FunctionGeneratorCortexM4_SW_V1.list
 
